Archive member included because of file (symbol)

c:/isystem/winidea9/gcc/arm/bin/../lib/gcc/arm-none-eabi/4.9.3/../../../../arm-none-eabi/lib/cortex-m7\libc.a(lib_a-assert.o)
                              C:\propedeutico\SAMV7x\SAMV71x\app\01_scheduler_\SAMV71_Xplained_Ultra\Debug\pmc.o (__assert_func)
c:/isystem/winidea9/gcc/arm/bin/../lib/gcc/arm-none-eabi/4.9.3/../../../../arm-none-eabi/lib/cortex-m7\libc.a(lib_a-fiprintf.o)
                              c:/isystem/winidea9/gcc/arm/bin/../lib/gcc/arm-none-eabi/4.9.3/../../../../arm-none-eabi/lib/cortex-m7\libc.a(lib_a-assert.o) (fiprintf)
c:/isystem/winidea9/gcc/arm/bin/../lib/gcc/arm-none-eabi/4.9.3/../../../../arm-none-eabi/lib/cortex-m7\libc.a(lib_a-impure.o)
                              C:\propedeutico\SAMV7x\SAMV71x\app\01_scheduler_\SAMV71_Xplained_Ultra\Debug\dbg_console.o (_impure_ptr)
c:/isystem/winidea9/gcc/arm/bin/../lib/gcc/arm-none-eabi/4.9.3/../../../../arm-none-eabi/lib/cortex-m7\libc.a(lib_a-malloc.o)
                              C:\propedeutico\SAMV7x\SAMV71x\app\01_scheduler_\SAMV71_Xplained_Ultra\Debug\mem_alloc.o (malloc)
c:/isystem/winidea9/gcc/arm/bin/../lib/gcc/arm-none-eabi/4.9.3/../../../../arm-none-eabi/lib/cortex-m7\libc.a(lib_a-mallocr.o)
                              c:/isystem/winidea9/gcc/arm/bin/../lib/gcc/arm-none-eabi/4.9.3/../../../../arm-none-eabi/lib/cortex-m7\libc.a(lib_a-malloc.o) (_malloc_r)
c:/isystem/winidea9/gcc/arm/bin/../lib/gcc/arm-none-eabi/4.9.3/../../../../arm-none-eabi/lib/cortex-m7\libc.a(lib_a-mlock.o)
                              c:/isystem/winidea9/gcc/arm/bin/../lib/gcc/arm-none-eabi/4.9.3/../../../../arm-none-eabi/lib/cortex-m7\libc.a(lib_a-mallocr.o) (__malloc_lock)
c:/isystem/winidea9/gcc/arm/bin/../lib/gcc/arm-none-eabi/4.9.3/../../../../arm-none-eabi/lib/cortex-m7\libc.a(lib_a-printf.o)
                              C:\propedeutico\SAMV7x\SAMV71x\app\01_scheduler_\SAMV71_Xplained_Ultra\Debug\syscalls.o (printf)
c:/isystem/winidea9/gcc/arm/bin/../lib/gcc/arm-none-eabi/4.9.3/../../../../arm-none-eabi/lib/cortex-m7\libc.a(lib_a-putchar.o)
                              C:\propedeutico\SAMV7x\SAMV71x\app\01_scheduler_\SAMV71_Xplained_Ultra\Debug\dbg_console.o (putchar)
c:/isystem/winidea9/gcc/arm/bin/../lib/gcc/arm-none-eabi/4.9.3/../../../../arm-none-eabi/lib/cortex-m7\libc.a(lib_a-sbrkr.o)
                              c:/isystem/winidea9/gcc/arm/bin/../lib/gcc/arm-none-eabi/4.9.3/../../../../arm-none-eabi/lib/cortex-m7\libc.a(lib_a-mallocr.o) (_sbrk_r)
c:/isystem/winidea9/gcc/arm/bin/../lib/gcc/arm-none-eabi/4.9.3/../../../../arm-none-eabi/lib/cortex-m7\libc.a(lib_a-setvbuf.o)
                              C:\propedeutico\SAMV7x\SAMV71x\app\01_scheduler_\SAMV71_Xplained_Ultra\Debug\dbg_console.o (setvbuf)
c:/isystem/winidea9/gcc/arm/bin/../lib/gcc/arm-none-eabi/4.9.3/../../../../arm-none-eabi/lib/cortex-m7\libc.a(lib_a-vfiprintf.o)
                              c:/isystem/winidea9/gcc/arm/bin/../lib/gcc/arm-none-eabi/4.9.3/../../../../arm-none-eabi/lib/cortex-m7\libc.a(lib_a-fiprintf.o) (_vfiprintf_r)
c:/isystem/winidea9/gcc/arm/bin/../lib/gcc/arm-none-eabi/4.9.3/../../../../arm-none-eabi/lib/cortex-m7\libc.a(lib_a-vfprintf.o)
                              c:/isystem/winidea9/gcc/arm/bin/../lib/gcc/arm-none-eabi/4.9.3/../../../../arm-none-eabi/lib/cortex-m7\libc.a(lib_a-printf.o) (_vfprintf_r)
c:/isystem/winidea9/gcc/arm/bin/../lib/gcc/arm-none-eabi/4.9.3/../../../../arm-none-eabi/lib/cortex-m7\libc.a(lib_a-wsetup.o)
                              c:/isystem/winidea9/gcc/arm/bin/../lib/gcc/arm-none-eabi/4.9.3/../../../../arm-none-eabi/lib/cortex-m7\libc.a(lib_a-vfiprintf.o) (__swsetup_r)
c:/isystem/winidea9/gcc/arm/bin/../lib/gcc/arm-none-eabi/4.9.3/../../../../arm-none-eabi/lib/cortex-m7\libc.a(lib_a-abort.o)
                              c:/isystem/winidea9/gcc/arm/bin/../lib/gcc/arm-none-eabi/4.9.3/../../../../arm-none-eabi/lib/cortex-m7\libc.a(lib_a-assert.o) (abort)
c:/isystem/winidea9/gcc/arm/bin/../lib/gcc/arm-none-eabi/4.9.3/../../../../arm-none-eabi/lib/cortex-m7\libc.a(lib_a-dtoa.o)
                              c:/isystem/winidea9/gcc/arm/bin/../lib/gcc/arm-none-eabi/4.9.3/../../../../arm-none-eabi/lib/cortex-m7\libc.a(lib_a-vfprintf.o) (_dtoa_r)
c:/isystem/winidea9/gcc/arm/bin/../lib/gcc/arm-none-eabi/4.9.3/../../../../arm-none-eabi/lib/cortex-m7\libc.a(lib_a-fflush.o)
                              c:/isystem/winidea9/gcc/arm/bin/../lib/gcc/arm-none-eabi/4.9.3/../../../../arm-none-eabi/lib/cortex-m7\libc.a(lib_a-setvbuf.o) (_fflush_r)
c:/isystem/winidea9/gcc/arm/bin/../lib/gcc/arm-none-eabi/4.9.3/../../../../arm-none-eabi/lib/cortex-m7\libc.a(lib_a-findfp.o)
                              c:/isystem/winidea9/gcc/arm/bin/../lib/gcc/arm-none-eabi/4.9.3/../../../../arm-none-eabi/lib/cortex-m7\libc.a(lib_a-setvbuf.o) (_cleanup_r)
c:/isystem/winidea9/gcc/arm/bin/../lib/gcc/arm-none-eabi/4.9.3/../../../../arm-none-eabi/lib/cortex-m7\libc.a(lib_a-fputwc.o)
[...]
Memory Configuration

Name             Origin             Length             Attributes
rom              0x00400000         0x00200000         xr
heap_malloc      0x20400000         0x00010000         xrw
ram              0x20410000         0x00050000         xrw
sdram            0x70000000         0x00200000         xrw
*default*        0x00000000         0xffffffff

Linker script and memory map

LOAD C:\propedeutico\SAMV7x\SAMV71x\app\01_scheduler_\SAMV71_Xplained_Ultra\Debug\main.o
LOAD C:\propedeutico\SAMV7x\SAMV71x\app\01_scheduler_\SAMV71_Xplained_Ultra\Debug\system_sam.o
LOAD C:\propedeutico\SAMV7x\SAMV71x\app\01_scheduler_\SAMV71_Xplained_Ultra\Debug\syscalls.o
LOAD C:\propedeutico\SAMV7x\SAMV71x\app\01_scheduler_\SAMV71_Xplained_Ultra\Debug\app_scheduler.o
LOAD C:\propedeutico\SAMV7x\SAMV71x\app\01_scheduler_\SAMV71_Xplained_Ultra\Debug\app_tasks.o
LOAD C:\propedeutico\SAMV7x\SAMV71x\app\01_scheduler_\SAMV71_Xplained_Ultra\Debug\mem_alloc.o
LOAD C:\propedeutico\SAMV7x\SAMV71x\app\01_scheduler_\SAMV71_Xplained_Ultra\Debug\startup_sam.o
LOAD C:\propedeutico\SAMV7x\SAMV71x\app\01_scheduler_\SAMV71_Xplained_Ultra\Debug\board_lowlevel.o
LOAD C:\propedeutico\SAMV7x\SAMV71x\app\01_scheduler_\SAMV71_Xplained_Ultra\Debug\dbg_console.o
LOAD C:\propedeutico\SAMV7x\SAMV71x\app\01_scheduler_\SAMV71_Xplained_Ultra\Debug\led.o
LOAD C:\propedeutico\SAMV7x\SAMV71x\app\01_scheduler_\SAMV71_Xplained_Ultra\Debug\pmc.o
LOAD C:\propedeutico\SAMV7x\SAMV71x\app\01_scheduler_\SAMV71_Xplained_Ultra\Debug\pio.o
LOAD C:\propedeutico\SAMV7x\SAMV71x\app\01_scheduler_\SAMV71_Xplained_Ultra\Debug\mpu.o
LOAD C:\propedeutico\SAMV7x\SAMV71x\app\01_scheduler_\SAMV71_Xplained_Ultra\Debug\exceptions.o
LOAD C:\propedeutico\SAMV7x\SAMV71x\app\01_scheduler_\SAMV71_Xplained_Ultra\Debug\systick.o
LOAD C:\propedeutico\SAMV7x\SAMV71x\app\01_scheduler_\SAMV71_Xplained_Ultra\Debug\led_ctrl.o
                0x00002000                STACK_SIZE = DEFINED (STACK_SIZE)?STACK_SIZE:0x2000
                0x00001000                HEAP_SIZE = DEFINED (HEAP_SIZE)?HEAP_SIZE:0x1000
                0x00001000                heap_memsize = DEFINED (heap_memsize)?heap_memsize:0x1000

.text           0x00400000     0x8b20
                0x00400000                . = ALIGN (0x4)
                0x00400000                _sfixed = .
 *(.vectors .vectors.*)
 .vectors       0x00400000      0x140 C:\propedeutico\SAMV7x\SAMV71x\app\01_scheduler_\SAMV71_Xplained_Ultra\Debug\startup_sam.o
                0x00400000                exception_table
 *(.text .text.* .gnu.linkonce.t.*)
 .text          0x00400140       0x60 C:\propedeutico\SAMV7x\SAMV71x\app\01_scheduler_\SAMV71_Xplained_Ultra\Debug\main.o
                0x00400174                main
 .text          0x004001a0      0x378 C:\propedeutico\SAMV7x\SAMV71x\app\01_scheduler_\SAMV71_Xplained_Ultra\Debug\system_sam.o
                0x004001a0                SystemInit
                0x004002ac                SystemCoreClockUpdate
                0x00400414                system_init_flash
                0x004004a8                sysclk_enable_usb
                0x004004e4                sysclk_disable_usb
 .text          0x00400518      0x164 C:\propedeutico\SAMV7x\SAMV71x\app\01_scheduler_\SAMV71_Xplained_Ultra\Debug\syscalls.o
                0x00400518                _sbrk
                0x00400558                link
                0x00400574                _close
                0x0040058c                _fstat
                0x004005ac                _isatty
                0x004005c4                _lseek
                0x004005e0                _read
                0x004005fc                _write
                0x00400638                _exit
                0x00400650                _kill
                0x00400668                _getpid
 .text          0x0040067c      0x2c8 C:\propedeutico\SAMV7x\SAMV71x\app\01_scheduler_\SAMV71_Xplained_Ultra\Debug\app_scheduler.o
                0x0040067c                vfnScheduler_Init
                0x004006d8                vfnScheduler_Start
                0x00400700                vfnScheduler_Stop
                0x00400718                vfnScheduler_TaskStart
                0x00400744                vfnScheduler_TaskActivate
                0x00400768                vfnTask_Scheduler
                0x00400868                vfnScheduler_Callback
 .text          0x00400944       0xac C:\propedeutico\SAMV7x\SAMV71x\app\01_scheduler_\SAMV71_Xplained_Ultra\Debug\app_tasks.o
                0x00400944                TASKS_LIST_1MS
                0x00400964                TASKS_LIST_2MS_A
                0x00400984                TASKS_LIST_2MS_B
                0x00400990                TASKS_LIST_10MS
                0x004009b0                TASKS_LIST_50MS
                0x004009d0                TASKS_LIST_100MS
 .text          0x004009f0       0x98 C:\propedeutico\SAMV7x\SAMV71x\app\01_scheduler_\SAMV71_Xplained_Ultra\Debug\mem_alloc.o
                0x004009f0                Mem_Init
                0x00400a14                Mem_Alloc
 .text          0x00400a88       0xe0 C:\propedeutico\SAMV7x\SAMV71x\app\01_scheduler_\SAMV71_Xplained_Ultra\Debug\startup_sam.o
                0x00400ac8                Reset_Handler
                0x00400b60                DebugMon_Handler
                0x00400b60                UART3_Handler
                0x00400b60                UART2_Handler
                0x00400b60                TRNG_Handler
                0x00400b60                TC2_Handler
                0x00400b60                AFEC1_Handler
                0x00400b60                PendSV_Handler
                0x00400b60                TC7_Handler
                0x00400b60                QSPI_Handler
                0x00400b60                ISI_Handler
                0x00400b60                TC9_Handler
                0x00400b60                RSWDT_Handler
                0x00400b60                MCAN1_Handler
                0x00400b60                USART0_Handler
                0x00400b60                RTT_Handler
                0x00400b60                USBHS_Handler
                0x00400b60                CCF_Handler
                0x00400b60                PIOB_Handler
                0x00400b60                RTC_Handler
                0x00400b60                TC6_Handler
                0x00400b60                WDT_Handler
                0x00400b60                TC4_Handler
                0x00400b60                TC1_Handler
                0x00400b60                HSMCI_Handler
                0x00400b60                UART1_Handler
                0x00400b60                DACC_Handler
                0x00400b60                TC3_Handler
                0x00400b60                Dummy_Handler
                0x00400b60                TWIHS1_Handler
                0x00400b60                XDMAC_Handler
                0x00400b60                UART4_Handler
                0x00400b60                PWM1_Handler
                0x00400b60                USART1_Handler
                0x00400b60                PWM0_Handler
                0x00400b60                PIOA_Handler
                0x00400b60                AFEC0_Handler
                0x00400b60                CCW_Handler
                0x00400b60                TC11_Handler
                0x00400b60                SSC_Handler
                0x00400b60                ACC_Handler
                0x00400b60                PMC_Handler
                0x00400b60                GMAC_Handler
                0x00400b60                SUPC_Handler
                0x00400b60                SVC_Handler
                0x00400b60                TC8_Handler
                0x00400b60                GMACQ2_Handler
                0x00400b60                EFC_Handler
                0x00400b60                USART2_Handler
                0x00400b60                SDRAMC_Handler
                0x00400b60                PIOE_Handler
                0x00400b60                SPI1_Handler
                0x00400b60                MCAN0_Handler
                0x00400b60                TC10_Handler
                0x00400b60                PIOD_Handler
                0x00400b60                TWIHS2_Handler
                0x00400b60                MLB_Handler
                0x00400b60                UART0_Handler
                0x00400b60                GMACQ1_Handler
                0x00400b60                PIOC_Handler
                0x00400b60                MCAN1_Line1_Handler
                0x00400b60                FPU_Handler
                0x00400b60                RSTC_Handler
                0x00400b60                TC0_Handler
                0x00400b60                MCAN0_Line1_Handler
                0x00400b60                TC5_Handler
                0x00400b60                AES_Handler
                0x00400b60                ICM_Handler
                0x00400b60                TWIHS0_Handler
                0x00400b60                SPI0_Handler
 .text          0x00400b68      0x19c C:\propedeutico\SAMV7x\SAMV71x\app\01_scheduler_\SAMV71_Xplained_Ultra\Debug\board_lowlevel.o
                0x00400b68                _SetupMemoryRegion
                0x00400cf4                LowLevelInit
 .text          0x00400d04      0x56c C:\propedeutico\SAMV7x\SAMV71x\app\01_scheduler_\SAMV71_Xplained_Ultra\Debug\dbg_console.o
                0x00400d04                DBG_Configure
                0x00400db4                DBG_PutChar
                0x00400e08                DBG_GetChar
                0x00400e4c                DBG_IsRxReady
                0x00400e84                DBG_DumpFrame
                0x00400ec8                DBG_DumpMemory
                0x0040102c                DBG_GetInteger
                0x004010fc                DBG_GetIntegerMinMax
                0x0040115c                DBG_GetHexa32
                0x00401204                puts
                0x00401230                gets
 .text          0x00401270      0x76c C:\propedeutico\SAMV7x\SAMV71x\app\01_scheduler_\SAMV71_Xplained_Ultra\Debug\pmc.o
                0x00401344                PMC_EnablePeripheral
                0x004013d4                PMC_DisablePeripheral
                0x00401464                PMC_EnableAllPeripherals
                0x004014a4                PMC_DisableAllPeripherals
                0x004014e0                PMC_IsPeriphEnabled
                0x0040153c                PMC_EnableExtOsc
                0x004015b8                PMC_DisableExtOsc
                0x004015f4                PMC_SelectExtOsc
                0x00401660                PMC_SelectExtBypassOsc
                0x004016cc                PMC_EnableIntRC4_8_12MHz
                0x00401758                PMC_DisableIntRC4_8_12MHz
                0x0040179c                PMC_SetPllaClock
                0x004017f4                PMC_SetMckSelection
                0x00401838                PMC_DisableAllClocks
                0x00401888                PMC_ConfigureMckWithPlla
                0x004018c0                PMC_EnableXT32KFME
                0x004018ec                PMC_ConfigurePCK0
                0x0040193c                PMC_ConfigurePCK1
                0x0040198c                PMC_ConfigurePCK2
 .text          0x004019dc      0x540 C:\propedeutico\SAMV7x\SAMV71x\app\01_scheduler_\SAMV71_Xplained_Ultra\Debug\pio.o
                0x00401c4c                PIO_Configure
                0x00401db0                PIO_Set
                0x00401dcc                PIO_Clear
                0x00401de8                PIO_Get
                0x00401e30                PIO_GetOutputDataStatus
                0x00401e5c                PIO_SetDebounceFilter
                0x00401e98                PIO_EnableWriteProtect
                0x00401ebc                PIO_DisableWriteProtect
                0x00401ee0                PIO_GetWriteProtectViolationInfo
                0x00401f00                PIO_SetPinType
 .text          0x00401f1c       0xf0 C:\propedeutico\SAMV7x\SAMV71x\app\01_scheduler_\SAMV71_Xplained_Ultra\Debug\mpu.o
                0x00401f1c                MPU_Enable
                0x00401f38                MPU_SetRegionNum
                0x00401f54                MPU_DisableRegion
                0x00401f70                MPU_SetRegion
                0x00401f94                MPU_CalMPURegionSize
                0x00401fd4                MPU_UpdateRegions
 .text          0x0040200c       0xe8 C:\propedeutico\SAMV7x\SAMV71x\app\01_scheduler_\SAMV71_Xplained_Ultra\Debug\exceptions.o
                0x0040200c                NMI_Handler
                0x00402094                HardFault_Handler
                0x004020a8                MemManage_Handler
                0x004020c0                BusFault_Handler
                0x004020dc                UsageFault_Handler
 .text          0x004020f4       0xe8 C:\propedeutico\SAMV7x\SAMV71x\app\01_scheduler_\SAMV71_Xplained_Ultra\Debug\systick.o
                0x0040218c                sysTick_init
                0x004021c4                SysTick_Handler
 .text.__assert_func
                0x004021dc       0x3c c:/isystem/winidea9/gcc/arm/bin/../lib/gcc/arm-none-eabi/4.9.3/../../../../arm-none-eabi/lib/cortex-m7\libc.a(lib_a-assert.o)
                0x004021dc                __assert_func
 .text.fiprintf
                0x00402218       0x28 c:/isystem/winidea9/gcc/arm/bin/../lib/gcc/arm-none-eabi/4.9.3/../../../../arm-none-eabi/lib/cortex-m7\libc.a(lib_a-fiprintf.o)
                0x00402218                fiprintf
 .text.malloc   0x00402240       0x10 c:/isystem/winidea9/gcc/arm/bin/../lib/gcc/arm-none-eabi/4.9.3/../../../../arm-none-eabi/lib/cortex-m7\libc.a(lib_a-malloc.o)
                0x00402240                malloc
 .text._malloc_r
                0x00402250      0x558 c:/isystem/winidea9/gcc/arm/bin/../lib/gcc/arm-none-eabi/4.9.3/../../../../arm-none-eabi/lib/cortex-m7\libc.a(lib_a-mallocr.o)
                0x00402250                _malloc_r
 .text.__malloc_lock
                0x004027a8        0x4 c:/isystem/winidea9/gcc/arm/bin/../lib/gcc/arm-none-eabi/4.9.3/../../../../arm-none-eabi/lib/cortex-m7\libc.a(lib_a-mlock.o)
                0x004027a8                __malloc_lock
 .text.__malloc_unlock
                0x004027ac        0x4 c:/isystem/winidea9/gcc/arm/bin/../lib/gcc/arm-none-eabi/4.9.3/../../../../arm-none-eabi/lib/cortex-m7\libc.a(lib_a-mlock.o)
                0x004027ac                __malloc_unlock
 .text.printf   0x004027b0       0x28 c:/isystem/winidea9/gcc/arm/bin/../lib/gcc/arm-none-eabi/4.9.3/../../../../arm-none-eabi/lib/cortex-m7\libc.a(lib_a-printf.o)
                0x004027b0                printf
 .text.putchar  0x004027d8       0x10 c:/isystem/winidea9/gcc/arm/bin/../lib/gcc/arm-none-eabi/4.9.3/../../../../arm-none-eabi/lib/cortex-m7\libc.a(lib_a-putchar.o)
                0x004027d8                putchar
 .text._sbrk_r  0x004027e8       0x24 c:/isystem/winidea9/gcc/arm/bin/../lib/gcc/arm-none-eabi/4.9.3/../../../../arm-none-eabi/lib/cortex-m7\libc.a(lib_a-sbrkr.o)
                0x004027e8                _sbrk_r
 .text.setvbuf  0x0040280c       0xfc c:/isystem/winidea9/gcc/arm/bin/../lib/gcc/arm-none-eabi/4.9.3/../../../../arm-none-eabi/lib/cortex-m7\libc.a(lib_a-setvbuf.o)
                0x0040280c                setvbuf
 .text.__sprint_r.part.0
                0x00402908       0x78 c:/isystem/winidea9/gcc/arm/bin/../lib/gcc/arm-none-eabi/4.9.3/../../../../arm-none-eabi/lib/cortex-m7\libc.a(lib_a-vfiprintf.o)
 .text.__sprint_r
                0x00402980       0x18 c:/isystem/winidea9/gcc/arm/bin/../lib/gcc/arm-none-eabi/4.9.3/../../../../arm-none-eabi/lib/cortex-m7\libc.a(lib_a-vfiprintf.o)
                0x00402980                __sprint_r
 .text._vfiprintf_r
                0x00402998      0xbf4 c:/isystem/winidea9/gcc/arm/bin/../lib/gcc/arm-none-eabi/4.9.3/../../../../arm-none-eabi/lib/cortex-m7\libc.a(lib_a-vfiprintf.o)
                0x00402998                _vfiprintf_r
 .text.__sbprintf
                0x0040358c       0x80 c:/isystem/winidea9/gcc/arm/bin/../lib/gcc/arm-none-eabi/4.9.3/../../../../arm-none-eabi/lib/cortex-m7\libc.a(lib_a-vfiprintf.o)
 .text._vfprintf_r
                0x0040360c     0x1554 c:/isystem/winidea9/gcc/arm/bin/../lib/gcc/arm-none-eabi/4.9.3/../../../../arm-none-eabi/lib/cortex-m7\libc.a(lib_a-vfprintf.o)
                0x0040360c                _vfprintf_r
 .text.__sbprintf
                0x00404b60       0x80 c:/isystem/winidea9/gcc/arm/bin/../lib/gcc/arm-none-eabi/4.9.3/../../../../arm-none-eabi/lib/cortex-m7\libc.a(lib_a-vfprintf.o)
 .text.__swsetup_r
                0x00404be0       0xc4 c:/isystem/winidea9/gcc/arm/bin/../lib/gcc/arm-none-eabi/4.9.3/../../../../arm-none-eabi/lib/cortex-m7\libc.a(lib_a-wsetup.o)
                0x00404be0                __swsetup_r
 .text.abort    0x00404ca4       0x10 c:/isystem/winidea9/gcc/arm/bin/../lib/gcc/arm-none-eabi/4.9.3/../../../../arm-none-eabi/lib/cortex-m7\libc.a(lib_a-abort.o)
                0x00404ca4                abort
 .text.quorem   0x00404cb4      0x140 c:/isystem/winidea9/gcc/arm/bin/../lib/gcc/arm-none-eabi/4.9.3/../../../../arm-none-eabi/lib/cortex-m7\libc.a(lib_a-dtoa.o)
 *fill*         0x00404df4        0x4 
 .text._dtoa_r  0x00404df8      0xee8 c:/isystem/winidea9/gcc/arm/bin/../lib/gcc/arm-none-eabi/4.9.3/../../../../arm-none-eabi/lib/cortex-m7\libc.a(lib_a-dtoa.o)
                0x00404df8                _dtoa_r
 .text.__sflush_r
                0x00405ce0      0x148 c:/isystem/winidea9/gcc/arm/bin/../lib/gcc/arm-none-eabi/4.9.3/../../../../arm-none-eabi/lib/cortex-m7\libc.a(lib_a-fflush.o)
                0x00405ce0                __sflush_r
 .text._fflush_r
                0x00405e28       0x2c c:/isystem/winidea9/gcc/arm/bin/../lib/gcc/arm-none-eabi/4.9.3/../../../../arm-none-eabi/lib/cortex-m7\libc.a(lib_a-fflush.o)
                0x00405e28                _fflush_r
 .text._cleanup_r
                0x00405e54        0xc c:/isystem/winidea9/gcc/arm/bin/../lib/gcc/arm-none-eabi/4.9.3/../../../../arm-none-eabi/lib/cortex-m7\libc.a(lib_a-findfp.o)
                0x00405e54                _cleanup_r
 .text.__sinit.part.1
                0x00405e60       0xfc c:/isystem/winidea9/gcc/arm/bin/../lib/gcc/arm-none-eabi/4.9.3/../../../../arm-none-eabi/lib/cortex-m7\libc.a(lib_a-findfp.o)
 .text.__sinit  0x00405f5c        0xc c:/isystem/winidea9/gcc/arm/bin/../lib/gcc/arm-none-eabi/4.9.3/../../../../arm-none-eabi/lib/cortex-m7\libc.a(lib_a-findfp.o)
                0x00405f5c                __sinit
 .text.__sfp_lock_acquire
                0x00405f68        0x4 c:/isystem/winidea9/gcc/arm/bin/../lib/gcc/arm-none-eabi/4.9.3/../../../../arm-none-eabi/lib/cortex-m7\libc.a(lib_a-findfp.o)
                0x00405f68                __sfp_lock_acquire
 .text.__sfp_lock_release
                0x00405f6c        0x4 c:/isystem/winidea9/gcc/arm/bin/../lib/gcc/arm-none-eabi/4.9.3/../../../../arm-none-eabi/lib/cortex-m7\libc.a(lib_a-findfp.o)
                0x00405f6c                __sfp_lock_release
 .text.__fputwc
                0x00405f70       0xb0 c:/isystem/winidea9/gcc/arm/bin/../lib/gcc/arm-none-eabi/4.9.3/../../../../arm-none-eabi/lib/cortex-m7\libc.a(lib_a-fputwc.o)
                0x00405f70                __fputwc
 .text._fputwc_r
                0x00406020       0x24 c:/isystem/winidea9/gcc/arm/bin/../lib/gcc/arm-none-eabi/4.9.3/../../../../arm-none-eabi/lib/cortex-m7\libc.a(lib_a-fputwc.o)
                0x00406020                _fputwc_r
 .text._malloc_trim_r
                0x00406044       0x9c c:/isystem/winidea9/gcc/arm/bin/../lib/gcc/arm-none-eabi/4.9.3/../../../../arm-none-eabi/lib/cortex-m7\libc.a(lib_a-freer.o)
                0x00406044                _malloc_trim_r
 .text._free_r  0x004060e0      0x1b0 c:/isystem/winidea9/gcc/arm/bin/../lib/gcc/arm-none-eabi/4.9.3/../../../../arm-none-eabi/lib/cortex-m7\libc.a(lib_a-freer.o)
                0x004060e0                _free_r
 .text.__sfvwrite_r
                0x00406290      0x324 c:/isystem/winidea9/gcc/arm/bin/../lib/gcc/arm-none-eabi/4.9.3/../../../../arm-none-eabi/lib/cortex-m7\libc.a(lib_a-fvwrite.o)
                0x00406290                __sfvwrite_r
 .text._fwalk_reent
                0x004065b4       0x50 c:/isystem/winidea9/gcc/arm/bin/../lib/gcc/arm-none-eabi/4.9.3/../../../../arm-none-eabi/lib/cortex-m7\libc.a(lib_a-fwalk.o)
                0x004065b4                _fwalk_reent
 .text.__locale_charset
                0x00406604        0x8 c:/isystem/winidea9/gcc/arm/bin/../lib/gcc/arm-none-eabi/4.9.3/../../../../arm-none-eabi/lib/cortex-m7\libc.a(lib_a-locale.o)
                0x00406604                __locale_charset
 .text.__locale_mb_cur_max
                0x0040660c        0xc c:/isystem/winidea9/gcc/arm/bin/../lib/gcc/arm-none-eabi/4.9.3/../../../../arm-none-eabi/lib/cortex-m7\libc.a(lib_a-locale.o)
                0x0040660c                __locale_mb_cur_max
 .text._localeconv_r
                0x00406618        0x8 c:/isystem/winidea9/gcc/arm/bin/../lib/gcc/arm-none-eabi/4.9.3/../../../../arm-none-eabi/lib/cortex-m7\libc.a(lib_a-locale.o)
                0x00406618                _localeconv_r
 .text.__smakebuf_r
                0x00406620       0xe4 c:/isystem/winidea9/gcc/arm/bin/../lib/gcc/arm-none-eabi/4.9.3/../../../../arm-none-eabi/lib/cortex-m7\libc.a(lib_a-makebuf.o)
                0x00406620                __smakebuf_r
 .text.memchr   0x00406704       0x90 c:/isystem/winidea9/gcc/arm/bin/../lib/gcc/arm-none-eabi/4.9.3/../../../../arm-none-eabi/lib/cortex-m7\libc.a(lib_a-memchr.o)
                0x00406704                memchr
 .text          0x00406794      0x134 c:/isystem/winidea9/gcc/arm/bin/../lib/gcc/arm-none-eabi/4.9.3/../../../../arm-none-eabi/lib/cortex-m7\libc.a(lib_a-memcpy.o)
                0x00406794                memcpy
 .text.memmove  0x004068c8       0xc4 c:/isystem/winidea9/gcc/arm/bin/../lib/gcc/arm-none-eabi/4.9.3/../../../../arm-none-eabi/lib/cortex-m7\libc.a(lib_a-memmove.o)
                0x004068c8                memmove
 .text.memset   0x0040698c       0xa0 c:/isystem/winidea9/gcc/arm/bin/../lib/gcc/arm-none-eabi/4.9.3/../../../../arm-none-eabi/lib/cortex-m7\libc.a(lib_a-memset.o)
                0x0040698c                memset
 .text._Balloc  0x00406a2c       0x50 c:/isystem/winidea9/gcc/arm/bin/../lib/gcc/arm-none-eabi/4.9.3/../../../../arm-none-eabi/lib/cortex-m7\libc.a(lib_a-mprec.o)
                0x00406a2c                _Balloc
 .text._Bfree   0x00406a7c       0x14 c:/isystem/winidea9/gcc/arm/bin/../lib/gcc/arm-none-eabi/4.9.3/../../../../arm-none-eabi/lib/cortex-m7\libc.a(lib_a-mprec.o)
                0x00406a7c                _Bfree
 .text.__multadd
                0x00406a90       0x84 c:/isystem/winidea9/gcc/arm/bin/../lib/gcc/arm-none-eabi/4.9.3/../../../../arm-none-eabi/lib/cortex-m7\libc.a(lib_a-mprec.o)
                0x00406a90                __multadd
 .text.__hi0bits
                0x00406b14       0x44 c:/isystem/winidea9/gcc/arm/bin/../lib/gcc/arm-none-eabi/4.9.3/../../../../arm-none-eabi/lib/cortex-m7\libc.a(lib_a-mprec.o)
                0x00406b14                __hi0bits
 .text.__lo0bits
                0x00406b58       0x64 c:/isystem/winidea9/gcc/arm/bin/../lib/gcc/arm-none-eabi/4.9.3/../../../../arm-none-eabi/lib/cortex-m7\libc.a(lib_a-mprec.o)
                0x00406b58                __lo0bits
 .text.__i2b    0x00406bbc       0x14 c:/isystem/winidea9/gcc/arm/bin/../lib/gcc/arm-none-eabi/4.9.3/../../../../arm-none-eabi/lib/cortex-m7\libc.a(lib_a-mprec.o)
                0x00406bbc                __i2b
 .text.__multiply
                0x00406bd0      0x144 c:/isystem/winidea9/gcc/arm/bin/../lib/gcc/arm-none-eabi/4.9.3/../../../../arm-none-eabi/lib/cortex-m7\libc.a(lib_a-mprec.o)
                0x00406bd0                __multiply
 .text.__pow5mult
                0x00406d14       0xa0 c:/isystem/winidea9/gcc/arm/bin/../lib/gcc/arm-none-eabi/4.9.3/../../../../arm-none-eabi/lib/cortex-m7\libc.a(lib_a-mprec.o)
                0x00406d14                __pow5mult
 .text.__lshift
                0x00406db4       0xb4 c:/isystem/winidea9/gcc/arm/bin/../lib/gcc/arm-none-eabi/4.9.3/../../../../arm-none-eabi/lib/cortex-m7\libc.a(lib_a-mprec.o)
                0x00406db4                __lshift
 .text.__mcmp   0x00406e68       0x48 c:/isystem/winidea9/gcc/arm/bin/../lib/gcc/arm-none-eabi/4.9.3/../../../../arm-none-eabi/lib/cortex-m7\libc.a(lib_a-mprec.o)
                0x00406e68                __mcmp
 .text.__mdiff  0x00406eb0       0xe4 c:/isystem/winidea9/gcc/arm/bin/../lib/gcc/arm-none-eabi/4.9.3/../../../../arm-none-eabi/lib/cortex-m7\libc.a(lib_a-mprec.o)
                0x00406eb0                __mdiff
 .text.__d2b    0x00406f94       0xb0 c:/isystem/winidea9/gcc/arm/bin/../lib/gcc/arm-none-eabi/4.9.3/../../../../arm-none-eabi/lib/cortex-m7\libc.a(lib_a-mprec.o)
                0x00406f94                __d2b
 .text._putc_r  0x00407044       0x58 c:/isystem/winidea9/gcc/arm/bin/../lib/gcc/arm-none-eabi/4.9.3/../../../../arm-none-eabi/lib/cortex-m7\libc.a(lib_a-putc.o)
                0x00407044                _putc_r
 .text._realloc_r
                0x0040709c      0x3f0 c:/isystem/winidea9/gcc/arm/bin/../lib/gcc/arm-none-eabi/4.9.3/../../../../arm-none-eabi/lib/cortex-m7\libc.a(lib_a-reallocr.o)
                0x0040709c                _realloc_r
 .text.__fpclassifyd
                0x0040748c       0x44 c:/isystem/winidea9/gcc/arm/bin/../lib/gcc/arm-none-eabi/4.9.3/../../../../arm-none-eabi/lib/cortex-m7\libc.a(lib_a-s_fpclassify.o)
                0x0040748c                __fpclassifyd
 .text._raise_r
                0x004074d0       0x58 c:/isystem/winidea9/gcc/arm/bin/../lib/gcc/arm-none-eabi/4.9.3/../../../../arm-none-eabi/lib/cortex-m7\libc.a(lib_a-signal.o)
                0x004074d0                _raise_r
 .text.raise    0x00407528       0x10 c:/isystem/winidea9/gcc/arm/bin/../lib/gcc/arm-none-eabi/4.9.3/../../../../arm-none-eabi/lib/cortex-m7\libc.a(lib_a-signal.o)
                0x00407528                raise
 .text._kill_r  0x00407538       0x28 c:/isystem/winidea9/gcc/arm/bin/../lib/gcc/arm-none-eabi/4.9.3/../../../../arm-none-eabi/lib/cortex-m7\libc.a(lib_a-signalr.o)
                0x00407538                _kill_r
 .text._getpid_r
                0x00407560        0x4 c:/isystem/winidea9/gcc/arm/bin/../lib/gcc/arm-none-eabi/4.9.3/../../../../arm-none-eabi/lib/cortex-m7\libc.a(lib_a-signalr.o)
                0x00407560                _getpid_r
 .text.__sread  0x00407564       0x24 c:/isystem/winidea9/gcc/arm/bin/../lib/gcc/arm-none-eabi/4.9.3/../../../../arm-none-eabi/lib/cortex-m7\libc.a(lib_a-stdio.o)
                0x00407564                __sread
 .text.__swrite
                0x00407588       0x38 c:/isystem/winidea9/gcc/arm/bin/../lib/gcc/arm-none-eabi/4.9.3/../../../../arm-none-eabi/lib/cortex-m7\libc.a(lib_a-stdio.o)
                0x00407588                __swrite
 .text.__sseek  0x004075c0       0x24 c:/isystem/winidea9/gcc/arm/bin/../lib/gcc/arm-none-eabi/4.9.3/../../../../arm-none-eabi/lib/cortex-m7\libc.a(lib_a-stdio.o)
                0x004075c0                __sseek
 .text.__sclose
                0x004075e4        0x8 c:/isystem/winidea9/gcc/arm/bin/../lib/gcc/arm-none-eabi/4.9.3/../../../../arm-none-eabi/lib/cortex-m7\libc.a(lib_a-stdio.o)
                0x004075e4                __sclose
 .text.strlen   0x004075ec       0x5c c:/isystem/winidea9/gcc/arm/bin/../lib/gcc/arm-none-eabi/4.9.3/../../../../arm-none-eabi/lib/cortex-m7\libc.a(lib_a-strlen.o)
                0x004075ec                strlen
 .text.__swbuf_r
                0x00407648       0xa8 c:/isystem/winidea9/gcc/arm/bin/../lib/gcc/arm-none-eabi/4.9.3/../../../../arm-none-eabi/lib/cortex-m7\libc.a(lib_a-wbuf.o)
                0x00407648                __swbuf_r
 .text._wcrtomb_r
                0x004076f0       0x54 c:/isystem/winidea9/gcc/arm/bin/../lib/gcc/arm-none-eabi/4.9.3/../../../../arm-none-eabi/lib/cortex-m7\libc.a(lib_a-wcrtomb.o)
                0x004076f0                _wcrtomb_r
 .text.__ascii_wctomb
                0x00407744       0x18 c:/isystem/winidea9/gcc/arm/bin/../lib/gcc/arm-none-eabi/4.9.3/../../../../arm-none-eabi/lib/cortex-m7\libc.a(lib_a-wctomb_r.o)
                0x00407744                __ascii_wctomb
 .text._write_r
                0x0040775c       0x28 c:/isystem/winidea9/gcc/arm/bin/../lib/gcc/arm-none-eabi/4.9.3/../../../../arm-none-eabi/lib/cortex-m7\libc.a(lib_a-writer.o)
                0x0040775c                _write_r
 .text._calloc_r
                0x00407784       0x60 c:/isystem/winidea9/gcc/arm/bin/../lib/gcc/arm-none-eabi/4.9.3/../../../../arm-none-eabi/lib/cortex-m7\libc.a(lib_a-callocr.o)
                0x00407784                _calloc_r
 .text._close_r
                0x004077e4       0x24 c:/isystem/winidea9/gcc/arm/bin/../lib/gcc/arm-none-eabi/4.9.3/../../../../arm-none-eabi/lib/cortex-m7\libc.a(lib_a-closer.o)
                0x004077e4                _close_r
 .text._fclose_r
                0x00407808       0x84 c:/isystem/winidea9/gcc/arm/bin/../lib/gcc/arm-none-eabi/4.9.3/../../../../arm-none-eabi/lib/cortex-m7\libc.a(lib_a-fclose.o)
                0x00407808                _fclose_r
 .text._fstat_r
                0x0040788c       0x28 c:/isystem/winidea9/gcc/arm/bin/../lib/gcc/arm-none-eabi/4.9.3/../../../../arm-none-eabi/lib/cortex-m7\libc.a(lib_a-fstatr.o)
                0x0040788c                _fstat_r
 .text._isatty_r
                0x004078b4       0x24 c:/isystem/winidea9/gcc/arm/bin/../lib/gcc/arm-none-eabi/4.9.3/../../../../arm-none-eabi/lib/cortex-m7\libc.a(lib_a-isattyr.o)
                0x004078b4                _isatty_r
 .text._lseek_r
                0x004078d8       0x28 c:/isystem/winidea9/gcc/arm/bin/../lib/gcc/arm-none-eabi/4.9.3/../../../../arm-none-eabi/lib/cortex-m7\libc.a(lib_a-lseekr.o)
                0x004078d8                _lseek_r
 .text._read_r  0x00407900       0x28 c:/isystem/winidea9/gcc/arm/bin/../lib/gcc/arm-none-eabi/4.9.3/../../../../arm-none-eabi/lib/cortex-m7\libc.a(lib_a-readr.o)
                0x00407900                _read_r
 .text          0x00407928      0x370 c:/isystem/winidea9/gcc/arm/bin/../lib/gcc/arm-none-eabi/4.9.3/cortex-m7\libgcc.a(_arm_addsubdf3.o)
                0x00407928                __aeabi_drsub
                0x00407930                __aeabi_dsub
                0x00407930                __subdf3
                0x00407934                __aeabi_dadd
                0x00407934                __adddf3
                0x00407bac                __floatunsidf
                0x00407bac                __aeabi_ui2d
                0x00407bcc                __floatsidf
                0x00407bcc                __aeabi_i2d
                0x00407bf0                __aeabi_f2d
                0x00407bf0                __extendsfdf2
                0x00407c2c                __floatundidf
                0x00407c2c                __aeabi_ul2d
                0x00407c3c                __floatdidf
                0x00407c3c                __aeabi_l2d
 .text          0x00407c98      0x424 c:/isystem/winidea9/gcc/arm/bin/../lib/gcc/arm-none-eabi/4.9.3/cortex-m7\libgcc.a(_arm_muldivdf3.o)
                0x00407c98                __aeabi_dmul
                0x00407c98                __muldf3
                0x00407eec                __divdf3
                0x00407eec                __aeabi_ddiv
 .text          0x004080bc      0x110 c:/isystem/winidea9/gcc/arm/bin/../lib/gcc/arm-none-eabi/4.9.3/cortex-m7\libgcc.a(_arm_cmpdf2.o)
                0x004080bc                __gtdf2
                0x004080bc                __gedf2
                0x004080c4                __ltdf2
                0x004080c4                __ledf2
                0x004080cc                __nedf2
                0x004080cc                __eqdf2
                0x004080cc                __cmpdf2
                0x00408148                __aeabi_cdrcmple
                0x00408158                __aeabi_cdcmpeq
                0x00408158                __aeabi_cdcmple
                0x00408168                __aeabi_dcmpeq
                0x0040817c                __aeabi_dcmplt
                0x00408190                __aeabi_dcmple
                0x004081a4                __aeabi_dcmpge
                0x004081b8                __aeabi_dcmpgt
 .text          0x004081cc       0x50 c:/isystem/winidea9/gcc/arm/bin/../lib/gcc/arm-none-eabi/4.9.3/cortex-m7\libgcc.a(_arm_fixdfsi.o)
                0x004081cc                __aeabi_d2iz
                0x004081cc                __fixdfsi
 .text          0x0040821c       0x30 c:/isystem/winidea9/gcc/arm/bin/../lib/gcc/arm-none-eabi/4.9.3/cortex-m7\libgcc.a(_aeabi_uldivmod.o)
                0x0040821c                __aeabi_uldivmod
 .text          0x0040824c       0x60 c:/isystem/winidea9/gcc/arm/bin/../lib/gcc/arm-none-eabi/4.9.3/cortex-m7\libgcc.a(bpabi.o)
                0x0040824c                __gnu_ldivmod_helper
                0x0040827c                __gnu_uldivmod_helper
 .text          0x004082ac        0x4 c:/isystem/winidea9/gcc/arm/bin/../lib/gcc/arm-none-eabi/4.9.3/cortex-m7\libgcc.a(_dvmd_tls.o)
                0x004082ac                __aeabi_idiv0
                0x004082ac                __aeabi_ldiv0
 .text          0x004082b0      0x284 c:/isystem/winidea9/gcc/arm/bin/../lib/gcc/arm-none-eabi/4.9.3/cortex-m7\libgcc.a(_divdi3.o)
                0x004082b0                __divdi3
 .text          0x00408534      0x248 c:/isystem/winidea9/gcc/arm/bin/../lib/gcc/arm-none-eabi/4.9.3/cortex-m7\libgcc.a(_udivdi3.o)
                0x00408534                __udivdi3
 *(.glue_7t)
 .glue_7t       0x00000000        0x0 linker stubs
 *(.glue_7)
 .glue_7        0x00000000        0x0 linker stubs
 *(.rodata .rodata* .gnu.linkonce.r.*)
 .rodata        0x0040877c       0x19 C:\propedeutico\SAMV7x\SAMV71x\app\01_scheduler_\SAMV71_Xplained_Ultra\Debug\syscalls.o
 *fill*         0x00408795        0x3 
 .rodata        0x00408798       0xf7 C:\propedeutico\SAMV7x\SAMV71x\app\01_scheduler_\SAMV71_Xplained_Ultra\Debug\dbg_console.o
 *fill*         0x0040888f        0x1 
 .rodata        0x00408890       0xa8 C:\propedeutico\SAMV7x\SAMV71x\app\01_scheduler_\SAMV71_Xplained_Ultra\Debug\pmc.o
 .rodata.str1.4
                0x00408938       0x3f c:/isystem/winidea9/gcc/arm/bin/../lib/gcc/arm-none-eabi/4.9.3/../../../../arm-none-eabi/lib/cortex-m7\libc.a(lib_a-assert.o)
                                 0x43 (size before relaxing)
 *fill*         0x00408977        0x1 
 .rodata.str1.4
                0x00408978        0x2 c:/isystem/winidea9/gcc/arm/bin/../lib/gcc/arm-none-eabi/4.9.3/../../../../arm-none-eabi/lib/cortex-m7\libc.a(lib_a-impure.o)
 *fill*         0x0040897a        0x2 
 .rodata.zeroes.6869
                0x0040897c       0x10 c:/isystem/winidea9/gcc/arm/bin/../lib/gcc/arm-none-eabi/4.9.3/../../../../arm-none-eabi/lib/cortex-m7\libc.a(lib_a-vfiprintf.o)
 .rodata.str1.4
                0x0040898c       0x2f c:/isystem/winidea9/gcc/arm/bin/../lib/gcc/arm-none-eabi/4.9.3/../../../../arm-none-eabi/lib/cortex-m7\libc.a(lib_a-vfiprintf.o)
 *fill*         0x004089bb        0x1 
 .rodata.blanks.6868
                0x004089bc       0x10 c:/isystem/winidea9/gcc/arm/bin/../lib/gcc/arm-none-eabi/4.9.3/../../../../arm-none-eabi/lib/cortex-m7\libc.a(lib_a-vfiprintf.o)
 .rodata.zeroes.6926
                0x004089cc       0x10 c:/isystem/winidea9/gcc/arm/bin/../lib/gcc/arm-none-eabi/4.9.3/../../../../arm-none-eabi/lib/cortex-m7\libc.a(lib_a-vfprintf.o)
 .rodata.str1.4
                0x004089dc       0x12 c:/isystem/winidea9/gcc/arm/bin/../lib/gcc/arm-none-eabi/4.9.3/../../../../arm-none-eabi/lib/cortex-m7\libc.a(lib_a-vfprintf.o)
                                 0x42 (size before relaxing)
 *fill*         0x004089ee        0x2 
 .rodata.blanks.6925
                0x004089f0       0x10 c:/isystem/winidea9/gcc/arm/bin/../lib/gcc/arm-none-eabi/4.9.3/../../../../arm-none-eabi/lib/cortex-m7\libc.a(lib_a-vfprintf.o)
 .rodata.str1.4
                0x00408a00       0x10 c:/isystem/winidea9/gcc/arm/bin/../lib/gcc/arm-none-eabi/4.9.3/../../../../arm-none-eabi/lib/cortex-m7\libc.a(lib_a-dtoa.o)
                                 0x12 (size before relaxing)
 .rodata.str1.4
                0x00408a10        0xc c:/isystem/winidea9/gcc/arm/bin/../lib/gcc/arm-none-eabi/4.9.3/../../../../arm-none-eabi/lib/cortex-m7\libc.a(lib_a-locale.o)
                                 0x12 (size before relaxing)
 *fill*         0x00408a1c        0x4 
 .rodata.__mprec_tens
                0x00408a20       0xc8 c:/isystem/winidea9/gcc/arm/bin/../lib/gcc/arm-none-eabi/4.9.3/../../../../arm-none-eabi/lib/cortex-m7\libc.a(lib_a-mprec.o)
                0x00408a20                __mprec_tens
 .rodata.p05.5302
                0x00408ae8        0xc c:/isystem/winidea9/gcc/arm/bin/../lib/gcc/arm-none-eabi/4.9.3/../../../../arm-none-eabi/lib/cortex-m7\libc.a(lib_a-mprec.o)
 *fill*         0x00408af4        0x4 
 .rodata.__mprec_bigtens
                0x00408af8       0x28 c:/isystem/winidea9/gcc/arm/bin/../lib/gcc/arm-none-eabi/4.9.3/../../../../arm-none-eabi/lib/cortex-m7\libc.a(lib_a-mprec.o)
                0x00408af8                __mprec_bigtens
 *(.ARM.extab* .gnu.linkonce.armextab.*)
                0x00408b20                . = ALIGN (0x4)
 *(.init)
                0x00408b20                . = ALIGN (0x4)
                0x00408b20                __preinit_array_start = .
 *(.preinit_array)
                0x00408b20                __preinit_array_end = .
                0x00408b20                . = ALIGN (0x4)
                0x00408b20                __init_array_start = .
 *(SORT(.init_array.*))
 *(.init_array)
                0x00408b20                __init_array_end = .
                0x00408b20                . = ALIGN (0x4)
 *crtbegin.o(.ctors)
 *(EXCLUDE_FILE(*crtend.o) .ctors)
 *(SORT(.ctors.*))
 *crtend.o(.ctors)
                0x00408b20                . = ALIGN (0x4)
 *(.fini)
                0x00408b20                . = ALIGN (0x4)
                0x00408b20                __fini_array_start = .
 *(.fini_array)
 *(SORT(.fini_array.*))
                0x00408b20                __fini_array_end = .
 *crtbegin.o(.dtors)
 *(EXCLUDE_FILE(*crtend.o) .dtors)
 *(SORT(.dtors.*))
 *crtend.o(.dtors)
                0x00408b20                . = ALIGN (0x4)
                0x00408b20                _efixed = .
                0x00408b20                PROVIDE (__exidx_start, .)

.vfp11_veneer   0x00408b20        0x0
 .vfp11_veneer  0x00000000        0x0 linker stubs

.v4_bx          0x00408b20        0x0
 .v4_bx         0x00000000        0x0 linker stubs

.iplt           0x00408b20        0x0
 .iplt          0x00000000        0x0 C:\propedeutico\SAMV7x\SAMV71x\app\01_scheduler_\SAMV71_Xplained_Ultra\Debug\main.o

.igot.plt       0x00408b20        0x0
 .igot.plt      0x00000000        0x0 C:\propedeutico\SAMV7x\SAMV71x\app\01_scheduler_\SAMV71_Xplained_Ultra\Debug\main.o

.ARM.exidx      0x00408b20        0x8
 *(.ARM.exidx* .gnu.linkonce.armexidx.*)
 .ARM.exidx     0x00408b20        0x8 c:/isystem/winidea9/gcc/arm/bin/../lib/gcc/arm-none-eabi/4.9.3/cortex-m7\libgcc.a(_divdi3.o)
 .ARM.exidx     0x00408b28        0x0 c:/isystem/winidea9/gcc/arm/bin/../lib/gcc/arm-none-eabi/4.9.3/cortex-m7\libgcc.a(_udivdi3.o)
                                  0x8 (size before relaxing)
                0x00408b28                PROVIDE (__exidx_end, .)

.rel.dyn        0x00408b28        0x0
 .rel.iplt      0x00000000        0x0 C:\propedeutico\SAMV7x\SAMV71x\app\01_scheduler_\SAMV71_Xplained_Ultra\Debug\main.o
                0x00408b28                . = ALIGN (0x4)
                0x00408b28                _etext = .

.relocate       0x20410000      0x8fc load address 0x00408b28
                0x20410000                . = ALIGN (0x4)
                0x20410000                _srelocate = .
 *(.ramfunc .ramfunc.*)
 *(.data .data.*)
 .data          0x20410000        0x4 C:\propedeutico\SAMV7x\SAMV71x\app\01_scheduler_\SAMV71_Xplained_Ultra\Debug\system_sam.o
                0x20410000                SystemCoreClock
 .data          0x20410004       0x48 C:\propedeutico\SAMV7x\SAMV71x\app\01_scheduler_\SAMV71_Xplained_Ultra\Debug\app_scheduler.o
                0x20410004                TimeTriggeredTasks
 .data          0x2041004c       0x10 C:\propedeutico\SAMV7x\SAMV71x\app\01_scheduler_\SAMV71_Xplained_Ultra\Debug\mem_alloc.o
                0x2041004c                MemControl
 *fill*         0x2041005c        0x4 
 .data.impure_data
                0x20410060      0x428 c:/isystem/winidea9/gcc/arm/bin/../lib/gcc/arm-none-eabi/4.9.3/../../../../arm-none-eabi/lib/cortex-m7\libc.a(lib_a-impure.o)
 .data._impure_ptr
                0x20410488        0x4 c:/isystem/winidea9/gcc/arm/bin/../lib/gcc/arm-none-eabi/4.9.3/../../../../arm-none-eabi/lib/cortex-m7\libc.a(lib_a-impure.o)
                0x20410488                _impure_ptr
 .data.__malloc_av_
                0x2041048c      0x408 c:/isystem/winidea9/gcc/arm/bin/../lib/gcc/arm-none-eabi/4.9.3/../../../../arm-none-eabi/lib/cortex-m7\libc.a(lib_a-mallocr.o)
                0x2041048c                __malloc_av_
 .data.__malloc_trim_threshold
                0x20410894        0x4 c:/isystem/winidea9/gcc/arm/bin/../lib/gcc/arm-none-eabi/4.9.3/../../../../arm-none-eabi/lib/cortex-m7\libc.a(lib_a-mallocr.o)
                0x20410894                __malloc_trim_threshold
 .data.__malloc_sbrk_base
                0x20410898        0x4 c:/isystem/winidea9/gcc/arm/bin/../lib/gcc/arm-none-eabi/4.9.3/../../../../arm-none-eabi/lib/cortex-m7\libc.a(lib_a-mallocr.o)
                0x20410898                __malloc_sbrk_base
 .data.lconv    0x2041089c       0x38 c:/isystem/winidea9/gcc/arm/bin/../lib/gcc/arm-none-eabi/4.9.3/../../../../arm-none-eabi/lib/cortex-m7\libc.a(lib_a-locale.o)
 .data.lc_ctype_charset
                0x204108d4       0x20 c:/isystem/winidea9/gcc/arm/bin/../lib/gcc/arm-none-eabi/4.9.3/../../../../arm-none-eabi/lib/cortex-m7\libc.a(lib_a-locale.o)
 .data.__mb_cur_max
                0x204108f4        0x4 c:/isystem/winidea9/gcc/arm/bin/../lib/gcc/arm-none-eabi/4.9.3/../../../../arm-none-eabi/lib/cortex-m7\libc.a(lib_a-locale.o)
                0x204108f4                __mb_cur_max
 .data.__wctomb
                0x204108f8        0x4 c:/isystem/winidea9/gcc/arm/bin/../lib/gcc/arm-none-eabi/4.9.3/../../../../arm-none-eabi/lib/cortex-m7\libc.a(lib_a-wctomb_r.o)
                0x204108f8                __wctomb
                0x204108fc                . = ALIGN (0x4)
                0x204108fc                _erelocate = .

.bss            0x204108fc       0x7c load address 0x00409424
                0x204108fc                . = ALIGN (0x4)
                0x204108fc                _sbss = .
                0x204108fc                _szero = .
 *(.bss .bss.*)
 .bss           0x204108fc        0xc C:\propedeutico\SAMV7x\SAMV71x\app\01_scheduler_\SAMV71_Xplained_Ultra\Debug\syscalls.o
 .bss           0x20410908       0x1c C:\propedeutico\SAMV7x\SAMV71x\app\01_scheduler_\SAMV71_Xplained_Ultra\Debug\app_tasks.o
                0x20410910                ptrTask_1ms
                0x20410914                ptrTask_2ms
                0x20410918                ptrTask_10ms
                0x2041091c                ptrTask_50ms
                0x20410920                ptrTask_100ms
 .bss           0x20410924        0x6 C:\propedeutico\SAMV7x\SAMV71x\app\01_scheduler_\SAMV71_Xplained_Ultra\Debug\dbg_console.o
 *fill*         0x2041092a        0x2 
 .bss           0x2041092c        0xc C:\propedeutico\SAMV7x\SAMV71x\app\01_scheduler_\SAMV71_Xplained_Ultra\Debug\systick.o
                0x20410934                pfctnSysTick
 .bss.__malloc_max_total_mem
                0x20410938        0x4 c:/isystem/winidea9/gcc/arm/bin/../lib/gcc/arm-none-eabi/4.9.3/../../../../arm-none-eabi/lib/cortex-m7\libc.a(lib_a-mallocr.o)
                0x20410938                __malloc_max_total_mem
 .bss.__malloc_max_sbrked_mem
                0x2041093c        0x4 c:/isystem/winidea9/gcc/arm/bin/../lib/gcc/arm-none-eabi/4.9.3/../../../../arm-none-eabi/lib/cortex-m7\libc.a(lib_a-mallocr.o)
                0x2041093c                __malloc_max_sbrked_mem
 .bss.__malloc_top_pad
                0x20410940        0x4 c:/isystem/winidea9/gcc/arm/bin/../lib/gcc/arm-none-eabi/4.9.3/../../../../arm-none-eabi/lib/cortex-m7\libc.a(lib_a-mallocr.o)
                0x20410940                __malloc_top_pad
 .bss.__malloc_current_mallinfo
                0x20410944       0x28 c:/isystem/winidea9/gcc/arm/bin/../lib/gcc/arm-none-eabi/4.9.3/../../../../arm-none-eabi/lib/cortex-m7\libc.a(lib_a-mallocr.o)
                0x20410944                __malloc_current_mallinfo
 *(COMMON)
 COMMON         0x2041096c        0x8 C:\propedeutico\SAMV7x\SAMV71x\app\01_scheduler_\SAMV71_Xplained_Ultra\Debug\app_scheduler.o
                0x2041096c                u8_50ms_Counter
                0x2041096d                gu8Scheduler_Status
                0x2041096e                TaskScheduler_Task_ID_Running
                0x2041096f                u8_10ms_Counter
                0x20410970                u8_100ms_Counter
                0x20410971                gu8Scheduler_Counter
                0x20410972                TaskScheduler_Task_ID_Activated
                0x20410973                TasksScheduler_Task_ID_Backup
 COMMON         0x20410974        0x4 c:/isystem/winidea9/gcc/arm/bin/../lib/gcc/arm-none-eabi/4.9.3/../../../../arm-none-eabi/lib/cortex-m7\libc.a(lib_a-reent.o)
                0x20410974                errno
                0x20410978                . = ALIGN (0x4)
                0x20410978                _ebss = .
                0x20410978                _ezero = .

.stack          0x20410978     0x2000 load address 0x004094a0
                0x20410978                . = ALIGN (0x8)
                0x20410978                _sstack = .
                0x20412978                . = (. + STACK_SIZE)
 *fill*         0x20410978     0x2000 
                0x20412978                . = ALIGN (0x8)
                0x20412978                _estack = .

.heap           0x20412978     0x1000 load address 0x0040b4a0
                0x20412978                _heap_mem_start = .
                0x20412978                . = ALIGN (0x8)
                0x20412978                _sheap = .
                0x20413978                . = (. + HEAP_SIZE)
 *fill*         0x20412978     0x1000 
                0x20413978                . = ALIGN (0x8)
                0x20413978                _eheap = .
                0x20413978                _heap_mem_end = .
                0x20413978                . = ALIGN (0x4)
                0x20413978                _end = .
                0x2045ffff                _ram_end_ = ((ORIGIN (ram) + 0x50000) - 0x1)
                0x20413978                _sdram_lma = .

sdram_region
 *(sdram_region)
LOAD c:/isystem/winidea9/gcc/arm/bin/../lib/gcc/arm-none-eabi/4.9.3/../../../../arm-none-eabi/lib/cortex-m7\libc.a
LOAD c:/isystem/winidea9/gcc/arm/bin/../lib/gcc/arm-none-eabi/4.9.3/cortex-m7\libgcc.a
LOAD c:/isystem/winidea9/gcc/arm/bin/../lib/gcc/arm-none-eabi/4.9.3/../../../../arm-none-eabi/lib/cortex-m7\libm.a
OUTPUT(tau.elf elf32-littlearm)

.debug_info     0x00000000     0x5c57
 .debug_info    0x00000000      0x508 C:\propedeutico\SAMV7x\SAMV71x\app\01_scheduler_\SAMV71_Xplained_Ultra\Debug\main.o
 .debug_info    0x00000508      0x515 C:\propedeutico\SAMV7x\SAMV71x\app\01_scheduler_\SAMV71_Xplained_Ultra\Debug\system_sam.o
 .debug_info    0x00000a1d      0x4cc C:\propedeutico\SAMV7x\SAMV71x\app\01_scheduler_\SAMV71_Xplained_Ultra\Debug\syscalls.o
 .debug_info    0x00000ee9      0x309 C:\propedeutico\SAMV7x\SAMV71x\app\01_scheduler_\SAMV71_Xplained_Ultra\Debug\app_scheduler.o
 .debug_info    0x000011f2      0x1b9 C:\propedeutico\SAMV7x\SAMV71x\app\01_scheduler_\SAMV71_Xplained_Ultra\Debug\app_tasks.o
 .debug_info    0x000013ab      0x23a C:\propedeutico\SAMV7x\SAMV71x\app\01_scheduler_\SAMV71_Xplained_Ultra\Debug\mem_alloc.o
 .debug_info    0x000015e5      0x9c8 C:\propedeutico\SAMV7x\SAMV71x\app\01_scheduler_\SAMV71_Xplained_Ultra\Debug\startup_sam.o
 .debug_info    0x00001fad      0x4f5 C:\propedeutico\SAMV7x\SAMV71x\app\01_scheduler_\SAMV71_Xplained_Ultra\Debug\board_lowlevel.o
 .debug_info    0x000024a2     0x14dc C:\propedeutico\SAMV7x\SAMV71x\app\01_scheduler_\SAMV71_Xplained_Ultra\Debug\dbg_console.o
 .debug_info    0x0000397e      0x78b C:\propedeutico\SAMV7x\SAMV71x\app\01_scheduler_\SAMV71_Xplained_Ultra\Debug\pmc.o
 .debug_info    0x00004109      0xa00 C:\propedeutico\SAMV7x\SAMV71x\app\01_scheduler_\SAMV71_Xplained_Ultra\Debug\pio.o
 .debug_info    0x00004b09      0x327 C:\propedeutico\SAMV7x\SAMV71x\app\01_scheduler_\SAMV71_Xplained_Ultra\Debug\mpu.o
 .debug_info    0x00004e30      0x59c C:\propedeutico\SAMV7x\SAMV71x\app\01_scheduler_\SAMV71_Xplained_Ultra\Debug\exceptions.o
 .debug_info    0x000053cc      0x88b C:\propedeutico\SAMV7x\SAMV71x\app\01_scheduler_\SAMV71_Xplained_Ultra\Debug\systick.o

.debug_abbrev   0x00000000     0x13bd
 .debug_abbrev  0x00000000      0x12b C:\propedeutico\SAMV7x\SAMV71x\app\01_scheduler_\SAMV71_Xplained_Ultra\Debug\main.o
 .debug_abbrev  0x0000012b      0x127 C:\propedeutico\SAMV7x\SAMV71x\app\01_scheduler_\SAMV71_Xplained_Ultra\Debug\system_sam.o
 .debug_abbrev  0x00000252      0x15e C:\propedeutico\SAMV7x\SAMV71x\app\01_scheduler_\SAMV71_Xplained_Ultra\Debug\syscalls.o
 .debug_abbrev  0x000003b0      0x14f C:\propedeutico\SAMV7x\SAMV71x\app\01_scheduler_\SAMV71_Xplained_Ultra\Debug\app_scheduler.o
 .debug_abbrev  0x000004ff       0xb0 C:\propedeutico\SAMV7x\SAMV71x\app\01_scheduler_\SAMV71_Xplained_Ultra\Debug\app_tasks.o
 .debug_abbrev  0x000005af      0x11e C:\propedeutico\SAMV7x\SAMV71x\app\01_scheduler_\SAMV71_Xplained_Ultra\Debug\mem_alloc.o
 .debug_abbrev  0x000006cd      0x1a0 C:\propedeutico\SAMV7x\SAMV71x\app\01_scheduler_\SAMV71_Xplained_Ultra\Debug\startup_sam.o
 .debug_abbrev  0x0000086d      0x12f C:\propedeutico\SAMV7x\SAMV71x\app\01_scheduler_\SAMV71_Xplained_Ultra\Debug\board_lowlevel.o
 .debug_abbrev  0x0000099c      0x26e C:\propedeutico\SAMV7x\SAMV71x\app\01_scheduler_\SAMV71_Xplained_Ultra\Debug\dbg_console.o
 .debug_abbrev  0x00000c0a      0x1ce C:\propedeutico\SAMV7x\SAMV71x\app\01_scheduler_\SAMV71_Xplained_Ultra\Debug\pmc.o
 .debug_abbrev  0x00000dd8      0x19d C:\propedeutico\SAMV7x\SAMV71x\app\01_scheduler_\SAMV71_Xplained_Ultra\Debug\pio.o
 .debug_abbrev  0x00000f75      0x144 C:\propedeutico\SAMV7x\SAMV71x\app\01_scheduler_\SAMV71_Xplained_Ultra\Debug\mpu.o
 .debug_abbrev  0x000010b9      0x152 C:\propedeutico\SAMV7x\SAMV71x\app\01_scheduler_\SAMV71_Xplained_Ultra\Debug\exceptions.o
 .debug_abbrev  0x0000120b      0x1b2 C:\propedeutico\SAMV7x\SAMV71x\app\01_scheduler_\SAMV71_Xplained_Ultra\Debug\systick.o

.debug_aranges  0x00000000      0x1c0
 .debug_aranges
                0x00000000       0x20 C:\propedeutico\SAMV7x\SAMV71x\app\01_scheduler_\SAMV71_Xplained_Ultra\Debug\main.o
 .debug_aranges
                0x00000020       0x20 C:\propedeutico\SAMV7x\SAMV71x\app\01_scheduler_\SAMV71_Xplained_Ultra\Debug\system_sam.o
 .debug_aranges
                0x00000040       0x20 C:\propedeutico\SAMV7x\SAMV71x\app\01_scheduler_\SAMV71_Xplained_Ultra\Debug\syscalls.o
 .debug_aranges
                0x00000060       0x20 C:\propedeutico\SAMV7x\SAMV71x\app\01_scheduler_\SAMV71_Xplained_Ultra\Debug\app_scheduler.o
 .debug_aranges
                0x00000080       0x20 C:\propedeutico\SAMV7x\SAMV71x\app\01_scheduler_\SAMV71_Xplained_Ultra\Debug\app_tasks.o
 .debug_aranges
                0x000000a0       0x20 C:\propedeutico\SAMV7x\SAMV71x\app\01_scheduler_\SAMV71_Xplained_Ultra\Debug\mem_alloc.o
 .debug_aranges
                0x000000c0       0x20 C:\propedeutico\SAMV7x\SAMV71x\app\01_scheduler_\SAMV71_Xplained_Ultra\Debug\startup_sam.o
 .debug_aranges
                0x000000e0       0x20 C:\propedeutico\SAMV7x\SAMV71x\app\01_scheduler_\SAMV71_Xplained_Ultra\Debug\board_lowlevel.o
 .debug_aranges
                0x00000100       0x20 C:\propedeutico\SAMV7x\SAMV71x\app\01_scheduler_\SAMV71_Xplained_Ultra\Debug\dbg_console.o
 .debug_aranges
                0x00000120       0x20 C:\propedeutico\SAMV7x\SAMV71x\app\01_scheduler_\SAMV71_Xplained_Ultra\Debug\pmc.o
 .debug_aranges
                0x00000140       0x20 C:\propedeutico\SAMV7x\SAMV71x\app\01_scheduler_\SAMV71_Xplained_Ultra\Debug\pio.o
 .debug_aranges
                0x00000160       0x20 C:\propedeutico\SAMV7x\SAMV71x\app\01_scheduler_\SAMV71_Xplained_Ultra\Debug\mpu.o
 .debug_aranges
                0x00000180       0x20 C:\propedeutico\SAMV7x\SAMV71x\app\01_scheduler_\SAMV71_Xplained_Ultra\Debug\exceptions.o
 .debug_aranges
                0x000001a0       0x20 C:\propedeutico\SAMV7x\SAMV71x\app\01_scheduler_\SAMV71_Xplained_Ultra\Debug\systick.o

.debug_macro    0x00000000    0x2527c
 .debug_macro   0x00000000     0x12f7 C:\propedeutico\SAMV7x\SAMV71x\app\01_scheduler_\SAMV71_Xplained_Ultra\Debug\main.o
 .debug_macro   0x000012f7       0x22 C:\propedeutico\SAMV7x\SAMV71x\app\01_scheduler_\SAMV71_Xplained_Ultra\Debug\main.o
 .debug_macro   0x00001319       0x44 C:\propedeutico\SAMV7x\SAMV71x\app\01_scheduler_\SAMV71_Xplained_Ultra\Debug\main.o
 .debug_macro   0x0000135d       0xe3 C:\propedeutico\SAMV7x\SAMV71x\app\01_scheduler_\SAMV71_Xplained_Ultra\Debug\main.o
 .debug_macro   0x00001440       0x22 C:\propedeutico\SAMV7x\SAMV71x\app\01_scheduler_\SAMV71_Xplained_Ultra\Debug\main.o
 .debug_macro   0x00001462      0x1df C:\propedeutico\SAMV7x\SAMV71x\app\01_scheduler_\SAMV71_Xplained_Ultra\Debug\main.o
 .debug_macro   0x00001641       0x4a C:\propedeutico\SAMV7x\SAMV71x\app\01_scheduler_\SAMV71_Xplained_Ultra\Debug\main.o
 .debug_macro   0x0000168b       0x3b C:\propedeutico\SAMV7x\SAMV71x\app\01_scheduler_\SAMV71_Xplained_Ultra\Debug\main.o
 .debug_macro   0x000016c6       0x18 C:\propedeutico\SAMV7x\SAMV71x\app\01_scheduler_\SAMV71_Xplained_Ultra\Debug\main.o
 .debug_macro   0x000016de       0x26 C:\propedeutico\SAMV7x\SAMV71x\app\01_scheduler_\SAMV71_Xplained_Ultra\Debug\main.o
 .debug_macro   0x00001704      0xf9a C:\propedeutico\SAMV7x\SAMV71x\app\01_scheduler_\SAMV71_Xplained_Ultra\Debug\main.o
 .debug_macro   0x0000269e      0x16c C:\propedeutico\SAMV7x\SAMV71x\app\01_scheduler_\SAMV71_Xplained_Ultra\Debug\main.o
 .debug_macro   0x0000280a      0x24a C:\propedeutico\SAMV7x\SAMV71x\app\01_scheduler_\SAMV71_Xplained_Ultra\Debug\main.o
 .debug_macro   0x00002a54      0xa00 C:\propedeutico\SAMV7x\SAMV71x\app\01_scheduler_\SAMV71_Xplained_Ultra\Debug\main.o
 .debug_macro   0x00003454      0x1b4 C:\propedeutico\SAMV7x\SAMV71x\app\01_scheduler_\SAMV71_Xplained_Ultra\Debug\main.o
 .debug_macro   0x00003608      0x328 C:\propedeutico\SAMV7x\SAMV71x\app\01_scheduler_\SAMV71_Xplained_Ultra\Debug\main.o
 .debug_macro   0x00003930      0x15a C:\propedeutico\SAMV7x\SAMV71x\app\01_scheduler_\SAMV71_Xplained_Ultra\Debug\main.o
 .debug_macro   0x00003a8a      0xe71 C:\propedeutico\SAMV7x\SAMV71x\app\01_scheduler_\SAMV71_Xplained_Ultra\Debug\main.o
 .debug_macro   0x000048fb       0x1c C:\propedeutico\SAMV7x\SAMV71x\app\01_scheduler_\SAMV71_Xplained_Ultra\Debug\main.o
 .debug_macro   0x00004917      0x67f C:\propedeutico\SAMV7x\SAMV71x\app\01_scheduler_\SAMV71_Xplained_Ultra\Debug\main.o
 .debug_macro   0x00004f96      0x310 C:\propedeutico\SAMV7x\SAMV71x\app\01_scheduler_\SAMV71_Xplained_Ultra\Debug\main.o
 .debug_macro   0x000052a6      0x4c7 C:\propedeutico\SAMV7x\SAMV71x\app\01_scheduler_\SAMV71_Xplained_Ultra\Debug\main.o
 .debug_macro   0x0000576d      0x26e C:\propedeutico\SAMV7x\SAMV71x\app\01_scheduler_\SAMV71_Xplained_Ultra\Debug\main.o
 .debug_macro   0x000059db     0x1324 C:\propedeutico\SAMV7x\SAMV71x\app\01_scheduler_\SAMV71_Xplained_Ultra\Debug\main.o
 .debug_macro   0x00006cff      0x280 C:\propedeutico\SAMV7x\SAMV71x\app\01_scheduler_\SAMV71_Xplained_Ultra\Debug\main.o
 .debug_macro   0x00006f7f     0x2ba3 C:\propedeutico\SAMV7x\SAMV71x\app\01_scheduler_\SAMV71_Xplained_Ultra\Debug\main.o
 .debug_macro   0x00009b22     0x101d C:\propedeutico\SAMV7x\SAMV71x\app\01_scheduler_\SAMV71_Xplained_Ultra\Debug\main.o
 .debug_macro   0x0000ab3f      0xe01 C:\propedeutico\SAMV7x\SAMV71x\app\01_scheduler_\SAMV71_Xplained_Ultra\Debug\main.o
 .debug_macro   0x0000b940      0x3a4 C:\propedeutico\SAMV7x\SAMV71x\app\01_scheduler_\SAMV71_Xplained_Ultra\Debug\main.o
 .debug_macro   0x0000bce4       0xa0 C:\propedeutico\SAMV7x\SAMV71x\app\01_scheduler_\SAMV71_Xplained_Ultra\Debug\main.o
 .debug_macro   0x0000bd84       0x76 C:\propedeutico\SAMV7x\SAMV71x\app\01_scheduler_\SAMV71_Xplained_Ultra\Debug\main.o
 .debug_macro   0x0000bdfa      0x3fb C:\propedeutico\SAMV7x\SAMV71x\app\01_scheduler_\SAMV71_Xplained_Ultra\Debug\main.o
 .debug_macro   0x0000c1f5       0x64 C:\propedeutico\SAMV7x\SAMV71x\app\01_scheduler_\SAMV71_Xplained_Ultra\Debug\main.o
 .debug_macro   0x0000c259      0x276 C:\propedeutico\SAMV7x\SAMV71x\app\01_scheduler_\SAMV71_Xplained_Ultra\Debug\main.o
 .debug_macro   0x0000c4cf      0x1c4 C:\propedeutico\SAMV7x\SAMV71x\app\01_scheduler_\SAMV71_Xplained_Ultra\Debug\main.o
 .debug_macro   0x0000c693      0x23b C:\propedeutico\SAMV7x\SAMV71x\app\01_scheduler_\SAMV71_Xplained_Ultra\Debug\main.o
 .debug_macro   0x0000c8ce      0x516 C:\propedeutico\SAMV7x\SAMV71x\app\01_scheduler_\SAMV71_Xplained_Ultra\Debug\main.o
 .debug_macro   0x0000cde4      0x62d C:\propedeutico\SAMV7x\SAMV71x\app\01_scheduler_\SAMV71_Xplained_Ultra\Debug\main.o
 .debug_macro   0x0000d411      0x6a9 C:\propedeutico\SAMV7x\SAMV71x\app\01_scheduler_\SAMV71_Xplained_Ultra\Debug\main.o
 .debug_macro   0x0000daba       0x4c C:\propedeutico\SAMV7x\SAMV71x\app\01_scheduler_\SAMV71_Xplained_Ultra\Debug\main.o
 .debug_macro   0x0000db06      0x45a C:\propedeutico\SAMV7x\SAMV71x\app\01_scheduler_\SAMV71_Xplained_Ultra\Debug\main.o
 .debug_macro   0x0000df60      0x1fb C:\propedeutico\SAMV7x\SAMV71x\app\01_scheduler_\SAMV71_Xplained_Ultra\Debug\main.o
 .debug_macro   0x0000e15b      0x87d C:\propedeutico\SAMV7x\SAMV71x\app\01_scheduler_\SAMV71_Xplained_Ultra\Debug\main.o
 .debug_macro   0x0000e9d8     0x1547 C:\propedeutico\SAMV7x\SAMV71x\app\01_scheduler_\SAMV71_Xplained_Ultra\Debug\main.o
 .debug_macro   0x0000ff1f       0x40 C:\propedeutico\SAMV7x\SAMV71x\app\01_scheduler_\SAMV71_Xplained_Ultra\Debug\main.o
 .debug_macro   0x0000ff5f       0x76 C:\propedeutico\SAMV7x\SAMV71x\app\01_scheduler_\SAMV71_Xplained_Ultra\Debug\main.o
 .debug_macro   0x0000ffd5      0xda0 C:\propedeutico\SAMV7x\SAMV71x\app\01_scheduler_\SAMV71_Xplained_Ultra\Debug\main.o
 .debug_macro   0x00010d75       0x82 C:\propedeutico\SAMV7x\SAMV71x\app\01_scheduler_\SAMV71_Xplained_Ultra\Debug\main.o
 .debug_macro   0x00010df7       0x76 C:\propedeutico\SAMV7x\SAMV71x\app\01_scheduler_\SAMV71_Xplained_Ultra\Debug\main.o
 .debug_macro   0x00010e6d       0x4c C:\propedeutico\SAMV7x\SAMV71x\app\01_scheduler_\SAMV71_Xplained_Ultra\Debug\main.o
 .debug_macro   0x00010eb9      0x126 C:\propedeutico\SAMV7x\SAMV71x\app\01_scheduler_\SAMV71_Xplained_Ultra\Debug\main.o
 .debug_macro   0x00010fdf      0x126 C:\propedeutico\SAMV7x\SAMV71x\app\01_scheduler_\SAMV71_Xplained_Ultra\Debug\main.o
 .debug_macro   0x00011105      0x126 C:\propedeutico\SAMV7x\SAMV71x\app\01_scheduler_\SAMV71_Xplained_Ultra\Debug\main.o
 .debug_macro   0x0001122b       0x6a C:\propedeutico\SAMV7x\SAMV71x\app\01_scheduler_\SAMV71_Xplained_Ultra\Debug\main.o
 .debug_macro   0x00011295       0x6a C:\propedeutico\SAMV7x\SAMV71x\app\01_scheduler_\SAMV71_Xplained_Ultra\Debug\main.o
 .debug_macro   0x000112ff      0x313 C:\propedeutico\SAMV7x\SAMV71x\app\01_scheduler_\SAMV71_Xplained_Ultra\Debug\main.o
 .debug_macro   0x00011612       0xb2 C:\propedeutico\SAMV7x\SAMV71x\app\01_scheduler_\SAMV71_Xplained_Ultra\Debug\main.o
 .debug_macro   0x000116c4       0xb2 C:\propedeutico\SAMV7x\SAMV71x\app\01_scheduler_\SAMV71_Xplained_Ultra\Debug\main.o
 .debug_macro   0x00011776       0xb2 C:\propedeutico\SAMV7x\SAMV71x\app\01_scheduler_\SAMV71_Xplained_Ultra\Debug\main.o
 .debug_macro   0x00011828      0x112 C:\propedeutico\SAMV7x\SAMV71x\app\01_scheduler_\SAMV71_Xplained_Ultra\Debug\main.o
 .debug_macro   0x0001193a      0x112 C:\propedeutico\SAMV7x\SAMV71x\app\01_scheduler_\SAMV71_Xplained_Ultra\Debug\main.o
 .debug_macro   0x00011a4c      0x2cd C:\propedeutico\SAMV7x\SAMV71x\app\01_scheduler_\SAMV71_Xplained_Ultra\Debug\main.o
 .debug_macro   0x00011d19       0xb8 C:\propedeutico\SAMV7x\SAMV71x\app\01_scheduler_\SAMV71_Xplained_Ultra\Debug\main.o
 .debug_macro   0x00011dd1       0x5e C:\propedeutico\SAMV7x\SAMV71x\app\01_scheduler_\SAMV71_Xplained_Ultra\Debug\main.o
 .debug_macro   0x00011e2f       0x40 C:\propedeutico\SAMV7x\SAMV71x\app\01_scheduler_\SAMV71_Xplained_Ultra\Debug\main.o
 .debug_macro   0x00011e6f       0x4c C:\propedeutico\SAMV7x\SAMV71x\app\01_scheduler_\SAMV71_Xplained_Ultra\Debug\main.o
 .debug_macro   0x00011ebb       0xa0 C:\propedeutico\SAMV7x\SAMV71x\app\01_scheduler_\SAMV71_Xplained_Ultra\Debug\main.o
 .debug_macro   0x00011f5b      0x494 C:\propedeutico\SAMV7x\SAMV71x\app\01_scheduler_\SAMV71_Xplained_Ultra\Debug\main.o
 .debug_macro   0x000123ef      0x126 C:\propedeutico\SAMV7x\SAMV71x\app\01_scheduler_\SAMV71_Xplained_Ultra\Debug\main.o
 .debug_macro   0x00012515       0x4c C:\propedeutico\SAMV7x\SAMV71x\app\01_scheduler_\SAMV71_Xplained_Ultra\Debug\main.o
 .debug_macro   0x00012561      0x313 C:\propedeutico\SAMV7x\SAMV71x\app\01_scheduler_\SAMV71_Xplained_Ultra\Debug\main.o
 .debug_macro   0x00012874       0x6a C:\propedeutico\SAMV7x\SAMV71x\app\01_scheduler_\SAMV71_Xplained_Ultra\Debug\main.o
 .debug_macro   0x000128de       0xb8 C:\propedeutico\SAMV7x\SAMV71x\app\01_scheduler_\SAMV71_Xplained_Ultra\Debug\main.o
 .debug_macro   0x00012996       0x76 C:\propedeutico\SAMV7x\SAMV71x\app\01_scheduler_\SAMV71_Xplained_Ultra\Debug\main.o
 .debug_macro   0x00012a0c       0x6a C:\propedeutico\SAMV7x\SAMV71x\app\01_scheduler_\SAMV71_Xplained_Ultra\Debug\main.o
 .debug_macro   0x00012a76       0x2e C:\propedeutico\SAMV7x\SAMV71x\app\01_scheduler_\SAMV71_Xplained_Ultra\Debug\main.o
 .debug_macro   0x00012aa4      0x9b1 C:\propedeutico\SAMV7x\SAMV71x\app\01_scheduler_\SAMV71_Xplained_Ultra\Debug\main.o
 .debug_macro   0x00013455       0x6a C:\propedeutico\SAMV7x\SAMV71x\app\01_scheduler_\SAMV71_Xplained_Ultra\Debug\main.o
 .debug_macro   0x000134bf       0x88 C:\propedeutico\SAMV7x\SAMV71x\app\01_scheduler_\SAMV71_Xplained_Ultra\Debug\main.o
 .debug_macro   0x00013547       0x58 C:\propedeutico\SAMV7x\SAMV71x\app\01_scheduler_\SAMV71_Xplained_Ultra\Debug\main.o
 .debug_macro   0x0001359f       0xa6 C:\propedeutico\SAMV7x\SAMV71x\app\01_scheduler_\SAMV71_Xplained_Ultra\Debug\main.o
 .debug_macro   0x00013645       0x16 C:\propedeutico\SAMV7x\SAMV71x\app\01_scheduler_\SAMV71_Xplained_Ultra\Debug\main.o
 .debug_macro   0x0001365b       0xe2 C:\propedeutico\SAMV7x\SAMV71x\app\01_scheduler_\SAMV71_Xplained_Ultra\Debug\main.o
 .debug_macro   0x0001373d       0x4c C:\propedeutico\SAMV7x\SAMV71x\app\01_scheduler_\SAMV71_Xplained_Ultra\Debug\main.o
 .debug_macro   0x00013789       0x16 C:\propedeutico\SAMV7x\SAMV71x\app\01_scheduler_\SAMV71_Xplained_Ultra\Debug\main.o
 .debug_macro   0x0001379f       0x4c C:\propedeutico\SAMV7x\SAMV71x\app\01_scheduler_\SAMV71_Xplained_Ultra\Debug\main.o
 .debug_macro   0x000137eb       0x2e C:\propedeutico\SAMV7x\SAMV71x\app\01_scheduler_\SAMV71_Xplained_Ultra\Debug\main.o
 .debug_macro   0x00013819      0x19e C:\propedeutico\SAMV7x\SAMV71x\app\01_scheduler_\SAMV71_Xplained_Ultra\Debug\main.o
 .debug_macro   0x000139b7      0x19e C:\propedeutico\SAMV7x\SAMV71x\app\01_scheduler_\SAMV71_Xplained_Ultra\Debug\main.o
 .debug_macro   0x00013b55      0x19e C:\propedeutico\SAMV7x\SAMV71x\app\01_scheduler_\SAMV71_Xplained_Ultra\Debug\main.o
 .debug_macro   0x00013cf3      0x19e C:\propedeutico\SAMV7x\SAMV71x\app\01_scheduler_\SAMV71_Xplained_Ultra\Debug\main.o
 .debug_macro   0x00013e91      0x19e C:\propedeutico\SAMV7x\SAMV71x\app\01_scheduler_\SAMV71_Xplained_Ultra\Debug\main.o
 .debug_macro   0x0001402f       0x1c C:\propedeutico\SAMV7x\SAMV71x\app\01_scheduler_\SAMV71_Xplained_Ultra\Debug\main.o
 .debug_macro   0x0001404b       0x2e C:\propedeutico\SAMV7x\SAMV71x\app\01_scheduler_\SAMV71_Xplained_Ultra\Debug\main.o
 .debug_macro   0x00014079       0x22 C:\propedeutico\SAMV7x\SAMV71x\app\01_scheduler_\SAMV71_Xplained_Ultra\Debug\main.o
 .debug_macro   0x0001409b       0x1c C:\propedeutico\SAMV7x\SAMV71x\app\01_scheduler_\SAMV71_Xplained_Ultra\Debug\main.o
 .debug_macro   0x000140b7       0x52 C:\propedeutico\SAMV7x\SAMV71x\app\01_scheduler_\SAMV71_Xplained_Ultra\Debug\main.o
 .debug_macro   0x00014109       0x10 C:\propedeutico\SAMV7x\SAMV71x\app\01_scheduler_\SAMV71_Xplained_Ultra\Debug\main.o
 .debug_macro   0x00014119       0x1c C:\propedeutico\SAMV7x\SAMV71x\app\01_scheduler_\SAMV71_Xplained_Ultra\Debug\main.o
 .debug_macro   0x00014135       0x4c C:\propedeutico\SAMV7x\SAMV71x\app\01_scheduler_\SAMV71_Xplained_Ultra\Debug\main.o
 .debug_macro   0x00014181       0x4c C:\propedeutico\SAMV7x\SAMV71x\app\01_scheduler_\SAMV71_Xplained_Ultra\Debug\main.o
 .debug_macro   0x000141cd       0x4c C:\propedeutico\SAMV7x\SAMV71x\app\01_scheduler_\SAMV71_Xplained_Ultra\Debug\main.o
 .debug_macro   0x00014219      0x329 C:\propedeutico\SAMV7x\SAMV71x\app\01_scheduler_\SAMV71_Xplained_Ultra\Debug\main.o
 .debug_macro   0x00014542     0x1028 C:\propedeutico\SAMV7x\SAMV71x\app\01_scheduler_\SAMV71_Xplained_Ultra\Debug\main.o
 .debug_macro   0x0001556a      0x107 C:\propedeutico\SAMV7x\SAMV71x\app\01_scheduler_\SAMV71_Xplained_Ultra\Debug\main.o
 .debug_macro   0x00015671      0x166 C:\propedeutico\SAMV7x\SAMV71x\app\01_scheduler_\SAMV71_Xplained_Ultra\Debug\main.o
 .debug_macro   0x000157d7       0x58 C:\propedeutico\SAMV7x\SAMV71x\app\01_scheduler_\SAMV71_Xplained_Ultra\Debug\main.o
 .debug_macro   0x0001582f       0x35 C:\propedeutico\SAMV7x\SAMV71x\app\01_scheduler_\SAMV71_Xplained_Ultra\Debug\main.o
 .debug_macro   0x00015864       0x9c C:\propedeutico\SAMV7x\SAMV71x\app\01_scheduler_\SAMV71_Xplained_Ultra\Debug\main.o
 .debug_macro   0x00015900       0x16 C:\propedeutico\SAMV7x\SAMV71x\app\01_scheduler_\SAMV71_Xplained_Ultra\Debug\main.o
 .debug_macro   0x00015916       0x35 C:\propedeutico\SAMV7x\SAMV71x\app\01_scheduler_\SAMV71_Xplained_Ultra\Debug\main.o
 .debug_macro   0x0001594b       0x52 C:\propedeutico\SAMV7x\SAMV71x\app\01_scheduler_\SAMV71_Xplained_Ultra\Debug\main.o
 .debug_macro   0x0001599d       0x16 C:\propedeutico\SAMV7x\SAMV71x\app\01_scheduler_\SAMV71_Xplained_Ultra\Debug\main.o
 .debug_macro   0x000159b3       0x43 C:\propedeutico\SAMV7x\SAMV71x\app\01_scheduler_\SAMV71_Xplained_Ultra\Debug\main.o
 .debug_macro   0x000159f6      0x180 C:\propedeutico\SAMV7x\SAMV71x\app\01_scheduler_\SAMV71_Xplained_Ultra\Debug\main.o
 .debug_macro   0x00015b76      0x29d C:\propedeutico\SAMV7x\SAMV71x\app\01_scheduler_\SAMV71_Xplained_Ultra\Debug\main.o
 .debug_macro   0x00015e13       0x16 C:\propedeutico\SAMV7x\SAMV71x\app\01_scheduler_\SAMV71_Xplained_Ultra\Debug\main.o
 .debug_macro   0x00015e29       0x29 C:\propedeutico\SAMV7x\SAMV71x\app\01_scheduler_\SAMV71_Xplained_Ultra\Debug\main.o
 .debug_macro   0x00015e52       0x22 C:\propedeutico\SAMV7x\SAMV71x\app\01_scheduler_\SAMV71_Xplained_Ultra\Debug\main.o
 .debug_macro   0x00015e74      0x159 C:\propedeutico\SAMV7x\SAMV71x\app\01_scheduler_\SAMV71_Xplained_Ultra\Debug\main.o
 .debug_macro   0x00015fcd       0x5e C:\propedeutico\SAMV7x\SAMV71x\app\01_scheduler_\SAMV71_Xplained_Ultra\Debug\main.o
 .debug_macro   0x0001602b       0x16 C:\propedeutico\SAMV7x\SAMV71x\app\01_scheduler_\SAMV71_Xplained_Ultra\Debug\main.o
 .debug_macro   0x00016041       0xc6 C:\propedeutico\SAMV7x\SAMV71x\app\01_scheduler_\SAMV71_Xplained_Ultra\Debug\main.o
 .debug_macro   0x00016107       0x16 C:\propedeutico\SAMV7x\SAMV71x\app\01_scheduler_\SAMV71_Xplained_Ultra\Debug\main.o
 .debug_macro   0x0001611d       0x10 C:\propedeutico\SAMV7x\SAMV71x\app\01_scheduler_\SAMV71_Xplained_Ultra\Debug\main.o
 .debug_macro   0x0001612d       0xe6 C:\propedeutico\SAMV7x\SAMV71x\app\01_scheduler_\SAMV71_Xplained_Ultra\Debug\main.o
 .debug_macro   0x00016213       0x94 C:\propedeutico\SAMV7x\SAMV71x\app\01_scheduler_\SAMV71_Xplained_Ultra\Debug\main.o
 .debug_macro   0x000162a7       0x97 C:\propedeutico\SAMV7x\SAMV71x\app\01_scheduler_\SAMV71_Xplained_Ultra\Debug\main.o
 .debug_macro   0x0001633e      0x19e C:\propedeutico\SAMV7x\SAMV71x\app\01_scheduler_\SAMV71_Xplained_Ultra\Debug\main.o
 .debug_macro   0x000164dc       0x98 C:\propedeutico\SAMV7x\SAMV71x\app\01_scheduler_\SAMV71_Xplained_Ultra\Debug\main.o
 .debug_macro   0x00016574       0x34 C:\propedeutico\SAMV7x\SAMV71x\app\01_scheduler_\SAMV71_Xplained_Ultra\Debug\main.o
 .debug_macro   0x000165a8       0x16 C:\propedeutico\SAMV7x\SAMV71x\app\01_scheduler_\SAMV71_Xplained_Ultra\Debug\main.o
 .debug_macro   0x000165be       0x76 C:\propedeutico\SAMV7x\SAMV71x\app\01_scheduler_\SAMV71_Xplained_Ultra\Debug\main.o
 .debug_macro   0x00016634       0x1c C:\propedeutico\SAMV7x\SAMV71x\app\01_scheduler_\SAMV71_Xplained_Ultra\Debug\main.o
 .debug_macro   0x00016650       0x3a C:\propedeutico\SAMV7x\SAMV71x\app\01_scheduler_\SAMV71_Xplained_Ultra\Debug\main.o
 .debug_macro   0x0001668a       0x1c C:\propedeutico\SAMV7x\SAMV71x\app\01_scheduler_\SAMV71_Xplained_Ultra\Debug\main.o
 .debug_macro   0x000166a6       0x2e C:\propedeutico\SAMV7x\SAMV71x\app\01_scheduler_\SAMV71_Xplained_Ultra\Debug\main.o
 .debug_macro   0x000166d4       0x3a C:\propedeutico\SAMV7x\SAMV71x\app\01_scheduler_\SAMV71_Xplained_Ultra\Debug\main.o
 .debug_macro   0x0001670e       0x52 C:\propedeutico\SAMV7x\SAMV71x\app\01_scheduler_\SAMV71_Xplained_Ultra\Debug\main.o
 .debug_macro   0x00016760       0x22 C:\propedeutico\SAMV7x\SAMV71x\app\01_scheduler_\SAMV71_Xplained_Ultra\Debug\main.o
 .debug_macro   0x00016782       0x1c C:\propedeutico\SAMV7x\SAMV71x\app\01_scheduler_\SAMV71_Xplained_Ultra\Debug\main.o
 .debug_macro   0x0001679e       0x1c C:\propedeutico\SAMV7x\SAMV71x\app\01_scheduler_\SAMV71_Xplained_Ultra\Debug\main.o
 .debug_macro   0x000167ba       0x10 C:\propedeutico\SAMV7x\SAMV71x\app\01_scheduler_\SAMV71_Xplained_Ultra\Debug\main.o
 .debug_macro   0x000167ca       0x10 C:\propedeutico\SAMV7x\SAMV71x\app\01_scheduler_\SAMV71_Xplained_Ultra\Debug\main.o
 .debug_macro   0x000167da       0x22 C:\propedeutico\SAMV7x\SAMV71x\app\01_scheduler_\SAMV71_Xplained_Ultra\Debug\main.o
 .debug_macro   0x000167fc       0xbe C:\propedeutico\SAMV7x\SAMV71x\app\01_scheduler_\SAMV71_Xplained_Ultra\Debug\main.o
 .debug_macro   0x000168ba       0x16 C:\propedeutico\SAMV7x\SAMV71x\app\01_scheduler_\SAMV71_Xplained_Ultra\Debug\main.o
 .debug_macro   0x000168d0      0x197 C:\propedeutico\SAMV7x\SAMV71x\app\01_scheduler_\SAMV71_Xplained_Ultra\Debug\main.o
 .debug_macro   0x00016a67       0x93 C:\propedeutico\SAMV7x\SAMV71x\app\01_scheduler_\SAMV71_Xplained_Ultra\Debug\main.o
 .debug_macro   0x00016afa       0x2e C:\propedeutico\SAMV7x\SAMV71x\app\01_scheduler_\SAMV71_Xplained_Ultra\Debug\main.o
 .debug_macro   0x00016b28       0x2e C:\propedeutico\SAMV7x\SAMV71x\app\01_scheduler_\SAMV71_Xplained_Ultra\Debug\main.o
 .debug_macro   0x00016b56       0x76 C:\propedeutico\SAMV7x\SAMV71x\app\01_scheduler_\SAMV71_Xplained_Ultra\Debug\main.o
 .debug_macro   0x00016bcc       0x28 C:\propedeutico\SAMV7x\SAMV71x\app\01_scheduler_\SAMV71_Xplained_Ultra\Debug\main.o
 .debug_macro   0x00016bf4       0x16 C:\propedeutico\SAMV7x\SAMV71x\app\01_scheduler_\SAMV71_Xplained_Ultra\Debug\main.o
 .debug_macro   0x00016c0a       0x28 C:\propedeutico\SAMV7x\SAMV71x\app\01_scheduler_\SAMV71_Xplained_Ultra\Debug\main.o
 .debug_macro   0x00016c32       0x1c C:\propedeutico\SAMV7x\SAMV71x\app\01_scheduler_\SAMV71_Xplained_Ultra\Debug\main.o
 .debug_macro   0x00016c4e       0x16 C:\propedeutico\SAMV7x\SAMV71x\app\01_scheduler_\SAMV71_Xplained_Ultra\Debug\main.o
 .debug_macro   0x00016c64       0x16 C:\propedeutico\SAMV7x\SAMV71x\app\01_scheduler_\SAMV71_Xplained_Ultra\Debug\main.o
 .debug_macro   0x00016c7a       0x1c C:\propedeutico\SAMV7x\SAMV71x\app\01_scheduler_\SAMV71_Xplained_Ultra\Debug\main.o
 .debug_macro   0x00016c96       0x6f C:\propedeutico\SAMV7x\SAMV71x\app\01_scheduler_\SAMV71_Xplained_Ultra\Debug\main.o
 .debug_macro   0x00016d05       0xa0 C:\propedeutico\SAMV7x\SAMV71x\app\01_scheduler_\SAMV71_Xplained_Ultra\Debug\main.o
 .debug_macro   0x00016da5       0x10 C:\propedeutico\SAMV7x\SAMV71x\app\01_scheduler_\SAMV71_Xplained_Ultra\Debug\main.o
 .debug_macro   0x00016db5      0x148 C:\propedeutico\SAMV7x\SAMV71x\app\01_scheduler_\SAMV71_Xplained_Ultra\Debug\main.o
 .debug_macro   0x00016efd       0x16 C:\propedeutico\SAMV7x\SAMV71x\app\01_scheduler_\SAMV71_Xplained_Ultra\Debug\main.o
 .debug_macro   0x00016f13       0x52 C:\propedeutico\SAMV7x\SAMV71x\app\01_scheduler_\SAMV71_Xplained_Ultra\Debug\main.o
 .debug_macro   0x00016f65      0x240 C:\propedeutico\SAMV7x\SAMV71x\app\01_scheduler_\SAMV71_Xplained_Ultra\Debug\main.o
 .debug_macro   0x000171a5       0x34 C:\propedeutico\SAMV7x\SAMV71x\app\01_scheduler_\SAMV71_Xplained_Ultra\Debug\main.o
 .debug_macro   0x000171d9      0x13c C:\propedeutico\SAMV7x\SAMV71x\app\01_scheduler_\SAMV71_Xplained_Ultra\Debug\main.o
 .debug_macro   0x00017315       0x10 C:\propedeutico\SAMV7x\SAMV71x\app\01_scheduler_\SAMV71_Xplained_Ultra\Debug\main.o
 .debug_macro   0x00017325      0x102 C:\propedeutico\SAMV7x\SAMV71x\app\01_scheduler_\SAMV71_Xplained_Ultra\Debug\main.o
 .debug_macro   0x00017427       0x52 C:\propedeutico\SAMV7x\SAMV71x\app\01_scheduler_\SAMV71_Xplained_Ultra\Debug\main.o
 .debug_macro   0x00017479      0x1f3 C:\propedeutico\SAMV7x\SAMV71x\app\01_scheduler_\SAMV71_Xplained_Ultra\Debug\main.o
 .debug_macro   0x0001766c       0x2e C:\propedeutico\SAMV7x\SAMV71x\app\01_scheduler_\SAMV71_Xplained_Ultra\Debug\main.o
 .debug_macro   0x0001769a       0x16 C:\propedeutico\SAMV7x\SAMV71x\app\01_scheduler_\SAMV71_Xplained_Ultra\Debug\main.o
 .debug_macro   0x000176b0       0x52 C:\propedeutico\SAMV7x\SAMV71x\app\01_scheduler_\SAMV71_Xplained_Ultra\Debug\main.o
 .debug_macro   0x00017702       0x16 C:\propedeutico\SAMV7x\SAMV71x\app\01_scheduler_\SAMV71_Xplained_Ultra\Debug\main.o
 .debug_macro   0x00017718       0x10 C:\propedeutico\SAMV7x\SAMV71x\app\01_scheduler_\SAMV71_Xplained_Ultra\Debug\main.o
 .debug_macro   0x00017728       0x10 C:\propedeutico\SAMV7x\SAMV71x\app\01_scheduler_\SAMV71_Xplained_Ultra\Debug\main.o
 .debug_macro   0x00017738       0x10 C:\propedeutico\SAMV7x\SAMV71x\app\01_scheduler_\SAMV71_Xplained_Ultra\Debug\main.o
 .debug_macro   0x00017748       0x35 C:\propedeutico\SAMV7x\SAMV71x\app\01_scheduler_\SAMV71_Xplained_Ultra\Debug\main.o
 .debug_macro   0x0001777d      0x122 C:\propedeutico\SAMV7x\SAMV71x\app\01_scheduler_\SAMV71_Xplained_Ultra\Debug\main.o
 .debug_macro   0x0001789f      0x456 C:\propedeutico\SAMV7x\SAMV71x\app\01_scheduler_\SAMV71_Xplained_Ultra\Debug\main.o
 .debug_macro   0x00017cf5       0x52 C:\propedeutico\SAMV7x\SAMV71x\app\01_scheduler_\SAMV71_Xplained_Ultra\Debug\main.o
 .debug_macro   0x00017d47       0x52 C:\propedeutico\SAMV7x\SAMV71x\app\01_scheduler_\SAMV71_Xplained_Ultra\Debug\main.o
 .debug_macro   0x00017d99      0xdab C:\propedeutico\SAMV7x\SAMV71x\app\01_scheduler_\SAMV71_Xplained_Ultra\Debug\system_sam.o
 .debug_macro   0x00018b44     0x12db C:\propedeutico\SAMV7x\SAMV71x\app\01_scheduler_\SAMV71_Xplained_Ultra\Debug\syscalls.o
 .debug_macro   0x00019e1f       0x10 C:\propedeutico\SAMV7x\SAMV71x\app\01_scheduler_\SAMV71_Xplained_Ultra\Debug\syscalls.o
 .debug_macro   0x00019e2f      0x241 C:\propedeutico\SAMV7x\SAMV71x\app\01_scheduler_\SAMV71_Xplained_Ultra\Debug\syscalls.o
 .debug_macro   0x0001a070      0xea2 C:\propedeutico\SAMV7x\SAMV71x\app\01_scheduler_\SAMV71_Xplained_Ultra\Debug\app_scheduler.o
 .debug_macro   0x0001af12       0x50 C:\propedeutico\SAMV7x\SAMV71x\app\01_scheduler_\SAMV71_Xplained_Ultra\Debug\app_scheduler.o
 .debug_macro   0x0001af62      0xe8b C:\propedeutico\SAMV7x\SAMV71x\app\01_scheduler_\SAMV71_Xplained_Ultra\Debug\app_tasks.o
 .debug_macro   0x0001bded      0xe88 C:\propedeutico\SAMV7x\SAMV71x\app\01_scheduler_\SAMV71_Xplained_Ultra\Debug\mem_alloc.o
 .debug_macro   0x0001cc75      0xd93 C:\propedeutico\SAMV7x\SAMV71x\app\01_scheduler_\SAMV71_Xplained_Ultra\Debug\startup_sam.o
 .debug_macro   0x0001da08     0x12bd C:\propedeutico\SAMV7x\SAMV71x\app\01_scheduler_\SAMV71_Xplained_Ultra\Debug\board_lowlevel.o
 .debug_macro   0x0001ecc5     0x12f2 C:\propedeutico\SAMV7x\SAMV71x\app\01_scheduler_\SAMV71_Xplained_Ultra\Debug\dbg_console.o
 .debug_macro   0x0001ffb7     0x111f C:\propedeutico\SAMV7x\SAMV71x\app\01_scheduler_\SAMV71_Xplained_Ultra\Debug\pmc.o
 .debug_macro   0x000210d6     0x1109 C:\propedeutico\SAMV7x\SAMV71x\app\01_scheduler_\SAMV71_Xplained_Ultra\Debug\pio.o
 .debug_macro   0x000221df     0x110a C:\propedeutico\SAMV7x\SAMV71x\app\01_scheduler_\SAMV71_Xplained_Ultra\Debug\mpu.o
 .debug_macro   0x000232e9     0x110a C:\propedeutico\SAMV7x\SAMV71x\app\01_scheduler_\SAMV71_Xplained_Ultra\Debug\exceptions.o
 .debug_macro   0x000243f3      0xe89 C:\propedeutico\SAMV7x\SAMV71x\app\01_scheduler_\SAMV71_Xplained_Ultra\Debug\systick.o

.debug_line     0x00000000     0xc85e
 .debug_line    0x00000000     0x11d4 C:\propedeutico\SAMV7x\SAMV71x\app\01_scheduler_\SAMV71_Xplained_Ultra\Debug\main.o
 .debug_line    0x000011d4      0xb40 C:\propedeutico\SAMV7x\SAMV71x\app\01_scheduler_\SAMV71_Xplained_Ultra\Debug\system_sam.o
 .debug_line    0x00001d14     0x10ea C:\propedeutico\SAMV7x\SAMV71x\app\01_scheduler_\SAMV71_Xplained_Ultra\Debug\syscalls.o
 .debug_line    0x00002dfe      0xd12 C:\propedeutico\SAMV7x\SAMV71x\app\01_scheduler_\SAMV71_Xplained_Ultra\Debug\app_scheduler.o
 .debug_line    0x00003b10      0xc41 C:\propedeutico\SAMV7x\SAMV71x\app\01_scheduler_\SAMV71_Xplained_Ultra\Debug\app_tasks.o
 .debug_line    0x00004751      0xba0 C:\propedeutico\SAMV7x\SAMV71x\app\01_scheduler_\SAMV71_Xplained_Ultra\Debug\mem_alloc.o
 .debug_line    0x000052f1      0xaad C:\propedeutico\SAMV7x\SAMV71x\app\01_scheduler_\SAMV71_Xplained_Ultra\Debug\startup_sam.o
 .debug_line    0x00005d9e     0x10f7 C:\propedeutico\SAMV7x\SAMV71x\app\01_scheduler_\SAMV71_Xplained_Ultra\Debug\board_lowlevel.o
 .debug_line    0x00006e95     0x1239 C:\propedeutico\SAMV7x\SAMV71x\app\01_scheduler_\SAMV71_Xplained_Ultra\Debug\dbg_console.o
 .debug_line    0x000080ce      0xfd8 C:\propedeutico\SAMV7x\SAMV71x\app\01_scheduler_\SAMV71_Xplained_Ultra\Debug\pmc.o
 .debug_line    0x000090a6      0xed7 C:\propedeutico\SAMV7x\SAMV71x\app\01_scheduler_\SAMV71_Xplained_Ultra\Debug\pio.o
 .debug_line    0x00009f7d      0xe5e C:\propedeutico\SAMV7x\SAMV71x\app\01_scheduler_\SAMV71_Xplained_Ultra\Debug\mpu.o
 .debug_line    0x0000addb      0xe8c C:\propedeutico\SAMV7x\SAMV71x\app\01_scheduler_\SAMV71_Xplained_Ultra\Debug\exceptions.o
 .debug_line    0x0000bc67      0xbf7 C:\propedeutico\SAMV7x\SAMV71x\app\01_scheduler_\SAMV71_Xplained_Ultra\Debug\systick.o

.debug_str      0x00000000    0x7de50
 .debug_str     0x00000000    0x7b47e C:\propedeutico\SAMV7x\SAMV71x\app\01_scheduler_\SAMV71_Xplained_Ultra\Debug\main.o
                              0x7ba21 (size before relaxing)
 .debug_str     0x0007b47e      0x3ff C:\propedeutico\SAMV7x\SAMV71x\app\01_scheduler_\SAMV71_Xplained_Ultra\Debug\system_sam.o
                              0x6e214 (size before relaxing)
 .debug_str     0x0007b87d      0x622 C:\propedeutico\SAMV7x\SAMV71x\app\01_scheduler_\SAMV71_Xplained_Ultra\Debug\syscalls.o
                              0x7ba87 (size before relaxing)
 .debug_str     0x0007be9f      0x2ab C:\propedeutico\SAMV7x\SAMV71x\app\01_scheduler_\SAMV71_Xplained_Ultra\Debug\app_scheduler.o
                              0x7135b (size before relaxing)
 .debug_str     0x0007c14a       0xf6 C:\propedeutico\SAMV7x\SAMV71x\app\01_scheduler_\SAMV71_Xplained_Ultra\Debug\app_tasks.o
                              0x71046 (size before relaxing)
 .debug_str     0x0007c240       0xfe C:\propedeutico\SAMV7x\SAMV71x\app\01_scheduler_\SAMV71_Xplained_Ultra\Debug\mem_alloc.o
                              0x70e26 (size before relaxing)
 .debug_str     0x0007c33e      0x5ec C:\propedeutico\SAMV7x\SAMV71x\app\01_scheduler_\SAMV71_Xplained_Ultra\Debug\startup_sam.o
                              0x6e5d9 (size before relaxing)
 .debug_str     0x0007c92a       0x91 C:\propedeutico\SAMV7x\SAMV71x\app\01_scheduler_\SAMV71_Xplained_Ultra\Debug\board_lowlevel.o
                              0x7b664 (size before relaxing)
 .debug_str     0x0007c9bb      0xa66 C:\propedeutico\SAMV7x\SAMV71x\app\01_scheduler_\SAMV71_Xplained_Ultra\Debug\dbg_console.o
                              0x7bf9a (size before relaxing)
 .debug_str     0x0007d421      0x2d9 C:\propedeutico\SAMV7x\SAMV71x\app\01_scheduler_\SAMV71_Xplained_Ultra\Debug\pmc.o
                              0x7610e (size before relaxing)
 .debug_str     0x0007d6fa      0x19c C:\propedeutico\SAMV7x\SAMV71x\app\01_scheduler_\SAMV71_Xplained_Ultra\Debug\pio.o
                              0x76158 (size before relaxing)
 .debug_str     0x0007d896      0x150 C:\propedeutico\SAMV7x\SAMV71x\app\01_scheduler_\SAMV71_Xplained_Ultra\Debug\mpu.o
                              0x75e12 (size before relaxing)
 .debug_str     0x0007d9e6       0x60 C:\propedeutico\SAMV7x\SAMV71x\app\01_scheduler_\SAMV71_Xplained_Ultra\Debug\exceptions.o
                              0x75eb9 (size before relaxing)
 .debug_str     0x0007da46      0x40a C:\propedeutico\SAMV7x\SAMV71x\app\01_scheduler_\SAMV71_Xplained_Ultra\Debug\systick.o
                              0x714f0 (size before relaxing)

.comment        0x00000000       0x70
 .comment       0x00000000       0x70 C:\propedeutico\SAMV7x\SAMV71x\app\01_scheduler_\SAMV71_Xplained_Ultra\Debug\main.o
                                 0x71 (size before relaxing)
 .comment       0x00000000       0x71 C:\propedeutico\SAMV7x\SAMV71x\app\01_scheduler_\SAMV71_Xplained_Ultra\Debug\system_sam.o
 .comment       0x00000000       0x71 C:\propedeutico\SAMV7x\SAMV71x\app\01_scheduler_\SAMV71_Xplained_Ultra\Debug\syscalls.o
 .comment       0x00000000       0x71 C:\propedeutico\SAMV7x\SAMV71x\app\01_scheduler_\SAMV71_Xplained_Ultra\Debug\app_scheduler.o
 .comment       0x00000000       0x71 C:\propedeutico\SAMV7x\SAMV71x\app\01_scheduler_\SAMV71_Xplained_Ultra\Debug\app_tasks.o
 .comment       0x00000000       0x71 C:\propedeutico\SAMV7x\SAMV71x\app\01_scheduler_\SAMV71_Xplained_Ultra\Debug\mem_alloc.o
 .comment       0x00000000       0x71 C:\propedeutico\SAMV7x\SAMV71x\app\01_scheduler_\SAMV71_Xplained_Ultra\Debug\startup_sam.o
 .comment       0x00000000       0x71 C:\propedeutico\SAMV7x\SAMV71x\app\01_scheduler_\SAMV71_Xplained_Ultra\Debug\board_lowlevel.o
 .comment       0x00000000       0x71 C:\propedeutico\SAMV7x\SAMV71x\app\01_scheduler_\SAMV71_Xplained_Ultra\Debug\dbg_console.o
 .comment       0x00000000       0x71 C:\propedeutico\SAMV7x\SAMV71x\app\01_scheduler_\SAMV71_Xplained_Ultra\Debug\pmc.o
 .comment       0x00000000       0x71 C:\propedeutico\SAMV7x\SAMV71x\app\01_scheduler_\SAMV71_Xplained_Ultra\Debug\pio.o
 .comment       0x00000000       0x71 C:\propedeutico\SAMV7x\SAMV71x\app\01_scheduler_\SAMV71_Xplained_Ultra\Debug\mpu.o
 .comment       0x00000000       0x71 C:\propedeutico\SAMV7x\SAMV71x\app\01_scheduler_\SAMV71_Xplained_Ultra\Debug\exceptions.o
 .comment       0x00000000       0x71 C:\propedeutico\SAMV7x\SAMV71x\app\01_scheduler_\SAMV71_Xplained_Ultra\Debug\systick.o

.ARM.attributes
                0x00000000       0x35
 .ARM.attributes
                0x00000000       0x37 C:\propedeutico\SAMV7x\SAMV71x\app\01_scheduler_\SAMV71_Xplained_Ultra\Debug\main.o
 .ARM.attributes
                0x00000037       0x37 C:\propedeutico\SAMV7x\SAMV71x\app\01_scheduler_\SAMV71_Xplained_Ultra\Debug\system_sam.o
 .ARM.attributes
                0x0000006e       0x37 C:\propedeutico\SAMV7x\SAMV71x\app\01_scheduler_\SAMV71_Xplained_Ultra\Debug\syscalls.o
 .ARM.attributes
                0x000000a5       0x37 C:\propedeutico\SAMV7x\SAMV71x\app\01_scheduler_\SAMV71_Xplained_Ultra\Debug\app_scheduler.o
 .ARM.attributes
                0x000000dc       0x37 C:\propedeutico\SAMV7x\SAMV71x\app\01_scheduler_\SAMV71_Xplained_Ultra\Debug\app_tasks.o
 .ARM.attributes
                0x00000113       0x37 C:\propedeutico\SAMV7x\SAMV71x\app\01_scheduler_\SAMV71_Xplained_Ultra\Debug\mem_alloc.o
 .ARM.attributes
                0x0000014a       0x37 C:\propedeutico\SAMV7x\SAMV71x\app\01_scheduler_\SAMV71_Xplained_Ultra\Debug\startup_sam.o
 .ARM.attributes
                0x00000181       0x37 C:\propedeutico\SAMV7x\SAMV71x\app\01_scheduler_\SAMV71_Xplained_Ultra\Debug\board_lowlevel.o
 .ARM.attributes
                0x000001b8       0x37 C:\propedeutico\SAMV7x\SAMV71x\app\01_scheduler_\SAMV71_Xplained_Ultra\Debug\dbg_console.o
 .ARM.attributes
                0x000001ef       0x37 C:\propedeutico\SAMV7x\SAMV71x\app\01_scheduler_\SAMV71_Xplained_Ultra\Debug\pmc.o
 .ARM.attributes
                0x00000226       0x37 C:\propedeutico\SAMV7x\SAMV71x\app\01_scheduler_\SAMV71_Xplained_Ultra\Debug\pio.o
 .ARM.attributes
                0x0000025d       0x37 C:\propedeutico\SAMV7x\SAMV71x\app\01_scheduler_\SAMV71_Xplained_Ultra\Debug\mpu.o
 .ARM.attributes
                0x00000294       0x37 C:\propedeutico\SAMV7x\SAMV71x\app\01_scheduler_\SAMV71_Xplained_Ultra\Debug\exceptions.o
 .ARM.attributes
                0x000002cb       0x37 C:\propedeutico\SAMV7x\SAMV71x\app\01_scheduler_\SAMV71_Xplained_Ultra\Debug\systick.o
 .ARM.attributes
                0x00000302       0x33 c:/isystem/winidea9/gcc/arm/bin/../lib/gcc/arm-none-eabi/4.9.3/../../../../arm-none-eabi/lib/cortex-m7\libc.a(lib_a-assert.o)
 .ARM.attributes
                0x00000335       0x33 c:/isystem/winidea9/gcc/arm/bin/../lib/gcc/arm-none-eabi/4.9.3/../../../../arm-none-eabi/lib/cortex-m7\libc.a(lib_a-fiprintf.o)
 .ARM.attributes
                0x00000368       0x33 c:/isystem/winidea9/gcc/arm/bin/../lib/gcc/arm-none-eabi/4.9.3/../../../../arm-none-eabi/lib/cortex-m7\libc.a(lib_a-impure.o)
 .ARM.attributes
                0x0000039b       0x33 c:/isystem/winidea9/gcc/arm/bin/../lib/gcc/arm-none-eabi/4.9.3/../../../../arm-none-eabi/lib/cortex-m7\libc.a(lib_a-malloc.o)
 .ARM.attributes
                0x000003ce       0x33 c:/isystem/winidea9/gcc/arm/bin/../lib/gcc/arm-none-eabi/4.9.3/../../../../arm-none-eabi/lib/cortex-m7\libc.a(lib_a-mallocr.o)
 .ARM.attributes
                0x00000401       0x33 c:/isystem/winidea9/gcc/arm/bin/../lib/gcc/arm-none-eabi/4.9.3/../../../../arm-none-eabi/lib/cortex-m7\libc.a(lib_a-mlock.o)
 .ARM.attributes
                0x00000434       0x33 c:/isystem/winidea9/gcc/arm/bin/../lib/gcc/arm-none-eabi/4.9.3/../../../../arm-none-eabi/lib/cortex-m7\libc.a(lib_a-printf.o)
 .ARM.attributes
                0x00000467       0x33 c:/isystem/winidea9/gcc/arm/bin/../lib/gcc/arm-none-eabi/4.9.3/../../../../arm-none-eabi/lib/cortex-m7\libc.a(lib_a-putchar.o)
 .ARM.attributes
                0x0000049a       0x33 c:/isystem/winidea9/gcc/arm/bin/../lib/gcc/arm-none-eabi/4.9.3/../../../../arm-none-eabi/lib/cortex-m7\libc.a(lib_a-sbrkr.o)
 .ARM.attributes
                0x000004cd       0x33 c:/isystem/winidea9/gcc/arm/bin/../lib/gcc/arm-none-eabi/4.9.3/../../../../arm-none-eabi/lib/cortex-m7\libc.a(lib_a-setvbuf.o)
 .ARM.attributes
                0x00000500       0x33 c:/isystem/winidea9/gcc/arm/bin/../lib/gcc/arm-none-eabi/4.9.3/../../../../arm-none-eabi/lib/cortex-m7\libc.a(lib_a-vfiprintf.o)
 .ARM.attributes
                0x00000533       0x33 c:/isystem/winidea9/gcc/arm/bin/../lib/gcc/arm-none-eabi/4.9.3/../../../../arm-none-eabi/lib/cortex-m7\libc.a(lib_a-vfprintf.o)
 .ARM.attributes
                0x00000566       0x33 c:/isystem/winidea9/gcc/arm/bin/../lib/gcc/arm-none-eabi/4.9.3/../../../../arm-none-eabi/lib/cortex-m7\libc.a(lib_a-wsetup.o)
 .ARM.attributes
                0x00000599       0x33 c:/isystem/winidea9/gcc/arm/bin/../lib/gcc/arm-none-eabi/4.9.3/../../../../arm-none-eabi/lib/cortex-m7\libc.a(lib_a-abort.o)
 .ARM.attributes
                0x000005cc       0x33 c:/isystem/winidea9/gcc/arm/bin/../lib/gcc/arm-none-eabi/4.9.3/../../../../arm-none-eabi/lib/cortex-m7\libc.a(lib_a-dtoa.o)
 .ARM.attributes
                0x000005ff       0x33 c:/isystem/winidea9/gcc/arm/bin/../lib/gcc/arm-none-eabi/4.9.3/../../../../arm-none-eabi/lib/cortex-m7\libc.a(lib_a-fflush.o)
 .ARM.attributes
                0x00000632       0x33 c:/isystem/winidea9/gcc/arm/bin/../lib/gcc/arm-none-eabi/4.9.3/../../../../arm-none-eabi/lib/cortex-m7\libc.a(lib_a-findfp.o)
 .ARM.attributes
                0x00000665       0x33 c:/isystem/winidea9/gcc/arm/bin/../lib/gcc/arm-none-eabi/4.9.3/../../../../arm-none-eabi/lib/cortex-m7\libc.a(lib_a-fputwc.o)
 .ARM.attributes
                0x00000698       0x33 c:/isystem/winidea9/gcc/arm/bin/../lib/gcc/arm-none-eabi/4.9.3/../../../../arm-none-eabi/lib/cortex-m7\libc.a(lib_a-freer.o)
 .ARM.attributes
                0x000006cb       0x33 c:/isystem/winidea9/gcc/arm/bin/../lib/gcc/arm-none-eabi/4.9.3/../../../../arm-none-eabi/lib/cortex-m7\libc.a(lib_a-fvwrite.o)
 .ARM.attributes
                0x000006fe       0x33 c:/isystem/winidea9/gcc/arm/bin/../lib/gcc/arm-none-eabi/4.9.3/../../../../arm-none-eabi/lib/cortex-m7\libc.a(lib_a-fwalk.o)
 .ARM.attributes
                0x00000731       0x33 c:/isystem/winidea9/gcc/arm/bin/../lib/gcc/arm-none-eabi/4.9.3/../../../../arm-none-eabi/lib/cortex-m7\libc.a(lib_a-locale.o)
 .ARM.attributes
                0x00000764       0x33 c:/isystem/winidea9/gcc/arm/bin/../lib/gcc/arm-none-eabi/4.9.3/../../../../arm-none-eabi/lib/cortex-m7\libc.a(lib_a-makebuf.o)
 .ARM.attributes
                0x00000797       0x33 c:/isystem/winidea9/gcc/arm/bin/../lib/gcc/arm-none-eabi/4.9.3/../../../../arm-none-eabi/lib/cortex-m7\libc.a(lib_a-memchr.o)
 .ARM.attributes
                0x000007ca       0x21 c:/isystem/winidea9/gcc/arm/bin/../lib/gcc/arm-none-eabi/4.9.3/../../../../arm-none-eabi/lib/cortex-m7\libc.a(lib_a-memcpy.o)
 .ARM.attributes
                0x000007eb       0x33 c:/isystem/winidea9/gcc/arm/bin/../lib/gcc/arm-none-eabi/4.9.3/../../../../arm-none-eabi/lib/cortex-m7\libc.a(lib_a-memmove.o)
 .ARM.attributes
                0x0000081e       0x33 c:/isystem/winidea9/gcc/arm/bin/../lib/gcc/arm-none-eabi/4.9.3/../../../../arm-none-eabi/lib/cortex-m7\libc.a(lib_a-memset.o)
 .ARM.attributes
                0x00000851       0x33 c:/isystem/winidea9/gcc/arm/bin/../lib/gcc/arm-none-eabi/4.9.3/../../../../arm-none-eabi/lib/cortex-m7\libc.a(lib_a-mprec.o)
 .ARM.attributes
                0x00000884       0x33 c:/isystem/winidea9/gcc/arm/bin/../lib/gcc/arm-none-eabi/4.9.3/../../../../arm-none-eabi/lib/cortex-m7\libc.a(lib_a-putc.o)
 .ARM.attributes
                0x000008b7       0x33 c:/isystem/winidea9/gcc/arm/bin/../lib/gcc/arm-none-eabi/4.9.3/../../../../arm-none-eabi/lib/cortex-m7\libc.a(lib_a-reallocr.o)
 .ARM.attributes
                0x000008ea       0x33 c:/isystem/winidea9/gcc/arm/bin/../lib/gcc/arm-none-eabi/4.9.3/../../../../arm-none-eabi/lib/cortex-m7\libc.a(lib_a-reent.o)
 .ARM.attributes
                0x0000091d       0x33 c:/isystem/winidea9/gcc/arm/bin/../lib/gcc/arm-none-eabi/4.9.3/../../../../arm-none-eabi/lib/cortex-m7\libc.a(lib_a-s_fpclassify.o)
 .ARM.attributes
                0x00000950       0x33 c:/isystem/winidea9/gcc/arm/bin/../lib/gcc/arm-none-eabi/4.9.3/../../../../arm-none-eabi/lib/cortex-m7\libc.a(lib_a-signal.o)
 .ARM.attributes
                0x00000983       0x33 c:/isystem/winidea9/gcc/arm/bin/../lib/gcc/arm-none-eabi/4.9.3/../../../../arm-none-eabi/lib/cortex-m7\libc.a(lib_a-signalr.o)
 .ARM.attributes
                0x000009b6       0x33 c:/isystem/winidea9/gcc/arm/bin/../lib/gcc/arm-none-eabi/4.9.3/../../../../arm-none-eabi/lib/cortex-m7\libc.a(lib_a-stdio.o)
 .ARM.attributes
                0x000009e9       0x33 c:/isystem/winidea9/gcc/arm/bin/../lib/gcc/arm-none-eabi/4.9.3/../../../../arm-none-eabi/lib/cortex-m7\libc.a(lib_a-strlen.o)
 .ARM.attributes
                0x00000a1c       0x33 c:/isystem/winidea9/gcc/arm/bin/../lib/gcc/arm-none-eabi/4.9.3/../../../../arm-none-eabi/lib/cortex-m7\libc.a(lib_a-wbuf.o)
 .ARM.attributes
                0x00000a4f       0x33 c:/isystem/winidea9/gcc/arm/bin/../lib/gcc/arm-none-eabi/4.9.3/../../../../arm-none-eabi/lib/cortex-m7\libc.a(lib_a-wcrtomb.o)
 .ARM.attributes
                0x00000a82       0x33 c:/isystem/winidea9/gcc/arm/bin/../lib/gcc/arm-none-eabi/4.9.3/../../../../arm-none-eabi/lib/cortex-m7\libc.a(lib_a-wctomb_r.o)
 .ARM.attributes
                0x00000ab5       0x33 c:/isystem/winidea9/gcc/arm/bin/../lib/gcc/arm-none-eabi/4.9.3/../../../../arm-none-eabi/lib/cortex-m7\libc.a(lib_a-writer.o)
 .ARM.attributes
                0x00000ae8       0x33 c:/isystem/winidea9/gcc/arm/bin/../lib/gcc/arm-none-eabi/4.9.3/../../../../arm-none-eabi/lib/cortex-m7\libc.a(lib_a-callocr.o)
 .ARM.attributes
                0x00000b1b       0x33 c:/isystem/winidea9/gcc/arm/bin/../lib/gcc/arm-none-eabi/4.9.3/../../../../arm-none-eabi/lib/cortex-m7\libc.a(lib_a-closer.o)
 .ARM.attributes
                0x00000b4e       0x33 c:/isystem/winidea9/gcc/arm/bin/../lib/gcc/arm-none-eabi/4.9.3/../../../../arm-none-eabi/lib/cortex-m7\libc.a(lib_a-fclose.o)
 .ARM.attributes
                0x00000b81       0x33 c:/isystem/winidea9/gcc/arm/bin/../lib/gcc/arm-none-eabi/4.9.3/../../../../arm-none-eabi/lib/cortex-m7\libc.a(lib_a-fstatr.o)
 .ARM.attributes
                0x00000bb4       0x33 c:/isystem/winidea9/gcc/arm/bin/../lib/gcc/arm-none-eabi/4.9.3/../../../../arm-none-eabi/lib/cortex-m7\libc.a(lib_a-isattyr.o)
 .ARM.attributes
                0x00000be7       0x33 c:/isystem/winidea9/gcc/arm/bin/../lib/gcc/arm-none-eabi/4.9.3/../../../../arm-none-eabi/lib/cortex-m7\libc.a(lib_a-lseekr.o)
 .ARM.attributes
                0x00000c1a       0x33 c:/isystem/winidea9/gcc/arm/bin/../lib/gcc/arm-none-eabi/4.9.3/../../../../arm-none-eabi/lib/cortex-m7\libc.a(lib_a-readr.o)
 .ARM.attributes
                0x00000c4d       0x23 c:/isystem/winidea9/gcc/arm/bin/../lib/gcc/arm-none-eabi/4.9.3/cortex-m7\libgcc.a(_arm_addsubdf3.o)
 .ARM.attributes