Archive member included because of file (symbol)

c:/isystem/winidea9/gcc/arm/bin/../lib/gcc/arm-none-eabi/4.9.3/../../../../arm-none-eabi/lib/cortex-m7\libc.a(lib_a-assert.o)
                              C:\propedeutico\SAMV7x\SAMV71x\app\01_scheduler_\SAMV71_Xplained_Ultra\Debug\pmc.o (__assert_func)
c:/isystem/winidea9/gcc/arm/bin/../lib/gcc/arm-none-eabi/4.9.3/../../../../arm-none-eabi/lib/cortex-m7\libc.a(lib_a-fiprintf.o)
                              c:/isystem/winidea9/gcc/arm/bin/../lib/gcc/arm-none-eabi/4.9.3/../../../../arm-none-eabi/lib/cortex-m7\libc.a(lib_a-assert.o) (fiprintf)
c:/isystem/winidea9/gcc/arm/bin/../lib/gcc/arm-none-eabi/4.9.3/../../../../arm-none-eabi/lib/cortex-m7\libc.a(lib_a-impure.o)
                              C:\propedeutico\SAMV7x\SAMV71x\app\01_scheduler_\SAMV71_Xplained_Ultra\Debug\dbg_console.o (_impure_ptr)
c:/isystem/winidea9/gcc/arm/bin/../lib/gcc/arm-none-eabi/4.9.3/../../../../arm-none-eabi/lib/cortex-m7\libc.a(lib_a-malloc.o)
                              C:\propedeutico\SAMV7x\SAMV71x\app\01_scheduler_\SAMV71_Xplained_Ultra\Debug\mem_alloc.o (malloc)
c:/isystem/winidea9/gcc/arm/bin/../lib/gcc/arm-none-eabi/4.9.3/../../../../arm-none-eabi/lib/cortex-m7\libc.a(lib_a-mallocr.o)
                              c:/isystem/winidea9/gcc/arm/bin/../lib/gcc/arm-none-eabi/4.9.3/../../../../arm-none-eabi/lib/cortex-m7\libc.a(lib_a-malloc.o) (_malloc_r)
c:/isystem/winidea9/gcc/arm/bin/../lib/gcc/arm-none-eabi/4.9.3/../../../../arm-none-eabi/lib/cortex-m7\libc.a(lib_a-mlock.o)
                              c:/isystem/winidea9/gcc/arm/bin/../lib/gcc/arm-none-eabi/4.9.3/../../../../arm-none-eabi/lib/cortex-m7\libc.a(lib_a-mallocr.o) (__malloc_lock)
c:/isystem/winidea9/gcc/arm/bin/../lib/gcc/arm-none-eabi/4.9.3/../../../../arm-none-eabi/lib/cortex-m7\libc.a(lib_a-printf.o)
                              C:\propedeutico\SAMV7x\SAMV71x\app\01_scheduler_\SAMV71_Xplained_Ultra\Debug\syscalls.o (printf)
c:/isystem/winidea9/gcc/arm/bin/../lib/gcc/arm-none-eabi/4.9.3/../../../../arm-none-eabi/lib/cortex-m7\libc.a(lib_a-putchar.o)
                              C:\propedeutico\SAMV7x\SAMV71x\app\01_scheduler_\SAMV71_Xplained_Ultra\Debug\dbg_console.o (putchar)
c:/isystem/winidea9/gcc/arm/bin/../lib/gcc/arm-none-eabi/4.9.3/../../../../arm-none-eabi/lib/cortex-m7\libc.a(lib_a-sbrkr.o)
                              c:/isystem/winidea9/gcc/arm/bin/../lib/gcc/arm-none-eabi/4.9.3/../../../../arm-none-eabi/lib/cortex-m7\libc.a(lib_a-mallocr.o) (_sbrk_r)
c:/isystem/winidea9/gcc/arm/bin/../lib/gcc/arm-none-eabi/4.9.3/../../../../arm-none-eabi/lib/cortex-m7\libc.a(lib_a-setvbuf.o)
                              C:\propedeutico\SAMV7x\SAMV71x\app\01_scheduler_\SAMV71_Xplained_Ultra\Debug\dbg_console.o (setvbuf)
c:/isystem/winidea9/gcc/arm/bin/../lib/gcc/arm-none-eabi/4.9.3/../../../../arm-none-eabi/lib/cortex-m7\libc.a(lib_a-vfiprintf.o)
                              c:/isystem/winidea9/gcc/arm/bin/../lib/gcc/arm-none-eabi/4.9.3/../../../../arm-none-eabi/lib/cortex-m7\libc.a(lib_a-fiprintf.o) (_vfiprintf_r)
c:/isystem/winidea9/gcc/arm/bin/../lib/gcc/arm-none-eabi/4.9.3/../../../../arm-none-eabi/lib/cortex-m7\libc.a(lib_a-vfprintf.o)
                              c:/isystem/winidea9/gcc/arm/bin/../lib/gcc/arm-none-eabi/4.9.3/../../../../arm-none-eabi/lib/cortex-m7\libc.a(lib_a-printf.o) (_vfprintf_r)
c:/isystem/winidea9/gcc/arm/bin/../lib/gcc/arm-none-eabi/4.9.3/../../../../arm-none-eabi/lib/cortex-m7\libc.a(lib_a-wsetup.o)
                              c:/isystem/winidea9/gcc/arm/bin/../lib/gcc/arm-none-eabi/4.9.3/../../../../arm-none-eabi/lib/cortex-m7\libc.a(lib_a-vfiprintf.o) (__swsetup_r)
c:/isystem/winidea9/gcc/arm/bin/../lib/gcc/arm-none-eabi/4.9.3/../../../../arm-none-eabi/lib/cortex-m7\libc.a(lib_a-abort.o)
                              c:/isystem/winidea9/gcc/arm/bin/../lib/gcc/arm-none-eabi/4.9.3/../../../../arm-none-eabi/lib/cortex-m7\libc.a(lib_a-assert.o) (abort)
c:/isystem/winidea9/gcc/arm/bin/../lib/gcc/arm-none-eabi/4.9.3/../../../../arm-none-eabi/lib/cortex-m7\libc.a(lib_a-dtoa.o)
                              c:/isystem/winidea9/gcc/arm/bin/../lib/gcc/arm-none-eabi/4.9.3/../../../../arm-none-eabi/lib/cortex-m7\libc.a(lib_a-vfprintf.o) (_dtoa_r)
c:/isystem/winidea9/gcc/arm/bin/../lib/gcc/arm-none-eabi/4.9.3/../../../../arm-none-eabi/lib/cortex-m7\libc.a(lib_a-fflush.o)
                              c:/isystem/winidea9/gcc/arm/bin/../lib/gcc/arm-none-eabi/4.9.3/../../../../arm-none-eabi/lib/cortex-m7\libc.a(lib_a-setvbuf.o) (_fflush_r)
c:/isystem/winidea9/gcc/arm/bin/../lib/gcc/arm-none-eabi/4.9.3/../../../../arm-none-eabi/lib/cortex-m7\libc.a(lib_a-findfp.o)
                              c:/isystem/winidea9/gcc/arm/bin/../lib/gcc/arm-none-eabi/4.9.3/../../../../arm-none-eabi/lib/cortex-m7\libc.a(lib_a-setvbuf.o) (_cleanup_r)
c:/isystem/winidea9/gcc/arm/bin/../lib/gcc/arm-none-eabi/4.9.3/../../../../arm-none-eabi/lib/cortex-m7\libc.a(lib_a-fputwc.o)
[...]
Memory Configuration

Name             Origin             Length             Attributes
rom              0x00400000         0x00200000         xr
heap_malloc      0x20400000         0x00010000         xrw
ram              0x20410000         0x00050000         xrw
sdram            0x70000000         0x00200000         xrw
*default*        0x00000000         0xffffffff

Linker script and memory map

LOAD C:\propedeutico\SAMV7x\SAMV71x\app\01_scheduler_\SAMV71_Xplained_Ultra\Debug\main.o
LOAD C:\propedeutico\SAMV7x\SAMV71x\app\01_scheduler_\SAMV71_Xplained_Ultra\Debug\system_sam.o
LOAD C:\propedeutico\SAMV7x\SAMV71x\app\01_scheduler_\SAMV71_Xplained_Ultra\Debug\syscalls.o
LOAD C:\propedeutico\SAMV7x\SAMV71x\app\01_scheduler_\SAMV71_Xplained_Ultra\Debug\app_scheduler.o
LOAD C:\propedeutico\SAMV7x\SAMV71x\app\01_scheduler_\SAMV71_Xplained_Ultra\Debug\app_tasks.o
LOAD C:\propedeutico\SAMV7x\SAMV71x\app\01_scheduler_\SAMV71_Xplained_Ultra\Debug\mem_alloc.o
LOAD C:\propedeutico\SAMV7x\SAMV71x\app\01_scheduler_\SAMV71_Xplained_Ultra\Debug\startup_sam.o
LOAD C:\propedeutico\SAMV7x\SAMV71x\app\01_scheduler_\SAMV71_Xplained_Ultra\Debug\board_lowlevel.o
LOAD C:\propedeutico\SAMV7x\SAMV71x\app\01_scheduler_\SAMV71_Xplained_Ultra\Debug\dbg_console.o
LOAD C:\propedeutico\SAMV7x\SAMV71x\app\01_scheduler_\SAMV71_Xplained_Ultra\Debug\led.o
LOAD C:\propedeutico\SAMV7x\SAMV71x\app\01_scheduler_\SAMV71_Xplained_Ultra\Debug\pmc.o
LOAD C:\propedeutico\SAMV7x\SAMV71x\app\01_scheduler_\SAMV71_Xplained_Ultra\Debug\pio.o
LOAD C:\propedeutico\SAMV7x\SAMV71x\app\01_scheduler_\SAMV71_Xplained_Ultra\Debug\mpu.o
LOAD C:\propedeutico\SAMV7x\SAMV71x\app\01_scheduler_\SAMV71_Xplained_Ultra\Debug\exceptions.o
LOAD C:\propedeutico\SAMV7x\SAMV71x\app\01_scheduler_\SAMV71_Xplained_Ultra\Debug\systick.o
LOAD C:\propedeutico\SAMV7x\SAMV71x\app\01_scheduler_\SAMV71_Xplained_Ultra\Debug\led_ctrl.o
                0x00002000                STACK_SIZE = DEFINED (STACK_SIZE)?STACK_SIZE:0x2000
                0x00001000                HEAP_SIZE = DEFINED (HEAP_SIZE)?HEAP_SIZE:0x1000
                0x00001000                heap_memsize = DEFINED (heap_memsize)?heap_memsize:0x1000

.text           0x00400000      0xdb4
                0x00400000                . = ALIGN (0x4)
                0x00400000                _sfixed = .
 *(.vectors .vectors.*)
 .vectors       0x00400000      0x140 C:\propedeutico\SAMV7x\SAMV71x\app\01_scheduler_\SAMV71_Xplained_Ultra\Debug\startup_sam.o
                0x00400000                exception_table
 *(.text .text.* .gnu.linkonce.t.*)
 .text          0x00400140       0x4c C:\propedeutico\SAMV7x\SAMV71x\app\01_scheduler_\SAMV71_Xplained_Ultra\Debug\main.o
                0x00400174                main
 .text          0x0040018c      0x378 C:\propedeutico\SAMV7x\SAMV71x\app\01_scheduler_\SAMV71_Xplained_Ultra\Debug\system_sam.o
                0x0040018c                SystemInit
                0x00400298                SystemCoreClockUpdate
                0x00400400                system_init_flash
                0x00400494                sysclk_enable_usb
                0x004004d0                sysclk_disable_usb
 .text          0x00400504      0x2c8 C:\propedeutico\SAMV7x\SAMV71x\app\01_scheduler_\SAMV71_Xplained_Ultra\Debug\app_scheduler.o
                0x00400504                vfnScheduler_Init
                0x00400560                vfnScheduler_Start
                0x00400588                vfnScheduler_Stop
                0x004005a0                vfnScheduler_TaskStart
                0x004005cc                vfnScheduler_TaskActivate
                0x004005f0                vfnTask_Scheduler
                0x004006f0                vfnScheduler_Callback
 .text          0x004007cc       0xac C:\propedeutico\SAMV7x\SAMV71x\app\01_scheduler_\SAMV71_Xplained_Ultra\Debug\app_tasks.o
                0x004007cc                TASKS_LIST_1MS
                0x004007ec                TASKS_LIST_2MS_A
                0x0040080c                TASKS_LIST_2MS_B
                0x00400818                TASKS_LIST_10MS
                0x00400838                TASKS_LIST_50MS
                0x00400858                TASKS_LIST_100MS
 .text          0x00400878       0xe0 C:\propedeutico\SAMV7x\SAMV71x\app\01_scheduler_\SAMV71_Xplained_Ultra\Debug\startup_sam.o
                0x004008b8                Reset_Handler
                0x00400950                DebugMon_Handler
                0x00400950                UART3_Handler
                0x00400950                UART2_Handler
                0x00400950                TRNG_Handler
                0x00400950                TC2_Handler
                0x00400950                AFEC1_Handler
                0x00400950                PendSV_Handler
                0x00400950                TC7_Handler
                0x00400950                QSPI_Handler
                0x00400950                ISI_Handler
                0x00400950                TC9_Handler
                0x00400950                RSWDT_Handler
                0x00400950                MCAN1_Handler
                0x00400950                USART0_Handler
                0x00400950                RTT_Handler
                0x00400950                USBHS_Handler
                0x00400950                CCF_Handler
                0x00400950                PIOB_Handler
                0x00400950                RTC_Handler
                0x00400950                TC6_Handler
                0x00400950                WDT_Handler
                0x00400950                TC4_Handler
                0x00400950                TC1_Handler
                0x00400950                HSMCI_Handler
                0x00400950                UART1_Handler
                0x00400950                DACC_Handler
                0x00400950                TC3_Handler
                0x00400950                Dummy_Handler
                0x00400950                TWIHS1_Handler
                0x00400950                XDMAC_Handler
                0x00400950                UART4_Handler
                0x00400950                PWM1_Handler
                0x00400950                USART1_Handler
                0x00400950                PWM0_Handler
                0x00400950                PIOA_Handler
                0x00400950                AFEC0_Handler
                0x00400950                CCW_Handler
                0x00400950                TC11_Handler
                0x00400950                SSC_Handler
                0x00400950                ACC_Handler
                0x00400950                PMC_Handler
                0x00400950                GMAC_Handler
                0x00400950                SUPC_Handler
                0x00400950                SVC_Handler
                0x00400950                TC8_Handler
                0x00400950                GMACQ2_Handler
                0x00400950                EFC_Handler
                0x00400950                USART2_Handler
                0x00400950                SDRAMC_Handler
                0x00400950                PIOE_Handler
                0x00400950                SPI1_Handler
                0x00400950                MCAN0_Handler
                0x00400950                TC10_Handler
                0x00400950                PIOD_Handler
                0x00400950                TWIHS2_Handler
                0x00400950                MLB_Handler
                0x00400950                UART0_Handler
                0x00400950                GMACQ1_Handler
                0x00400950                PIOC_Handler
                0x00400950                MCAN1_Line1_Handler
                0x00400950                FPU_Handler
                0x00400950                RSTC_Handler
                0x00400950                TC0_Handler
                0x00400950                MCAN0_Line1_Handler
                0x00400950                TC5_Handler
                0x00400950                AES_Handler
                0x00400950                ICM_Handler
                0x00400950                TWIHS0_Handler
                0x00400950                SPI0_Handler
 .text          0x00400958      0x19c C:\propedeutico\SAMV7x\SAMV71x\app\01_scheduler_\SAMV71_Xplained_Ultra\Debug\board_lowlevel.o
                0x00400958                _SetupMemoryRegion
                0x00400ae4                LowLevelInit
 .text          0x00400af4       0xf0 C:\propedeutico\SAMV7x\SAMV71x\app\01_scheduler_\SAMV71_Xplained_Ultra\Debug\mpu.o
                0x00400af4                MPU_Enable
                0x00400b10                MPU_SetRegionNum
                0x00400b2c                MPU_DisableRegion
                0x00400b48                MPU_SetRegion
                0x00400b6c                MPU_CalMPURegionSize
                0x00400bac                MPU_UpdateRegions
 .text          0x00400be4       0xe8 C:\propedeutico\SAMV7x\SAMV71x\app\01_scheduler_\SAMV71_Xplained_Ultra\Debug\exceptions.o
                0x00400be4                NMI_Handler
                0x00400c6c                HardFault_Handler
                0x00400c80                MemManage_Handler
                0x00400c98                BusFault_Handler
                0x00400cb4                UsageFault_Handler
 .text          0x00400ccc       0xe8 C:\propedeutico\SAMV7x\SAMV71x\app\01_scheduler_\SAMV71_Xplained_Ultra\Debug\systick.o
                0x00400d64                sysTick_init
                0x00400d9c                SysTick_Handler
 *(.glue_7t)
 .glue_7t       0x00000000        0x0 linker stubs
 *(.glue_7)
 .glue_7        0x00000000        0x0 linker stubs
 *(.rodata .rodata* .gnu.linkonce.r.*)
 *(.ARM.extab* .gnu.linkonce.armextab.*)
                0x00400db4                . = ALIGN (0x4)
 *(.init)
                0x00400db4                . = ALIGN (0x4)
                0x00400db4                __preinit_array_start = .
 *(.preinit_array)
                0x00400db4                __preinit_array_end = .
                0x00400db4                . = ALIGN (0x4)
                0x00400db4                __init_array_start = .
 *(SORT(.init_array.*))
 *(.init_array)
                0x00400db4                __init_array_end = .
                0x00400db4                . = ALIGN (0x4)
 *crtbegin.o(.ctors)
 *(EXCLUDE_FILE(*crtend.o) .ctors)
 *(SORT(.ctors.*))
 *crtend.o(.ctors)
                0x00400db4                . = ALIGN (0x4)
 *(.fini)
                0x00400db4                . = ALIGN (0x4)
                0x00400db4                __fini_array_start = .
 *(.fini_array)
 *(SORT(.fini_array.*))
                0x00400db4                __fini_array_end = .
 *crtbegin.o(.dtors)
 *(EXCLUDE_FILE(*crtend.o) .dtors)
 *(SORT(.dtors.*))
 *crtend.o(.dtors)
                0x00400db4                . = ALIGN (0x4)
                0x00400db4                _efixed = .
                0x00400db4                PROVIDE (__exidx_start, .)

.vfp11_veneer   0x00400db4        0x0
 .vfp11_veneer  0x00000000        0x0 linker stubs

.v4_bx          0x00400db4        0x0
 .v4_bx         0x00000000        0x0 linker stubs

.iplt           0x00400db4        0x0
 .iplt          0x00000000        0x0 C:\propedeutico\SAMV7x\SAMV71x\app\01_scheduler_\SAMV71_Xplained_Ultra\Debug\main.o

.igot.plt       0x00400db4        0x0
 .igot.plt      0x00000000        0x0 C:\propedeutico\SAMV7x\SAMV71x\app\01_scheduler_\SAMV71_Xplained_Ultra\Debug\main.o

.rel.dyn        0x00400db4        0x0
 .rel.iplt      0x00000000        0x0 C:\propedeutico\SAMV7x\SAMV71x\app\01_scheduler_\SAMV71_Xplained_Ultra\Debug\main.o

.ARM.exidx
 *(.ARM.exidx* .gnu.linkonce.armexidx.*)
                0x00400db4                PROVIDE (__exidx_end, .)
                0x00400db4                . = ALIGN (0x4)
                0x00400db4                _etext = .

.relocate       0x20410000       0x4c load address 0x00400db4
                0x20410000                . = ALIGN (0x4)
                0x20410000                _srelocate = .
 *(.ramfunc .ramfunc.*)
 *(.data .data.*)
 .data          0x20410000        0x4 C:\propedeutico\SAMV7x\SAMV71x\app\01_scheduler_\SAMV71_Xplained_Ultra\Debug\system_sam.o
                0x20410000                SystemCoreClock
 .data          0x20410004       0x48 C:\propedeutico\SAMV7x\SAMV71x\app\01_scheduler_\SAMV71_Xplained_Ultra\Debug\app_scheduler.o
                0x20410004                TimeTriggeredTasks
                0x2041004c                . = ALIGN (0x4)
                0x2041004c                _erelocate = .

.bss            0x2041004c       0x30 load address 0x00400e00
                0x2041004c                . = ALIGN (0x4)
                0x2041004c                _sbss = .
                0x2041004c                _szero = .
 *(.bss .bss.*)
 .bss           0x2041004c       0x1c C:\propedeutico\SAMV7x\SAMV71x\app\01_scheduler_\SAMV71_Xplained_Ultra\Debug\app_tasks.o
                0x20410054                ptrTask_1ms
                0x20410058                ptrTask_2ms
                0x2041005c                ptrTask_10ms
                0x20410060                ptrTask_50ms
                0x20410064                ptrTask_100ms
 .bss           0x20410068        0xc C:\propedeutico\SAMV7x\SAMV71x\app\01_scheduler_\SAMV71_Xplained_Ultra\Debug\systick.o
                0x20410070                pfctnSysTick
 *(COMMON)
 COMMON         0x20410074        0x8 C:\propedeutico\SAMV7x\SAMV71x\app\01_scheduler_\SAMV71_Xplained_Ultra\Debug\app_scheduler.o
                0x20410074                u8_50ms_Counter
                0x20410075                gu8Scheduler_Status
                0x20410076                TaskScheduler_Task_ID_Running
                0x20410077                u8_10ms_Counter
                0x20410078                u8_100ms_Counter
                0x20410079                gu8Scheduler_Counter
                0x2041007a                TaskScheduler_Task_ID_Activated
                0x2041007b                TasksScheduler_Task_ID_Backup
                0x2041007c                . = ALIGN (0x4)
                0x2041007c                _ebss = .
                0x2041007c                _ezero = .

.stack          0x2041007c     0x2004 load address 0x00400e30
                0x20410080                . = ALIGN (0x8)
 *fill*         0x2041007c        0x4 
                0x20410080                _sstack = .
                0x20412080                . = (. + STACK_SIZE)
 *fill*         0x20410080     0x2000 
                0x20412080                . = ALIGN (0x8)
                0x20412080                _estack = .

.heap           0x20412080     0x1000 load address 0x00402e34
                0x20412080                _heap_mem_start = .
                0x20412080                . = ALIGN (0x8)
                0x20412080                _sheap = .
                0x20413080                . = (. + HEAP_SIZE)
 *fill*         0x20412080     0x1000 
                0x20413080                . = ALIGN (0x8)
                0x20413080                _eheap = .
                0x20413080                _heap_mem_end = .
                0x20413080                . = ALIGN (0x4)
                0x20413080                _end = .
                0x2045ffff                _ram_end_ = ((ORIGIN (ram) + 0x50000) - 0x1)
                0x20413080                _sdram_lma = .

sdram_region
 *(sdram_region)
LOAD c:/isystem/winidea9/gcc/arm/bin/../lib/gcc/arm-none-eabi/4.9.3/../../../../arm-none-eabi/lib/cortex-m7\libc.a
LOAD c:/isystem/winidea9/gcc/arm/bin/../lib/gcc/arm-none-eabi/4.9.3/cortex-m7\libgcc.a
LOAD c:/isystem/winidea9/gcc/arm/bin/../lib/gcc/arm-none-eabi/4.9.3/../../../../arm-none-eabi/lib/cortex-m7\libm.a
OUTPUT(tau.elf elf32-littlearm)

.debug_info     0x00000000     0x2ec7
 .debug_info    0x00000000      0x4e5 C:\propedeutico\SAMV7x\SAMV71x\app\01_scheduler_\SAMV71_Xplained_Ultra\Debug\main.o
 .debug_info    0x000004e5      0x515 C:\propedeutico\SAMV7x\SAMV71x\app\01_scheduler_\SAMV71_Xplained_Ultra\Debug\system_sam.o
 .debug_info    0x000009fa      0x309 C:\propedeutico\SAMV7x\SAMV71x\app\01_scheduler_\SAMV71_Xplained_Ultra\Debug\app_scheduler.o
 .debug_info    0x00000d03      0x1b9 C:\propedeutico\SAMV7x\SAMV71x\app\01_scheduler_\SAMV71_Xplained_Ultra\Debug\app_tasks.o
 .debug_info    0x00000ebc      0x9c8 C:\propedeutico\SAMV7x\SAMV71x\app\01_scheduler_\SAMV71_Xplained_Ultra\Debug\startup_sam.o
 .debug_info    0x00001884      0x4f5 C:\propedeutico\SAMV7x\SAMV71x\app\01_scheduler_\SAMV71_Xplained_Ultra\Debug\board_lowlevel.o
 .debug_info    0x00001d79      0x327 C:\propedeutico\SAMV7x\SAMV71x\app\01_scheduler_\SAMV71_Xplained_Ultra\Debug\mpu.o
 .debug_info    0x000020a0      0x59c C:\propedeutico\SAMV7x\SAMV71x\app\01_scheduler_\SAMV71_Xplained_Ultra\Debug\exceptions.o
 .debug_info    0x0000263c      0x88b C:\propedeutico\SAMV7x\SAMV71x\app\01_scheduler_\SAMV71_Xplained_Ultra\Debug\systick.o

.debug_abbrev   0x00000000      0xb4e
 .debug_abbrev  0x00000000      0x111 C:\propedeutico\SAMV7x\SAMV71x\app\01_scheduler_\SAMV71_Xplained_Ultra\Debug\main.o
 .debug_abbrev  0x00000111      0x127 C:\propedeutico\SAMV7x\SAMV71x\app\01_scheduler_\SAMV71_Xplained_Ultra\Debug\system_sam.o
 .debug_abbrev  0x00000238      0x14f C:\propedeutico\SAMV7x\SAMV71x\app\01_scheduler_\SAMV71_Xplained_Ultra\Debug\app_scheduler.o
 .debug_abbrev  0x00000387       0xb0 C:\propedeutico\SAMV7x\SAMV71x\app\01_scheduler_\SAMV71_Xplained_Ultra\Debug\app_tasks.o
 .debug_abbrev  0x00000437      0x1a0 C:\propedeutico\SAMV7x\SAMV71x\app\01_scheduler_\SAMV71_Xplained_Ultra\Debug\startup_sam.o
 .debug_abbrev  0x000005d7      0x12f C:\propedeutico\SAMV7x\SAMV71x\app\01_scheduler_\SAMV71_Xplained_Ultra\Debug\board_lowlevel.o
 .debug_abbrev  0x00000706      0x144 C:\propedeutico\SAMV7x\SAMV71x\app\01_scheduler_\SAMV71_Xplained_Ultra\Debug\mpu.o
 .debug_abbrev  0x0000084a      0x152 C:\propedeutico\SAMV7x\SAMV71x\app\01_scheduler_\SAMV71_Xplained_Ultra\Debug\exceptions.o
 .debug_abbrev  0x0000099c      0x1b2 C:\propedeutico\SAMV7x\SAMV71x\app\01_scheduler_\SAMV71_Xplained_Ultra\Debug\systick.o

.debug_aranges  0x00000000      0x120
 .debug_aranges
                0x00000000       0x20 C:\propedeutico\SAMV7x\SAMV71x\app\01_scheduler_\SAMV71_Xplained_Ultra\Debug\main.o
 .debug_aranges
                0x00000020       0x20 C:\propedeutico\SAMV7x\SAMV71x\app\01_scheduler_\SAMV71_Xplained_Ultra\Debug\system_sam.o
 .debug_aranges
                0x00000040       0x20 C:\propedeutico\SAMV7x\SAMV71x\app\01_scheduler_\SAMV71_Xplained_Ultra\Debug\app_scheduler.o
 .debug_aranges
                0x00000060       0x20 C:\propedeutico\SAMV7x\SAMV71x\app\01_scheduler_\SAMV71_Xplained_Ultra\Debug\app_tasks.o
 .debug_aranges
                0x00000080       0x20 C:\propedeutico\SAMV7x\SAMV71x\app\01_scheduler_\SAMV71_Xplained_Ultra\Debug\startup_sam.o
 .debug_aranges
                0x000000a0       0x20 C:\propedeutico\SAMV7x\SAMV71x\app\01_scheduler_\SAMV71_Xplained_Ultra\Debug\board_lowlevel.o
 .debug_aranges
                0x000000c0       0x20 C:\propedeutico\SAMV7x\SAMV71x\app\01_scheduler_\SAMV71_Xplained_Ultra\Debug\mpu.o
 .debug_aranges
                0x000000e0       0x20 C:\propedeutico\SAMV7x\SAMV71x\app\01_scheduler_\SAMV71_Xplained_Ultra\Debug\exceptions.o
 .debug_aranges
                0x00000100       0x20 C:\propedeutico\SAMV7x\SAMV71x\app\01_scheduler_\SAMV71_Xplained_Ultra\Debug\systick.o

.debug_macro    0x00000000    0x1f992
 .debug_macro   0x00000000     0x12db C:\propedeutico\SAMV7x\SAMV71x\app\01_scheduler_\SAMV71_Xplained_Ultra\Debug\main.o
 .debug_macro   0x000012db       0x22 C:\propedeutico\SAMV7x\SAMV71x\app\01_scheduler_\SAMV71_Xplained_Ultra\Debug\main.o
 .debug_macro   0x000012fd       0x44 C:\propedeutico\SAMV7x\SAMV71x\app\01_scheduler_\SAMV71_Xplained_Ultra\Debug\main.o
 .debug_macro   0x00001341       0xe3 C:\propedeutico\SAMV7x\SAMV71x\app\01_scheduler_\SAMV71_Xplained_Ultra\Debug\main.o
 .debug_macro   0x00001424       0x22 C:\propedeutico\SAMV7x\SAMV71x\app\01_scheduler_\SAMV71_Xplained_Ultra\Debug\main.o
 .debug_macro   0x00001446      0x1df C:\propedeutico\SAMV7x\SAMV71x\app\01_scheduler_\SAMV71_Xplained_Ultra\Debug\main.o
 .debug_macro   0x00001625       0x4a C:\propedeutico\SAMV7x\SAMV71x\app\01_scheduler_\SAMV71_Xplained_Ultra\Debug\main.o
 .debug_macro   0x0000166f       0x3b C:\propedeutico\SAMV7x\SAMV71x\app\01_scheduler_\SAMV71_Xplained_Ultra\Debug\main.o
 .debug_macro   0x000016aa       0x18 C:\propedeutico\SAMV7x\SAMV71x\app\01_scheduler_\SAMV71_Xplained_Ultra\Debug\main.o
 .debug_macro   0x000016c2       0x26 C:\propedeutico\SAMV7x\SAMV71x\app\01_scheduler_\SAMV71_Xplained_Ultra\Debug\main.o
 .debug_macro   0x000016e8      0xf9a C:\propedeutico\SAMV7x\SAMV71x\app\01_scheduler_\SAMV71_Xplained_Ultra\Debug\main.o
 .debug_macro   0x00002682      0x16c C:\propedeutico\SAMV7x\SAMV71x\app\01_scheduler_\SAMV71_Xplained_Ultra\Debug\main.o
 .debug_macro   0x000027ee      0x24a C:\propedeutico\SAMV7x\SAMV71x\app\01_scheduler_\SAMV71_Xplained_Ultra\Debug\main.o
 .debug_macro   0x00002a38      0xa00 C:\propedeutico\SAMV7x\SAMV71x\app\01_scheduler_\SAMV71_Xplained_Ultra\Debug\main.o
 .debug_macro   0x00003438      0x1b4 C:\propedeutico\SAMV7x\SAMV71x\app\01_scheduler_\SAMV71_Xplained_Ultra\Debug\main.o
 .debug_macro   0x000035ec      0x328 C:\propedeutico\SAMV7x\SAMV71x\app\01_scheduler_\SAMV71_Xplained_Ultra\Debug\main.o
 .debug_macro   0x00003914      0x15a C:\propedeutico\SAMV7x\SAMV71x\app\01_scheduler_\SAMV71_Xplained_Ultra\Debug\main.o
 .debug_macro   0x00003a6e      0xe71 C:\propedeutico\SAMV7x\SAMV71x\app\01_scheduler_\SAMV71_Xplained_Ultra\Debug\main.o
 .debug_macro   0x000048df       0x1c C:\propedeutico\SAMV7x\SAMV71x\app\01_scheduler_\SAMV71_Xplained_Ultra\Debug\main.o
 .debug_macro   0x000048fb      0x67f C:\propedeutico\SAMV7x\SAMV71x\app\01_scheduler_\SAMV71_Xplained_Ultra\Debug\main.o
 .debug_macro   0x00004f7a      0x310 C:\propedeutico\SAMV7x\SAMV71x\app\01_scheduler_\SAMV71_Xplained_Ultra\Debug\main.o
 .debug_macro   0x0000528a      0x4c7 C:\propedeutico\SAMV7x\SAMV71x\app\01_scheduler_\SAMV71_Xplained_Ultra\Debug\main.o
 .debug_macro   0x00005751      0x26e C:\propedeutico\SAMV7x\SAMV71x\app\01_scheduler_\SAMV71_Xplained_Ultra\Debug\main.o
 .debug_macro   0x000059bf     0x1324 C:\propedeutico\SAMV7x\SAMV71x\app\01_scheduler_\SAMV71_Xplained_Ultra\Debug\main.o
 .debug_macro   0x00006ce3      0x280 C:\propedeutico\SAMV7x\SAMV71x\app\01_scheduler_\SAMV71_Xplained_Ultra\Debug\main.o
 .debug_macro   0x00006f63     0x2ba3 C:\propedeutico\SAMV7x\SAMV71x\app\01_scheduler_\SAMV71_Xplained_Ultra\Debug\main.o
 .debug_macro   0x00009b06     0x101d C:\propedeutico\SAMV7x\SAMV71x\app\01_scheduler_\SAMV71_Xplained_Ultra\Debug\main.o
 .debug_macro   0x0000ab23      0xe01 C:\propedeutico\SAMV7x\SAMV71x\app\01_scheduler_\SAMV71_Xplained_Ultra\Debug\main.o
 .debug_macro   0x0000b924      0x3a4 C:\propedeutico\SAMV7x\SAMV71x\app\01_scheduler_\SAMV71_Xplained_Ultra\Debug\main.o
 .debug_macro   0x0000bcc8       0xa0 C:\propedeutico\SAMV7x\SAMV71x\app\01_scheduler_\SAMV71_Xplained_Ultra\Debug\main.o
 .debug_macro   0x0000bd68       0x76 C:\propedeutico\SAMV7x\SAMV71x\app\01_scheduler_\SAMV71_Xplained_Ultra\Debug\main.o
 .debug_macro   0x0000bdde      0x3fb C:\propedeutico\SAMV7x\SAMV71x\app\01_scheduler_\SAMV71_Xplained_Ultra\Debug\main.o
 .debug_macro   0x0000c1d9       0x64 C:\propedeutico\SAMV7x\SAMV71x\app\01_scheduler_\SAMV71_Xplained_Ultra\Debug\main.o
 .debug_macro   0x0000c23d      0x276 C:\propedeutico\SAMV7x\SAMV71x\app\01_scheduler_\SAMV71_Xplained_Ultra\Debug\main.o
 .debug_macro   0x0000c4b3      0x1c4 C:\propedeutico\SAMV7x\SAMV71x\app\01_scheduler_\SAMV71_Xplained_Ultra\Debug\main.o
 .debug_macro   0x0000c677      0x23b C:\propedeutico\SAMV7x\SAMV71x\app\01_scheduler_\SAMV71_Xplained_Ultra\Debug\main.o
 .debug_macro   0x0000c8b2      0x516 C:\propedeutico\SAMV7x\SAMV71x\app\01_scheduler_\SAMV71_Xplained_Ultra\Debug\main.o
 .debug_macro   0x0000cdc8      0x62d C:\propedeutico\SAMV7x\SAMV71x\app\01_scheduler_\SAMV71_Xplained_Ultra\Debug\main.o
 .debug_macro   0x0000d3f5      0x6a9 C:\propedeutico\SAMV7x\SAMV71x\app\01_scheduler_\SAMV71_Xplained_Ultra\Debug\main.o
 .debug_macro   0x0000da9e       0x4c C:\propedeutico\SAMV7x\SAMV71x\app\01_scheduler_\SAMV71_Xplained_Ultra\Debug\main.o
 .debug_macro   0x0000daea      0x45a C:\propedeutico\SAMV7x\SAMV71x\app\01_scheduler_\SAMV71_Xplained_Ultra\Debug\main.o
 .debug_macro   0x0000df44      0x1fb C:\propedeutico\SAMV7x\SAMV71x\app\01_scheduler_\SAMV71_Xplained_Ultra\Debug\main.o
 .debug_macro   0x0000e13f      0x87d C:\propedeutico\SAMV7x\SAMV71x\app\01_scheduler_\SAMV71_Xplained_Ultra\Debug\main.o
 .debug_macro   0x0000e9bc     0x1547 C:\propedeutico\SAMV7x\SAMV71x\app\01_scheduler_\SAMV71_Xplained_Ultra\Debug\main.o
 .debug_macro   0x0000ff03       0x40 C:\propedeutico\SAMV7x\SAMV71x\app\01_scheduler_\SAMV71_Xplained_Ultra\Debug\main.o
 .debug_macro   0x0000ff43       0x76 C:\propedeutico\SAMV7x\SAMV71x\app\01_scheduler_\SAMV71_Xplained_Ultra\Debug\main.o
 .debug_macro   0x0000ffb9      0xda0 C:\propedeutico\SAMV7x\SAMV71x\app\01_scheduler_\SAMV71_Xplained_Ultra\Debug\main.o
 .debug_macro   0x00010d59       0x82 C:\propedeutico\SAMV7x\SAMV71x\app\01_scheduler_\SAMV71_Xplained_Ultra\Debug\main.o
 .debug_macro   0x00010ddb       0x76 C:\propedeutico\SAMV7x\SAMV71x\app\01_scheduler_\SAMV71_Xplained_Ultra\Debug\main.o
 .debug_macro   0x00010e51       0x4c C:\propedeutico\SAMV7x\SAMV71x\app\01_scheduler_\SAMV71_Xplained_Ultra\Debug\main.o
 .debug_macro   0x00010e9d      0x126 C:\propedeutico\SAMV7x\SAMV71x\app\01_scheduler_\SAMV71_Xplained_Ultra\Debug\main.o
 .debug_macro   0x00010fc3      0x126 C:\propedeutico\SAMV7x\SAMV71x\app\01_scheduler_\SAMV71_Xplained_Ultra\Debug\main.o
 .debug_macro   0x000110e9      0x126 C:\propedeutico\SAMV7x\SAMV71x\app\01_scheduler_\SAMV71_Xplained_Ultra\Debug\main.o
 .debug_macro   0x0001120f       0x6a C:\propedeutico\SAMV7x\SAMV71x\app\01_scheduler_\SAMV71_Xplained_Ultra\Debug\main.o
 .debug_macro   0x00011279       0x6a C:\propedeutico\SAMV7x\SAMV71x\app\01_scheduler_\SAMV71_Xplained_Ultra\Debug\main.o
 .debug_macro   0x000112e3      0x313 C:\propedeutico\SAMV7x\SAMV71x\app\01_scheduler_\SAMV71_Xplained_Ultra\Debug\main.o
 .debug_macro   0x000115f6       0xb2 C:\propedeutico\SAMV7x\SAMV71x\app\01_scheduler_\SAMV71_Xplained_Ultra\Debug\main.o
 .debug_macro   0x000116a8       0xb2 C:\propedeutico\SAMV7x\SAMV71x\app\01_scheduler_\SAMV71_Xplained_Ultra\Debug\main.o
 .debug_macro   0x0001175a       0xb2 C:\propedeutico\SAMV7x\SAMV71x\app\01_scheduler_\SAMV71_Xplained_Ultra\Debug\main.o
 .debug_macro   0x0001180c      0x112 C:\propedeutico\SAMV7x\SAMV71x\app\01_scheduler_\SAMV71_Xplained_Ultra\Debug\main.o
 .debug_macro   0x0001191e      0x112 C:\propedeutico\SAMV7x\SAMV71x\app\01_scheduler_\SAMV71_Xplained_Ultra\Debug\main.o
 .debug_macro   0x00011a30      0x2cd C:\propedeutico\SAMV7x\SAMV71x\app\01_scheduler_\SAMV71_Xplained_Ultra\Debug\main.o
 .debug_macro   0x00011cfd       0xb8 C:\propedeutico\SAMV7x\SAMV71x\app\01_scheduler_\SAMV71_Xplained_Ultra\Debug\main.o
 .debug_macro   0x00011db5       0x5e C:\propedeutico\SAMV7x\SAMV71x\app\01_scheduler_\SAMV71_Xplained_Ultra\Debug\main.o
 .debug_macro   0x00011e13       0x40 C:\propedeutico\SAMV7x\SAMV71x\app\01_scheduler_\SAMV71_Xplained_Ultra\Debug\main.o
 .debug_macro   0x00011e53       0x4c C:\propedeutico\SAMV7x\SAMV71x\app\01_scheduler_\SAMV71_Xplained_Ultra\Debug\main.o
 .debug_macro   0x00011e9f       0xa0 C:\propedeutico\SAMV7x\SAMV71x\app\01_scheduler_\SAMV71_Xplained_Ultra\Debug\main.o
 .debug_macro   0x00011f3f      0x494 C:\propedeutico\SAMV7x\SAMV71x\app\01_scheduler_\SAMV71_Xplained_Ultra\Debug\main.o
 .debug_macro   0x000123d3      0x126 C:\propedeutico\SAMV7x\SAMV71x\app\01_scheduler_\SAMV71_Xplained_Ultra\Debug\main.o
 .debug_macro   0x000124f9       0x4c C:\propedeutico\SAMV7x\SAMV71x\app\01_scheduler_\SAMV71_Xplained_Ultra\Debug\main.o
 .debug_macro   0x00012545      0x313 C:\propedeutico\SAMV7x\SAMV71x\app\01_scheduler_\SAMV71_Xplained_Ultra\Debug\main.o
 .debug_macro   0x00012858       0x6a C:\propedeutico\SAMV7x\SAMV71x\app\01_scheduler_\SAMV71_Xplained_Ultra\Debug\main.o
 .debug_macro   0x000128c2       0xb8 C:\propedeutico\SAMV7x\SAMV71x\app\01_scheduler_\SAMV71_Xplained_Ultra\Debug\main.o
 .debug_macro   0x0001297a       0x76 C:\propedeutico\SAMV7x\SAMV71x\app\01_scheduler_\SAMV71_Xplained_Ultra\Debug\main.o
 .debug_macro   0x000129f0       0x6a C:\propedeutico\SAMV7x\SAMV71x\app\01_scheduler_\SAMV71_Xplained_Ultra\Debug\main.o
 .debug_macro   0x00012a5a       0x2e C:\propedeutico\SAMV7x\SAMV71x\app\01_scheduler_\SAMV71_Xplained_Ultra\Debug\main.o
 .debug_macro   0x00012a88      0x9b1 C:\propedeutico\SAMV7x\SAMV71x\app\01_scheduler_\SAMV71_Xplained_Ultra\Debug\main.o
 .debug_macro   0x00013439       0x6a C:\propedeutico\SAMV7x\SAMV71x\app\01_scheduler_\SAMV71_Xplained_Ultra\Debug\main.o
 .debug_macro   0x000134a3       0x88 C:\propedeutico\SAMV7x\SAMV71x\app\01_scheduler_\SAMV71_Xplained_Ultra\Debug\main.o
 .debug_macro   0x0001352b       0x58 C:\propedeutico\SAMV7x\SAMV71x\app\01_scheduler_\SAMV71_Xplained_Ultra\Debug\main.o
 .debug_macro   0x00013583       0xa6 C:\propedeutico\SAMV7x\SAMV71x\app\01_scheduler_\SAMV71_Xplained_Ultra\Debug\main.o
 .debug_macro   0x00013629       0x16 C:\propedeutico\SAMV7x\SAMV71x\app\01_scheduler_\SAMV71_Xplained_Ultra\Debug\main.o
 .debug_macro   0x0001363f       0xe2 C:\propedeutico\SAMV7x\SAMV71x\app\01_scheduler_\SAMV71_Xplained_Ultra\Debug\main.o
 .debug_macro   0x00013721       0x4c C:\propedeutico\SAMV7x\SAMV71x\app\01_scheduler_\SAMV71_Xplained_Ultra\Debug\main.o
 .debug_macro   0x0001376d       0x16 C:\propedeutico\SAMV7x\SAMV71x\app\01_scheduler_\SAMV71_Xplained_Ultra\Debug\main.o
 .debug_macro   0x00013783       0x4c C:\propedeutico\SAMV7x\SAMV71x\app\01_scheduler_\SAMV71_Xplained_Ultra\Debug\main.o
 .debug_macro   0x000137cf       0x2e C:\propedeutico\SAMV7x\SAMV71x\app\01_scheduler_\SAMV71_Xplained_Ultra\Debug\main.o
 .debug_macro   0x000137fd      0x19e C:\propedeutico\SAMV7x\SAMV71x\app\01_scheduler_\SAMV71_Xplained_Ultra\Debug\main.o
 .debug_macro   0x0001399b      0x19e C:\propedeutico\SAMV7x\SAMV71x\app\01_scheduler_\SAMV71_Xplained_Ultra\Debug\main.o
 .debug_macro   0x00013b39      0x19e C:\propedeutico\SAMV7x\SAMV71x\app\01_scheduler_\SAMV71_Xplained_Ultra\Debug\main.o
 .debug_macro   0x00013cd7      0x19e C:\propedeutico\SAMV7x\SAMV71x\app\01_scheduler_\SAMV71_Xplained_Ultra\Debug\main.o
 .debug_macro   0x00013e75      0x19e C:\propedeutico\SAMV7x\SAMV71x\app\01_scheduler_\SAMV71_Xplained_Ultra\Debug\main.o
 .debug_macro   0x00014013       0x1c C:\propedeutico\SAMV7x\SAMV71x\app\01_scheduler_\SAMV71_Xplained_Ultra\Debug\main.o
 .debug_macro   0x0001402f       0x2e C:\propedeutico\SAMV7x\SAMV71x\app\01_scheduler_\SAMV71_Xplained_Ultra\Debug\main.o
 .debug_macro   0x0001405d       0x22 C:\propedeutico\SAMV7x\SAMV71x\app\01_scheduler_\SAMV71_Xplained_Ultra\Debug\main.o
 .debug_macro   0x0001407f       0x1c C:\propedeutico\SAMV7x\SAMV71x\app\01_scheduler_\SAMV71_Xplained_Ultra\Debug\main.o
 .debug_macro   0x0001409b       0x52 C:\propedeutico\SAMV7x\SAMV71x\app\01_scheduler_\SAMV71_Xplained_Ultra\Debug\main.o
 .debug_macro   0x000140ed       0x10 C:\propedeutico\SAMV7x\SAMV71x\app\01_scheduler_\SAMV71_Xplained_Ultra\Debug\main.o
 .debug_macro   0x000140fd       0x1c C:\propedeutico\SAMV7x\SAMV71x\app\01_scheduler_\SAMV71_Xplained_Ultra\Debug\main.o
 .debug_macro   0x00014119       0x4c C:\propedeutico\SAMV7x\SAMV71x\app\01_scheduler_\SAMV71_Xplained_Ultra\Debug\main.o
 .debug_macro   0x00014165       0x4c C:\propedeutico\SAMV7x\SAMV71x\app\01_scheduler_\SAMV71_Xplained_Ultra\Debug\main.o
 .debug_macro   0x000141b1       0x4c C:\propedeutico\SAMV7x\SAMV71x\app\01_scheduler_\SAMV71_Xplained_Ultra\Debug\main.o
 .debug_macro   0x000141fd      0x329 C:\propedeutico\SAMV7x\SAMV71x\app\01_scheduler_\SAMV71_Xplained_Ultra\Debug\main.o
 .debug_macro   0x00014526     0x1028 C:\propedeutico\SAMV7x\SAMV71x\app\01_scheduler_\SAMV71_Xplained_Ultra\Debug\main.o
 .debug_macro   0x0001554e      0x107 C:\propedeutico\SAMV7x\SAMV71x\app\01_scheduler_\SAMV71_Xplained_Ultra\Debug\main.o
 .debug_macro   0x00015655      0x166 C:\propedeutico\SAMV7x\SAMV71x\app\01_scheduler_\SAMV71_Xplained_Ultra\Debug\main.o
 .debug_macro   0x000157bb       0x58 C:\propedeutico\SAMV7x\SAMV71x\app\01_scheduler_\SAMV71_Xplained_Ultra\Debug\main.o
 .debug_macro   0x00015813       0x35 C:\propedeutico\SAMV7x\SAMV71x\app\01_scheduler_\SAMV71_Xplained_Ultra\Debug\main.o
 .debug_macro   0x00015848       0x9c C:\propedeutico\SAMV7x\SAMV71x\app\01_scheduler_\SAMV71_Xplained_Ultra\Debug\main.o
 .debug_macro   0x000158e4       0x16 C:\propedeutico\SAMV7x\SAMV71x\app\01_scheduler_\SAMV71_Xplained_Ultra\Debug\main.o
 .debug_macro   0x000158fa       0x35 C:\propedeutico\SAMV7x\SAMV71x\app\01_scheduler_\SAMV71_Xplained_Ultra\Debug\main.o
 .debug_macro   0x0001592f       0x52 C:\propedeutico\SAMV7x\SAMV71x\app\01_scheduler_\SAMV71_Xplained_Ultra\Debug\main.o
 .debug_macro   0x00015981       0x16 C:\propedeutico\SAMV7x\SAMV71x\app\01_scheduler_\SAMV71_Xplained_Ultra\Debug\main.o
 .debug_macro   0x00015997       0x43 C:\propedeutico\SAMV7x\SAMV71x\app\01_scheduler_\SAMV71_Xplained_Ultra\Debug\main.o
 .debug_macro   0x000159da      0x180 C:\propedeutico\SAMV7x\SAMV71x\app\01_scheduler_\SAMV71_Xplained_Ultra\Debug\main.o
 .debug_macro   0x00015b5a      0x29d C:\propedeutico\SAMV7x\SAMV71x\app\01_scheduler_\SAMV71_Xplained_Ultra\Debug\main.o
 .debug_macro   0x00015df7       0x16 C:\propedeutico\SAMV7x\SAMV71x\app\01_scheduler_\SAMV71_Xplained_Ultra\Debug\main.o
 .debug_macro   0x00015e0d       0x29 C:\propedeutico\SAMV7x\SAMV71x\app\01_scheduler_\SAMV71_Xplained_Ultra\Debug\main.o
 .debug_macro   0x00015e36       0x22 C:\propedeutico\SAMV7x\SAMV71x\app\01_scheduler_\SAMV71_Xplained_Ultra\Debug\main.o
 .debug_macro   0x00015e58      0x159 C:\propedeutico\SAMV7x\SAMV71x\app\01_scheduler_\SAMV71_Xplained_Ultra\Debug\main.o
 .debug_macro   0x00015fb1       0x5e C:\propedeutico\SAMV7x\SAMV71x\app\01_scheduler_\SAMV71_Xplained_Ultra\Debug\main.o
 .debug_macro   0x0001600f       0x16 C:\propedeutico\SAMV7x\SAMV71x\app\01_scheduler_\SAMV71_Xplained_Ultra\Debug\main.o
 .debug_macro   0x00016025       0xc6 C:\propedeutico\SAMV7x\SAMV71x\app\01_scheduler_\SAMV71_Xplained_Ultra\Debug\main.o
 .debug_macro   0x000160eb       0x16 C:\propedeutico\SAMV7x\SAMV71x\app\01_scheduler_\SAMV71_Xplained_Ultra\Debug\main.o
 .debug_macro   0x00016101       0x10 C:\propedeutico\SAMV7x\SAMV71x\app\01_scheduler_\SAMV71_Xplained_Ultra\Debug\main.o
 .debug_macro   0x00016111       0xe6 C:\propedeutico\SAMV7x\SAMV71x\app\01_scheduler_\SAMV71_Xplained_Ultra\Debug\main.o
 .debug_macro   0x000161f7       0x94 C:\propedeutico\SAMV7x\SAMV71x\app\01_scheduler_\SAMV71_Xplained_Ultra\Debug\main.o
 .debug_macro   0x0001628b       0x97 C:\propedeutico\SAMV7x\SAMV71x\app\01_scheduler_\SAMV71_Xplained_Ultra\Debug\main.o
 .debug_macro   0x00016322      0x19e C:\propedeutico\SAMV7x\SAMV71x\app\01_scheduler_\SAMV71_Xplained_Ultra\Debug\main.o
 .debug_macro   0x000164c0       0x98 C:\propedeutico\SAMV7x\SAMV71x\app\01_scheduler_\SAMV71_Xplained_Ultra\Debug\main.o
 .debug_macro   0x00016558       0x34 C:\propedeutico\SAMV7x\SAMV71x\app\01_scheduler_\SAMV71_Xplained_Ultra\Debug\main.o
 .debug_macro   0x0001658c       0x16 C:\propedeutico\SAMV7x\SAMV71x\app\01_scheduler_\SAMV71_Xplained_Ultra\Debug\main.o
 .debug_macro   0x000165a2       0x76 C:\propedeutico\SAMV7x\SAMV71x\app\01_scheduler_\SAMV71_Xplained_Ultra\Debug\main.o
 .debug_macro   0x00016618       0x1c C:\propedeutico\SAMV7x\SAMV71x\app\01_scheduler_\SAMV71_Xplained_Ultra\Debug\main.o
 .debug_macro   0x00016634       0x3a C:\propedeutico\SAMV7x\SAMV71x\app\01_scheduler_\SAMV71_Xplained_Ultra\Debug\main.o
 .debug_macro   0x0001666e       0x1c C:\propedeutico\SAMV7x\SAMV71x\app\01_scheduler_\SAMV71_Xplained_Ultra\Debug\main.o
 .debug_macro   0x0001668a       0x2e C:\propedeutico\SAMV7x\SAMV71x\app\01_scheduler_\SAMV71_Xplained_Ultra\Debug\main.o
 .debug_macro   0x000166b8       0x3a C:\propedeutico\SAMV7x\SAMV71x\app\01_scheduler_\SAMV71_Xplained_Ultra\Debug\main.o
 .debug_macro   0x000166f2       0x52 C:\propedeutico\SAMV7x\SAMV71x\app\01_scheduler_\SAMV71_Xplained_Ultra\Debug\main.o
 .debug_macro   0x00016744       0x22 C:\propedeutico\SAMV7x\SAMV71x\app\01_scheduler_\SAMV71_Xplained_Ultra\Debug\main.o
 .debug_macro   0x00016766       0x1c C:\propedeutico\SAMV7x\SAMV71x\app\01_scheduler_\SAMV71_Xplained_Ultra\Debug\main.o
 .debug_macro   0x00016782       0x1c C:\propedeutico\SAMV7x\SAMV71x\app\01_scheduler_\SAMV71_Xplained_Ultra\Debug\main.o
 .debug_macro   0x0001679e       0x10 C:\propedeutico\SAMV7x\SAMV71x\app\01_scheduler_\SAMV71_Xplained_Ultra\Debug\main.o
 .debug_macro   0x000167ae       0x10 C:\propedeutico\SAMV7x\SAMV71x\app\01_scheduler_\SAMV71_Xplained_Ultra\Debug\main.o
 .debug_macro   0x000167be       0x22 C:\propedeutico\SAMV7x\SAMV71x\app\01_scheduler_\SAMV71_Xplained_Ultra\Debug\main.o
 .debug_macro   0x000167e0       0xbe C:\propedeutico\SAMV7x\SAMV71x\app\01_scheduler_\SAMV71_Xplained_Ultra\Debug\main.o
 .debug_macro   0x0001689e       0x16 C:\propedeutico\SAMV7x\SAMV71x\app\01_scheduler_\SAMV71_Xplained_Ultra\Debug\main.o
 .debug_macro   0x000168b4      0x197 C:\propedeutico\SAMV7x\SAMV71x\app\01_scheduler_\SAMV71_Xplained_Ultra\Debug\main.o
 .debug_macro   0x00016a4b       0x93 C:\propedeutico\SAMV7x\SAMV71x\app\01_scheduler_\SAMV71_Xplained_Ultra\Debug\main.o
 .debug_macro   0x00016ade       0x2e C:\propedeutico\SAMV7x\SAMV71x\app\01_scheduler_\SAMV71_Xplained_Ultra\Debug\main.o
 .debug_macro   0x00016b0c       0x2e C:\propedeutico\SAMV7x\SAMV71x\app\01_scheduler_\SAMV71_Xplained_Ultra\Debug\main.o
 .debug_macro   0x00016b3a       0x76 C:\propedeutico\SAMV7x\SAMV71x\app\01_scheduler_\SAMV71_Xplained_Ultra\Debug\main.o
 .debug_macro   0x00016bb0       0x28 C:\propedeutico\SAMV7x\SAMV71x\app\01_scheduler_\SAMV71_Xplained_Ultra\Debug\main.o
 .debug_macro   0x00016bd8       0x16 C:\propedeutico\SAMV7x\SAMV71x\app\01_scheduler_\SAMV71_Xplained_Ultra\Debug\main.o
 .debug_macro   0x00016bee       0x28 C:\propedeutico\SAMV7x\SAMV71x\app\01_scheduler_\SAMV71_Xplained_Ultra\Debug\main.o
 .debug_macro   0x00016c16       0x1c C:\propedeutico\SAMV7x\SAMV71x\app\01_scheduler_\SAMV71_Xplained_Ultra\Debug\main.o
 .debug_macro   0x00016c32       0x16 C:\propedeutico\SAMV7x\SAMV71x\app\01_scheduler_\SAMV71_Xplained_Ultra\Debug\main.o
 .debug_macro   0x00016c48       0x16 C:\propedeutico\SAMV7x\SAMV71x\app\01_scheduler_\SAMV71_Xplained_Ultra\Debug\main.o
 .debug_macro   0x00016c5e       0x1c C:\propedeutico\SAMV7x\SAMV71x\app\01_scheduler_\SAMV71_Xplained_Ultra\Debug\main.o
 .debug_macro   0x00016c7a       0x6f C:\propedeutico\SAMV7x\SAMV71x\app\01_scheduler_\SAMV71_Xplained_Ultra\Debug\main.o
 .debug_macro   0x00016ce9       0xa0 C:\propedeutico\SAMV7x\SAMV71x\app\01_scheduler_\SAMV71_Xplained_Ultra\Debug\main.o
 .debug_macro   0x00016d89       0x10 C:\propedeutico\SAMV7x\SAMV71x\app\01_scheduler_\SAMV71_Xplained_Ultra\Debug\main.o
 .debug_macro   0x00016d99      0x148 C:\propedeutico\SAMV7x\SAMV71x\app\01_scheduler_\SAMV71_Xplained_Ultra\Debug\main.o
 .debug_macro   0x00016ee1       0x16 C:\propedeutico\SAMV7x\SAMV71x\app\01_scheduler_\SAMV71_Xplained_Ultra\Debug\main.o
 .debug_macro   0x00016ef7       0x52 C:\propedeutico\SAMV7x\SAMV71x\app\01_scheduler_\SAMV71_Xplained_Ultra\Debug\main.o
 .debug_macro   0x00016f49      0x240 C:\propedeutico\SAMV7x\SAMV71x\app\01_scheduler_\SAMV71_Xplained_Ultra\Debug\main.o
 .debug_macro   0x00017189       0x34 C:\propedeutico\SAMV7x\SAMV71x\app\01_scheduler_\SAMV71_Xplained_Ultra\Debug\main.o
 .debug_macro   0x000171bd      0x13c C:\propedeutico\SAMV7x\SAMV71x\app\01_scheduler_\SAMV71_Xplained_Ultra\Debug\main.o
 .debug_macro   0x000172f9       0x10 C:\propedeutico\SAMV7x\SAMV71x\app\01_scheduler_\SAMV71_Xplained_Ultra\Debug\main.o
 .debug_macro   0x00017309      0x102 C:\propedeutico\SAMV7x\SAMV71x\app\01_scheduler_\SAMV71_Xplained_Ultra\Debug\main.o
 .debug_macro   0x0001740b       0x52 C:\propedeutico\SAMV7x\SAMV71x\app\01_scheduler_\SAMV71_Xplained_Ultra\Debug\main.o
 .debug_macro   0x0001745d      0x1f3 C:\propedeutico\SAMV7x\SAMV71x\app\01_scheduler_\SAMV71_Xplained_Ultra\Debug\main.o
 .debug_macro   0x00017650       0x2e C:\propedeutico\SAMV7x\SAMV71x\app\01_scheduler_\SAMV71_Xplained_Ultra\Debug\main.o
 .debug_macro   0x0001767e       0x16 C:\propedeutico\SAMV7x\SAMV71x\app\01_scheduler_\SAMV71_Xplained_Ultra\Debug\main.o
 .debug_macro   0x00017694       0x52 C:\propedeutico\SAMV7x\SAMV71x\app\01_scheduler_\SAMV71_Xplained_Ultra\Debug\main.o
 .debug_macro   0x000176e6       0x16 C:\propedeutico\SAMV7x\SAMV71x\app\01_scheduler_\SAMV71_Xplained_Ultra\Debug\main.o
 .debug_macro   0x000176fc       0x10 C:\propedeutico\SAMV7x\SAMV71x\app\01_scheduler_\SAMV71_Xplained_Ultra\Debug\main.o
 .debug_macro   0x0001770c       0x10 C:\propedeutico\SAMV7x\SAMV71x\app\01_scheduler_\SAMV71_Xplained_Ultra\Debug\main.o
 .debug_macro   0x0001771c       0x10 C:\propedeutico\SAMV7x\SAMV71x\app\01_scheduler_\SAMV71_Xplained_Ultra\Debug\main.o
 .debug_macro   0x0001772c       0x35 C:\propedeutico\SAMV7x\SAMV71x\app\01_scheduler_\SAMV71_Xplained_Ultra\Debug\main.o
 .debug_macro   0x00017761      0x122 C:\propedeutico\SAMV7x\SAMV71x\app\01_scheduler_\SAMV71_Xplained_Ultra\Debug\main.o
 .debug_macro   0x00017883      0x456 C:\propedeutico\SAMV7x\SAMV71x\app\01_scheduler_\SAMV71_Xplained_Ultra\Debug\main.o
 .debug_macro   0x00017cd9       0x52 C:\propedeutico\SAMV7x\SAMV71x\app\01_scheduler_\SAMV71_Xplained_Ultra\Debug\main.o
 .debug_macro   0x00017d2b       0x52 C:\propedeutico\SAMV7x\SAMV71x\app\01_scheduler_\SAMV71_Xplained_Ultra\Debug\main.o
 .debug_macro   0x00017d7d      0xdab C:\propedeutico\SAMV7x\SAMV71x\app\01_scheduler_\SAMV71_Xplained_Ultra\Debug\system_sam.o
 .debug_macro   0x00018b28      0xea2 C:\propedeutico\SAMV7x\SAMV71x\app\01_scheduler_\SAMV71_Xplained_Ultra\Debug\app_scheduler.o
 .debug_macro   0x000199ca       0x50 C:\propedeutico\SAMV7x\SAMV71x\app\01_scheduler_\SAMV71_Xplained_Ultra\Debug\app_scheduler.o
 .debug_macro   0x00019a1a      0xe8b C:\propedeutico\SAMV7x\SAMV71x\app\01_scheduler_\SAMV71_Xplained_Ultra\Debug\app_tasks.o
 .debug_macro   0x0001a8a5      0xd93 C:\propedeutico\SAMV7x\SAMV71x\app\01_scheduler_\SAMV71_Xplained_Ultra\Debug\startup_sam.o
 .debug_macro   0x0001b638     0x12bd C:\propedeutico\SAMV7x\SAMV71x\app\01_scheduler_\SAMV71_Xplained_Ultra\Debug\board_lowlevel.o
 .debug_macro   0x0001c8f5     0x110a C:\propedeutico\SAMV7x\SAMV71x\app\01_scheduler_\SAMV71_Xplained_Ultra\Debug\mpu.o
 .debug_macro   0x0001d9ff     0x110a C:\propedeutico\SAMV7x\SAMV71x\app\01_scheduler_\SAMV71_Xplained_Ultra\Debug\exceptions.o
 .debug_macro   0x0001eb09      0xe89 C:\propedeutico\SAMV7x\SAMV71x\app\01_scheduler_\SAMV71_Xplained_Ultra\Debug\systick.o

.debug_line     0x00000000     0x7a7e
 .debug_line    0x00000000     0x1166 C:\propedeutico\SAMV7x\SAMV71x\app\01_scheduler_\SAMV71_Xplained_Ultra\Debug\main.o
 .debug_line    0x00001166      0xb40 C:\propedeutico\SAMV7x\SAMV71x\app\01_scheduler_\SAMV71_Xplained_Ultra\Debug\system_sam.o
 .debug_line    0x00001ca6      0xd12 C:\propedeutico\SAMV7x\SAMV71x\app\01_scheduler_\SAMV71_Xplained_Ultra\Debug\app_scheduler.o
 .debug_line    0x000029b8      0xc41 C:\propedeutico\SAMV7x\SAMV71x\app\01_scheduler_\SAMV71_Xplained_Ultra\Debug\app_tasks.o
 .debug_line    0x000035f9      0xaad C:\propedeutico\SAMV7x\SAMV71x\app\01_scheduler_\SAMV71_Xplained_Ultra\Debug\startup_sam.o
 .debug_line    0x000040a6     0x10f7 C:\propedeutico\SAMV7x\SAMV71x\app\01_scheduler_\SAMV71_Xplained_Ultra\Debug\board_lowlevel.o
 .debug_line    0x0000519d      0xe5e C:\propedeutico\SAMV7x\SAMV71x\app\01_scheduler_\SAMV71_Xplained_Ultra\Debug\mpu.o
 .debug_line    0x00005ffb      0xe8c C:\propedeutico\SAMV7x\SAMV71x\app\01_scheduler_\SAMV71_Xplained_Ultra\Debug\exceptions.o
 .debug_line    0x00006e87      0xbf7 C:\propedeutico\SAMV7x\SAMV71x\app\01_scheduler_\SAMV71_Xplained_Ultra\Debug\systick.o

.debug_str      0x00000000    0x7c8a3
 .debug_str     0x00000000    0x7b44c C:\propedeutico\SAMV7x\SAMV71x\app\01_scheduler_\SAMV71_Xplained_Ultra\Debug\main.o
                              0x7b9ef (size before relaxing)
 .debug_str     0x0007b44c      0x3ff C:\propedeutico\SAMV7x\SAMV71x\app\01_scheduler_\SAMV71_Xplained_Ultra\Debug\system_sam.o
                              0x6e214 (size before relaxing)
 .debug_str     0x0007b84b      0x2ab C:\propedeutico\SAMV7x\SAMV71x\app\01_scheduler_\SAMV71_Xplained_Ultra\Debug\app_scheduler.o
                              0x7135b (size before relaxing)
 .debug_str     0x0007baf6       0xf6 C:\propedeutico\SAMV7x\SAMV71x\app\01_scheduler_\SAMV71_Xplained_Ultra\Debug\app_tasks.o
                              0x71046 (size before relaxing)
 .debug_str     0x0007bbec      0x5ec C:\propedeutico\SAMV7x\SAMV71x\app\01_scheduler_\SAMV71_Xplained_Ultra\Debug\startup_sam.o
                              0x6e5d9 (size before relaxing)
 .debug_str     0x0007c1d8       0xd3 C:\propedeutico\SAMV7x\SAMV71x\app\01_scheduler_\SAMV71_Xplained_Ultra\Debug\board_lowlevel.o
                              0x7b664 (size before relaxing)
 .debug_str     0x0007c2ab      0x18e C:\propedeutico\SAMV7x\SAMV71x\app\01_scheduler_\SAMV71_Xplained_Ultra\Debug\mpu.o
                              0x75e12 (size before relaxing)
 .debug_str     0x0007c439       0x60 C:\propedeutico\SAMV7x\SAMV71x\app\01_scheduler_\SAMV71_Xplained_Ultra\Debug\exceptions.o
                              0x75eb9 (size before relaxing)
 .debug_str     0x0007c499      0x40a C:\propedeutico\SAMV7x\SAMV71x\app\01_scheduler_\SAMV71_Xplained_Ultra\Debug\systick.o
                              0x714f0 (size before relaxing)

.comment        0x00000000       0x70
 .comment       0x00000000       0x70 C:\propedeutico\SAMV7x\SAMV71x\app\01_scheduler_\SAMV71_Xplained_Ultra\Debug\main.o
                                 0x71 (size before relaxing)
 .comment       0x00000000       0x71 C:\propedeutico\SAMV7x\SAMV71x\app\01_scheduler_\SAMV71_Xplained_Ultra\Debug\system_sam.o
 .comment       0x00000000       0x71 C:\propedeutico\SAMV7x\SAMV71x\app\01_scheduler_\SAMV71_Xplained_Ultra\Debug\app_scheduler.o
 .comment       0x00000000       0x71 C:\propedeutico\SAMV7x\SAMV71x\app\01_scheduler_\SAMV71_Xplained_Ultra\Debug\app_tasks.o
 .comment       0x00000000       0x71 C:\propedeutico\SAMV7x\SAMV71x\app\01_scheduler_\SAMV71_Xplained_Ultra\Debug\startup_sam.o
 .comment       0x00000000       0x71 C:\propedeutico\SAMV7x\SAMV71x\app\01_scheduler_\SAMV71_Xplained_Ultra\Debug\board_lowlevel.o
 .comment       0x00000000       0x71 C:\propedeutico\SAMV7x\SAMV71x\app\01_scheduler_\SAMV71_Xplained_Ultra\Debug\mpu.o
 .comment       0x00000000       0x71 C:\propedeutico\SAMV7x\SAMV71x\app\01_scheduler_\SAMV71_Xplained_Ultra\Debug\exceptions.o
 .comment       0x00000000       0x71 C:\propedeutico\SAMV7x\SAMV71x\app\01_scheduler_\SAMV71_Xplained_Ultra\Debug\systick.o

.ARM.attributes
                0x00000000       0x35
 .ARM.attributes
                0x00000000       0x37 C:\propedeutico\SAMV7x\SAMV71x\app\01_scheduler_\SAMV71_Xplained_Ultra\Debug\main.o
 .ARM.attributes
                0x00000037       0x37 C:\propedeutico\SAMV7x\SAMV71x\app\01_scheduler_\SAMV71_Xplained_Ultra\Debug\system_sam.o
 .ARM.attributes
                0x0000006e       0x37 C:\propedeutico\SAMV7x\SAMV71x\app\01_scheduler_\SAMV71_Xplained_Ultra\Debug\app_scheduler.o
 .ARM.attributes
                0x000000a5       0x37 C:\propedeutico\SAMV7x\SAMV71x\app\01_scheduler_\SAMV71_Xplained_Ultra\Debug\app_tasks.o
 .ARM.attributes
                0x000000dc       0x37 C:\propedeutico\SAMV7x\SAMV71x\app\01_scheduler_\SAMV71_Xplained_Ultra\Debug\startup_sam.o
 .ARM.attributes
                0x00000113       0x37 C:\propedeutico\SAMV7x\SAMV71x\app\01_scheduler_\SAMV71_Xplained_Ultra\Debug\board_lowlevel.o
 .ARM.attributes
                0x0000014a       0x37 C:\propedeutico\SAMV7x\SAMV71x\app\01_scheduler_\SAMV71_Xplained_Ultra\Debug\mpu.o
 .ARM.attributes
                0x00000181       0x37 C:\propedeutico\SAMV7x\SAMV71x\app\01_scheduler_\SAMV71_Xplained_Ultra\Debug\exceptions.o
 .ARM.attributes
                0x000001b8       0x37 C:\propedeutico\SAMV7x\SAMV71x\app\01_scheduler_\SAMV71_Xplained_Ultra\Debug\systick.o

.debug_frame    0x00000000      0x5cc
 .debug_frame   0x00000000       0x4c C:\propedeutico\SAMV7x\SAMV71x\app\01_scheduler_\SAMV71_Xplained_Ultra\Debug\main.o
 .debug_frame   0x0000004c       0xc0 C:\propedeutico\SAMV7x\SAMV71x\app\01_scheduler_\SAMV71_Xplained_Ultra\Debug\system_sam.o
 .debug_frame   0x0000010c       0xf0 C:\propedeutico\SAMV7x\SAMV71x\app\01_scheduler_\SAMV71_Xplained_Ultra\Debug\app_scheduler.o
 .debug_frame   0x000001fc       0xbc C:\propedeutico\SAMV7x\SAMV71x\app\01_scheduler_\SAMV71_Xplained_Ultra\Debug\app_tasks.o
 .debug_frame   0x000002b8       0x68 C:\propedeutico\SAMV7x\SAMV71x\app\01_scheduler_\SAMV71_Xplained_Ultra\Debug\startup_sam.o
 .debug_frame   0x00000320       0x50 C:\propedeutico\SAMV7x\SAMV71x\app\01_scheduler_\SAMV71_Xplained_Ultra\Debug\board_lowlevel.o
 .debug_frame   0x00000370       0xf4 C:\propedeutico\SAMV7x\SAMV71x\app\01_scheduler_\SAMV71_Xplained_Ultra\Debug\mpu.o
 .debug_frame   0x00000464       0xcc C:\propedeutico\SAMV7x\SAMV71x\app\01_scheduler_\SAMV71_Xplained_Ultra\Debug\exceptions.o
 .debug_frame   0x00000530       0x9c C:\propedeutico\SAMV7x\SAMV71x\app\01_scheduler_\SAMV71_Xplained_Ultra\Debug\systick.o
