Archive member included because of file (symbol)

c:/isystem/winidea9/gcc/arm/bin/../lib/gcc/arm-none-eabi/4.9.3/../../../../arm-none-eabi/lib/cortex-m7\libc.a(lib_a-assert.o)
                              C:\SAMV71x\app\01_scheduler_\SAMV71_Xplained_Ultra\Debug\pio_it.o (__assert_func)
c:/isystem/winidea9/gcc/arm/bin/../lib/gcc/arm-none-eabi/4.9.3/../../../../arm-none-eabi/lib/cortex-m7\libc.a(lib_a-fiprintf.o)
                              c:/isystem/winidea9/gcc/arm/bin/../lib/gcc/arm-none-eabi/4.9.3/../../../../arm-none-eabi/lib/cortex-m7\libc.a(lib_a-assert.o) (fiprintf)
c:/isystem/winidea9/gcc/arm/bin/../lib/gcc/arm-none-eabi/4.9.3/../../../../arm-none-eabi/lib/cortex-m7\libc.a(lib_a-impure.o)
                              C:\SAMV71x\app\01_scheduler_\SAMV71_Xplained_Ultra\Debug\dbg_console.o (_impure_ptr)
c:/isystem/winidea9/gcc/arm/bin/../lib/gcc/arm-none-eabi/4.9.3/../../../../arm-none-eabi/lib/cortex-m7\libc.a(lib_a-printf.o)
                              C:\SAMV71x\app\01_scheduler_\SAMV71_Xplained_Ultra\Debug\syscalls.o (printf)
c:/isystem/winidea9/gcc/arm/bin/../lib/gcc/arm-none-eabi/4.9.3/../../../../arm-none-eabi/lib/cortex-m7\libc.a(lib_a-putchar.o)
                              C:\SAMV71x\app\01_scheduler_\SAMV71_Xplained_Ultra\Debug\dbg_console.o (putchar)
c:/isystem/winidea9/gcc/arm/bin/../lib/gcc/arm-none-eabi/4.9.3/../../../../arm-none-eabi/lib/cortex-m7\libc.a(lib_a-setvbuf.o)
                              C:\SAMV71x\app\01_scheduler_\SAMV71_Xplained_Ultra\Debug\dbg_console.o (setvbuf)
c:/isystem/winidea9/gcc/arm/bin/../lib/gcc/arm-none-eabi/4.9.3/../../../../arm-none-eabi/lib/cortex-m7\libc.a(lib_a-vfiprintf.o)
                              c:/isystem/winidea9/gcc/arm/bin/../lib/gcc/arm-none-eabi/4.9.3/../../../../arm-none-eabi/lib/cortex-m7\libc.a(lib_a-fiprintf.o) (_vfiprintf_r)
c:/isystem/winidea9/gcc/arm/bin/../lib/gcc/arm-none-eabi/4.9.3/../../../../arm-none-eabi/lib/cortex-m7\libc.a(lib_a-vfprintf.o)
                              c:/isystem/winidea9/gcc/arm/bin/../lib/gcc/arm-none-eabi/4.9.3/../../../../arm-none-eabi/lib/cortex-m7\libc.a(lib_a-printf.o) (_vfprintf_r)
c:/isystem/winidea9/gcc/arm/bin/../lib/gcc/arm-none-eabi/4.9.3/../../../../arm-none-eabi/lib/cortex-m7\libc.a(lib_a-wsetup.o)
                              c:/isystem/winidea9/gcc/arm/bin/../lib/gcc/arm-none-eabi/4.9.3/../../../../arm-none-eabi/lib/cortex-m7\libc.a(lib_a-vfiprintf.o) (__swsetup_r)
c:/isystem/winidea9/gcc/arm/bin/../lib/gcc/arm-none-eabi/4.9.3/../../../../arm-none-eabi/lib/cortex-m7\libc.a(lib_a-abort.o)
                              c:/isystem/winidea9/gcc/arm/bin/../lib/gcc/arm-none-eabi/4.9.3/../../../../arm-none-eabi/lib/cortex-m7\libc.a(lib_a-assert.o) (abort)
c:/isystem/winidea9/gcc/arm/bin/../lib/gcc/arm-none-eabi/4.9.3/../../../../arm-none-eabi/lib/cortex-m7\libc.a(lib_a-dtoa.o)
                              c:/isystem/winidea9/gcc/arm/bin/../lib/gcc/arm-none-eabi/4.9.3/../../../../arm-none-eabi/lib/cortex-m7\libc.a(lib_a-vfprintf.o) (_dtoa_r)
c:/isystem/winidea9/gcc/arm/bin/../lib/gcc/arm-none-eabi/4.9.3/../../../../arm-none-eabi/lib/cortex-m7\libc.a(lib_a-fflush.o)
                              c:/isystem/winidea9/gcc/arm/bin/../lib/gcc/arm-none-eabi/4.9.3/../../../../arm-none-eabi/lib/cortex-m7\libc.a(lib_a-setvbuf.o) (_fflush_r)
c:/isystem/winidea9/gcc/arm/bin/../lib/gcc/arm-none-eabi/4.9.3/../../../../arm-none-eabi/lib/cortex-m7\libc.a(lib_a-findfp.o)
                              c:/isystem/winidea9/gcc/arm/bin/../lib/gcc/arm-none-eabi/4.9.3/../../../../arm-none-eabi/lib/cortex-m7\libc.a(lib_a-setvbuf.o) (_cleanup_r)
c:/isystem/winidea9/gcc/arm/bin/../lib/gcc/arm-none-eabi/4.9.3/../../../../arm-none-eabi/lib/cortex-m7\libc.a(lib_a-fputwc.o)
                              c:/isystem/winidea9/gcc/arm/bin/../lib/gcc/arm-none-eabi/4.9.3/../../../../arm-none-eabi/lib/cortex-m7\libc.a(lib_a-vfiprintf.o) (_fputwc_r)
c:/isystem/winidea9/gcc/arm/bin/../lib/gcc/arm-none-eabi/4.9.3/../../../../arm-none-eabi/lib/cortex-m7\libc.a(lib_a-freer.o)
                              c:/isystem/winidea9/gcc/arm/bin/../lib/gcc/arm-none-eabi/4.9.3/../../../../arm-none-eabi/lib/cortex-m7\libc.a(lib_a-setvbuf.o) (_free_r)
c:/isystem/winidea9/gcc/arm/bin/../lib/gcc/arm-none-eabi/4.9.3/../../../../arm-none-eabi/lib/cortex-m7\libc.a(lib_a-fvwrite.o)
                              c:/isystem/winidea9/gcc/arm/bin/../lib/gcc/arm-none-eabi/4.9.3/../../../../arm-none-eabi/lib/cortex-m7\libc.a(lib_a-vfiprintf.o) (__sfvwrite_r)
c:/isystem/winidea9/gcc/arm/bin/../lib/gcc/arm-none-eabi/4.9.3/../../../../arm-none-eabi/lib/cortex-m7\libc.a(lib_a-fwalk.o)
                              c:/isystem/winidea9/gcc/arm/bin/../lib/gcc/arm-none-eabi/4.9.3/../../../../arm-none-eabi/lib/cortex-m7\libc.a(lib_a-findfp.o) (_fwalk)
c:/isystem/winidea9/gcc/arm/bin/../lib/gcc/arm-none-eabi/4.9.3/../../../../arm-none-eabi/lib/cortex-m7\libc.a(lib_a-locale.o)
[...]
Memory Configuration

Name             Origin             Length             Attributes
rom              0x00400000         0x00200000         xr
ram              0x20400000         0x00060000         xrw
sdram            0x70000000         0x00200000         xrw
*default*        0x00000000         0xffffffff

Linker script and memory map

LOAD C:\SAMV71x\app\01_scheduler_\SAMV71_Xplained_Ultra\Debug\main.o
LOAD C:\SAMV71x\app\01_scheduler_\SAMV71_Xplained_Ultra\Debug\system_sam.o
LOAD C:\SAMV71x\app\01_scheduler_\SAMV71_Xplained_Ultra\Debug\syscalls.o
LOAD C:\SAMV71x\app\01_scheduler_\SAMV71_Xplained_Ultra\Debug\event_driven.o
LOAD C:\SAMV71x\app\01_scheduler_\SAMV71_Xplained_Ultra\Debug\wdt.o
LOAD C:\SAMV71x\app\01_scheduler_\SAMV71_Xplained_Ultra\Debug\pio_it.o
LOAD C:\SAMV71x\app\01_scheduler_\SAMV71_Xplained_Ultra\Debug\app_scheduler.o
LOAD C:\SAMV71x\app\01_scheduler_\SAMV71_Xplained_Ultra\Debug\app_tasks.o
LOAD C:\SAMV71x\app\01_scheduler_\SAMV71_Xplained_Ultra\Debug\startup_sam.o
LOAD C:\SAMV71x\app\01_scheduler_\SAMV71_Xplained_Ultra\Debug\board_lowlevel.o
LOAD C:\SAMV71x\app\01_scheduler_\SAMV71_Xplained_Ultra\Debug\dbg_console.o
LOAD C:\SAMV71x\app\01_scheduler_\SAMV71_Xplained_Ultra\Debug\led.o
LOAD C:\SAMV71x\app\01_scheduler_\SAMV71_Xplained_Ultra\Debug\pmc.o
LOAD C:\SAMV71x\app\01_scheduler_\SAMV71_Xplained_Ultra\Debug\pio.o
LOAD C:\SAMV71x\app\01_scheduler_\SAMV71_Xplained_Ultra\Debug\mpu.o
LOAD C:\SAMV71x\app\01_scheduler_\SAMV71_Xplained_Ultra\Debug\exceptions.o
LOAD C:\SAMV71x\app\01_scheduler_\SAMV71_Xplained_Ultra\Debug\systick.o
LOAD C:\SAMV71x\app\01_scheduler_\SAMV71_Xplained_Ultra\Debug\led_ctrl.o
                0x00002000                STACK_SIZE = DEFINED (STACK_SIZE)?STACK_SIZE:0x2000
                0x00001000                HEAP_SIZE = DEFINED (HEAP_SIZE)?HEAP_SIZE:0x1000

.text           0x00400000     0x9478
                0x00400000                . = ALIGN (0x4)
                0x00400000                _sfixed = .
 *(.vectors .vectors.*)
 .vectors       0x00400000      0x140 C:\SAMV71x\app\01_scheduler_\SAMV71_Xplained_Ultra\Debug\startup_sam.o
                0x00400000                exception_table
 *(.text .text.* .gnu.linkonce.t.*)
 .text          0x00400140       0x60 C:\SAMV71x\app\01_scheduler_\SAMV71_Xplained_Ultra\Debug\main.o
                0x00400174                main
 .text          0x004001a0      0x378 C:\SAMV71x\app\01_scheduler_\SAMV71_Xplained_Ultra\Debug\system_sam.o
                0x004001a0                SystemInit
                0x004002ac                SystemCoreClockUpdate
                0x00400414                system_init_flash
                0x004004a8                sysclk_enable_usb
                0x004004e4                sysclk_disable_usb
 .text          0x00400518      0x164 C:\SAMV71x\app\01_scheduler_\SAMV71_Xplained_Ultra\Debug\syscalls.o
                0x00400518                _sbrk
                0x00400558                link
                0x00400574                _close
                0x0040058c                _fstat
                0x004005ac                _isatty
                0x004005c4                _lseek
                0x004005e0                _read
                0x004005fc                _write
                0x00400638                _exit
                0x00400650                _kill
                0x00400668                _getpid
 .text          0x0040067c      0x110 C:\SAMV71x\app\01_scheduler_\SAMV71_Xplained_Ultra\Debug\event_driven.o
                0x0040073c                EVT_vfnConfigureButtons
                0x00400774                EVT_vfnConfigureGPIO
 .text          0x0040078c       0xa8 C:\SAMV71x\app\01_scheduler_\SAMV71_Xplained_Ultra\Debug\wdt.o
                0x0040078c                WDT_Enable
                0x004007a8                WDT_Disable
                0x004007c4                WDT_Restart
                0x004007e0                WDT_GetStatus
                0x004007fc                WDT_GetPeriod
 .text          0x00400834      0x4ac C:\SAMV71x\app\01_scheduler_\SAMV71_Xplained_Ultra\Debug\pio_it.o
                0x00400920                PioInterruptHandler
                0x004009d0                PIOA_Handler
                0x004009e4                PIOB_Handler
                0x004009f8                PIOC_Handler
                0x00400a0c                PIOD_Handler
                0x00400a20                PIOE_Handler
                0x00400a34                PIO_InitializeInterrupts
                0x00400b3c                PIO_ConfigureIt
                0x00400c18                PIO_EnableIt
                0x00400ca8                PIO_DisableIt
 .text          0x00400ce0      0x2c8 C:\SAMV71x\app\01_scheduler_\SAMV71_Xplained_Ultra\Debug\app_scheduler.o
                0x00400ce0                vfnScheduler_Init
                0x00400d3c                vfnScheduler_Start
                0x00400d64                vfnScheduler_Stop
                0x00400d7c                vfnScheduler_TaskStart
                0x00400da8                vfnScheduler_TaskActivate
                0x00400dcc                vfnTask_Scheduler
                0x00400ecc                vfnScheduler_Callback
 .text          0x00400fa8       0xc4 C:\SAMV71x\app\01_scheduler_\SAMV71_Xplained_Ultra\Debug\app_tasks.o
                0x00400fa8                TASKS_LIST_1MS
                0x00400fd0                TASKS_LIST_2MS_A
                0x00400ff8                TASKS_LIST_2MS_B
                0x00401004                TASKS_LIST_10MS
                0x00401024                TASKS_LIST_50MS
                0x0040104c                TASKS_LIST_100MS
 .text          0x0040106c      0x140 C:\SAMV71x\app\01_scheduler_\SAMV71_Xplained_Ultra\Debug\startup_sam.o
                0x004010ac                Reset_Handler
                0x004011a4                DebugMon_Handler
                0x004011a4                UART3_Handler
                0x004011a4                UART2_Handler
                0x004011a4                TRNG_Handler
                0x004011a4                TC2_Handler
                0x004011a4                AFEC1_Handler
                0x004011a4                PendSV_Handler
                0x004011a4                TC7_Handler
                0x004011a4                QSPI_Handler
                0x004011a4                ISI_Handler
                0x004011a4                TC9_Handler
                0x004011a4                RSWDT_Handler
                0x004011a4                MCAN1_Handler
                0x004011a4                USART0_Handler
                0x004011a4                RTT_Handler
                0x004011a4                USBHS_Handler
                0x004011a4                CCF_Handler
                0x004011a4                RTC_Handler
                0x004011a4                TC6_Handler
                0x004011a4                WDT_Handler
                0x004011a4                TC4_Handler
                0x004011a4                TC1_Handler
                0x004011a4                HSMCI_Handler
                0x004011a4                UART1_Handler
                0x004011a4                DACC_Handler
                0x004011a4                TC3_Handler
                0x004011a4                Dummy_Handler
                0x004011a4                TWIHS1_Handler
                0x004011a4                XDMAC_Handler
                0x004011a4                UART4_Handler
                0x004011a4                PWM1_Handler
                0x004011a4                USART1_Handler
                0x004011a4                PWM0_Handler
                0x004011a4                AFEC0_Handler
                0x004011a4                CCW_Handler
                0x004011a4                TC11_Handler
                0x004011a4                SSC_Handler
                0x004011a4                ACC_Handler
                0x004011a4                PMC_Handler
                0x004011a4                GMAC_Handler
                0x004011a4                SUPC_Handler
                0x004011a4                SVC_Handler
                0x004011a4                TC8_Handler
                0x004011a4                GMACQ2_Handler
                0x004011a4                EFC_Handler
                0x004011a4                USART2_Handler
                0x004011a4                SDRAMC_Handler
                0x004011a4                SPI1_Handler
                0x004011a4                MCAN0_Handler
                0x004011a4                TC10_Handler
                0x004011a4                TWIHS2_Handler
                0x004011a4                MLB_Handler
                0x004011a4                UART0_Handler
                0x004011a4                GMACQ1_Handler
                0x004011a4                MCAN1_Line1_Handler
                0x004011a4                FPU_Handler
                0x004011a4                RSTC_Handler
                0x004011a4                TC0_Handler
                0x004011a4                MCAN0_Line1_Handler
                0x004011a4                TC5_Handler
                0x004011a4                AES_Handler
                0x004011a4                ICM_Handler
                0x004011a4                TWIHS0_Handler
                0x004011a4                SPI0_Handler
 .text          0x004011ac      0x19c C:\SAMV71x\app\01_scheduler_\SAMV71_Xplained_Ultra\Debug\board_lowlevel.o
                0x004011ac                _SetupMemoryRegion
                0x00401338                LowLevelInit
 .text          0x00401348      0x56c C:\SAMV71x\app\01_scheduler_\SAMV71_Xplained_Ultra\Debug\dbg_console.o
                0x00401348                DBG_Configure
                0x004013f8                DBG_PutChar
                0x0040144c                DBG_GetChar
                0x00401490                DBG_IsRxReady
                0x004014c8                DBG_DumpFrame
                0x0040150c                DBG_DumpMemory
                0x00401670                DBG_GetInteger
                0x00401740                DBG_GetIntegerMinMax
                0x004017a0                DBG_GetHexa32
                0x00401848                puts
                0x00401874                gets
 .text          0x004018b4      0x168 C:\SAMV71x\app\01_scheduler_\SAMV71_Xplained_Ultra\Debug\led.o
                0x004018b4                LED_Configure
                0x004018ec                LED_Set
                0x00401950                LED_Clear
                0x004019b4                LED_Toggle
 .text          0x00401a1c      0x76c C:\SAMV71x\app\01_scheduler_\SAMV71_Xplained_Ultra\Debug\pmc.o
                0x00401af0                PMC_EnablePeripheral
                0x00401b80                PMC_DisablePeripheral
                0x00401c10                PMC_EnableAllPeripherals
                0x00401c50                PMC_DisableAllPeripherals
                0x00401c8c                PMC_IsPeriphEnabled
                0x00401ce8                PMC_EnableExtOsc
                0x00401d64                PMC_DisableExtOsc
                0x00401da0                PMC_SelectExtOsc
                0x00401e0c                PMC_SelectExtBypassOsc
                0x00401e78                PMC_EnableIntRC4_8_12MHz
                0x00401f04                PMC_DisableIntRC4_8_12MHz
                0x00401f48                PMC_SetPllaClock
                0x00401fa0                PMC_SetMckSelection
                0x00401fe4                PMC_DisableAllClocks
                0x00402034                PMC_ConfigureMckWithPlla
                0x0040206c                PMC_EnableXT32KFME
                0x00402098                PMC_ConfigurePCK0
                0x004020e8                PMC_ConfigurePCK1
                0x00402138                PMC_ConfigurePCK2
 .text          0x00402188      0x540 C:\SAMV71x\app\01_scheduler_\SAMV71_Xplained_Ultra\Debug\pio.o
                0x004023f8                PIO_Configure
                0x0040255c                PIO_Set
                0x00402578                PIO_Clear
                0x00402594                PIO_Get
                0x004025dc                PIO_GetOutputDataStatus
                0x00402608                PIO_SetDebounceFilter
                0x00402644                PIO_EnableWriteProtect
                0x00402668                PIO_DisableWriteProtect
                0x0040268c                PIO_GetWriteProtectViolationInfo
                0x004026ac                PIO_SetPinType
 .text          0x004026c8       0xf0 C:\SAMV71x\app\01_scheduler_\SAMV71_Xplained_Ultra\Debug\mpu.o
                0x004026c8                MPU_Enable
                0x004026e4                MPU_SetRegionNum
                0x00402700                MPU_DisableRegion
                0x0040271c                MPU_SetRegion
                0x00402740                MPU_CalMPURegionSize
                0x00402780                MPU_UpdateRegions
 .text          0x004027b8       0xe8 C:\SAMV71x\app\01_scheduler_\SAMV71_Xplained_Ultra\Debug\exceptions.o
                0x004027b8                NMI_Handler
                0x00402840                HardFault_Handler
                0x00402854                MemManage_Handler
                0x0040286c                BusFault_Handler
                0x00402888                UsageFault_Handler
 .text          0x004028a0       0xe8 C:\SAMV71x\app\01_scheduler_\SAMV71_Xplained_Ultra\Debug\systick.o
                0x00402938                sysTick_init
                0x00402970                SysTick_Handler
 .text          0x00402988       0xa4 C:\SAMV71x\app\01_scheduler_\SAMV71_Xplained_Ultra\Debug\led_ctrl.o
                0x00402988                vfnLedCtrl_Configure
                0x0040299c                vfnLedCtrl_BlinkingPattern
                0x00402a14                vfnLedCtrl_ToggleLed0
                0x00402a20                vfnLedCtrl_ToggleLed1
 .text.__assert_func
                0x00402a2c       0x3c c:/isystem/winidea9/gcc/arm/bin/../lib/gcc/arm-none-eabi/4.9.3/../../../../arm-none-eabi/lib/cortex-m7\libc.a(lib_a-assert.o)
                0x00402a2c                __assert_func
 .text.fiprintf
                0x00402a68       0x28 c:/isystem/winidea9/gcc/arm/bin/../lib/gcc/arm-none-eabi/4.9.3/../../../../arm-none-eabi/lib/cortex-m7\libc.a(lib_a-fiprintf.o)
                0x00402a68                fiprintf
 .text.printf   0x00402a90       0x28 c:/isystem/winidea9/gcc/arm/bin/../lib/gcc/arm-none-eabi/4.9.3/../../../../arm-none-eabi/lib/cortex-m7\libc.a(lib_a-printf.o)
                0x00402a90                printf
 .text.putchar  0x00402ab8       0x10 c:/isystem/winidea9/gcc/arm/bin/../lib/gcc/arm-none-eabi/4.9.3/../../../../arm-none-eabi/lib/cortex-m7\libc.a(lib_a-putchar.o)
                0x00402ab8                putchar
 .text.setvbuf  0x00402ac8       0xfc c:/isystem/winidea9/gcc/arm/bin/../lib/gcc/arm-none-eabi/4.9.3/../../../../arm-none-eabi/lib/cortex-m7\libc.a(lib_a-setvbuf.o)
                0x00402ac8                setvbuf
 .text.__sprint_r.part.0
                0x00402bc4       0x78 c:/isystem/winidea9/gcc/arm/bin/../lib/gcc/arm-none-eabi/4.9.3/../../../../arm-none-eabi/lib/cortex-m7\libc.a(lib_a-vfiprintf.o)
 .text.__sprint_r
                0x00402c3c       0x18 c:/isystem/winidea9/gcc/arm/bin/../lib/gcc/arm-none-eabi/4.9.3/../../../../arm-none-eabi/lib/cortex-m7\libc.a(lib_a-vfiprintf.o)
                0x00402c3c                __sprint_r
 .text._vfiprintf_r
                0x00402c54      0xbf4 c:/isystem/winidea9/gcc/arm/bin/../lib/gcc/arm-none-eabi/4.9.3/../../../../arm-none-eabi/lib/cortex-m7\libc.a(lib_a-vfiprintf.o)
                0x00402c54                _vfiprintf_r
 .text.__sbprintf
                0x00403848       0x80 c:/isystem/winidea9/gcc/arm/bin/../lib/gcc/arm-none-eabi/4.9.3/../../../../arm-none-eabi/lib/cortex-m7\libc.a(lib_a-vfiprintf.o)
 .text._vfprintf_r
                0x004038c8     0x1554 c:/isystem/winidea9/gcc/arm/bin/../lib/gcc/arm-none-eabi/4.9.3/../../../../arm-none-eabi/lib/cortex-m7\libc.a(lib_a-vfprintf.o)
                0x004038c8                _vfprintf_r
 .text.__sbprintf
                0x00404e1c       0x80 c:/isystem/winidea9/gcc/arm/bin/../lib/gcc/arm-none-eabi/4.9.3/../../../../arm-none-eabi/lib/cortex-m7\libc.a(lib_a-vfprintf.o)
 .text.__swsetup_r
                0x00404e9c       0xc4 c:/isystem/winidea9/gcc/arm/bin/../lib/gcc/arm-none-eabi/4.9.3/../../../../arm-none-eabi/lib/cortex-m7\libc.a(lib_a-wsetup.o)
                0x00404e9c                __swsetup_r
 .text.abort    0x00404f60       0x10 c:/isystem/winidea9/gcc/arm/bin/../lib/gcc/arm-none-eabi/4.9.3/../../../../arm-none-eabi/lib/cortex-m7\libc.a(lib_a-abort.o)
                0x00404f60                abort
 .text.quorem   0x00404f70      0x140 c:/isystem/winidea9/gcc/arm/bin/../lib/gcc/arm-none-eabi/4.9.3/../../../../arm-none-eabi/lib/cortex-m7\libc.a(lib_a-dtoa.o)
 .text._dtoa_r  0x004050b0      0xee8 c:/isystem/winidea9/gcc/arm/bin/../lib/gcc/arm-none-eabi/4.9.3/../../../../arm-none-eabi/lib/cortex-m7\libc.a(lib_a-dtoa.o)
                0x004050b0                _dtoa_r
 .text.__sflush_r
                0x00405f98      0x148 c:/isystem/winidea9/gcc/arm/bin/../lib/gcc/arm-none-eabi/4.9.3/../../../../arm-none-eabi/lib/cortex-m7\libc.a(lib_a-fflush.o)
                0x00405f98                __sflush_r
 .text._fflush_r
                0x004060e0       0x2c c:/isystem/winidea9/gcc/arm/bin/../lib/gcc/arm-none-eabi/4.9.3/../../../../arm-none-eabi/lib/cortex-m7\libc.a(lib_a-fflush.o)
                0x004060e0                _fflush_r
 .text._cleanup_r
                0x0040610c        0xc c:/isystem/winidea9/gcc/arm/bin/../lib/gcc/arm-none-eabi/4.9.3/../../../../arm-none-eabi/lib/cortex-m7\libc.a(lib_a-findfp.o)
                0x0040610c                _cleanup_r
 .text.__sinit.part.1
                0x00406118       0xfc c:/isystem/winidea9/gcc/arm/bin/../lib/gcc/arm-none-eabi/4.9.3/../../../../arm-none-eabi/lib/cortex-m7\libc.a(lib_a-findfp.o)
 .text.__sinit  0x00406214        0xc c:/isystem/winidea9/gcc/arm/bin/../lib/gcc/arm-none-eabi/4.9.3/../../../../arm-none-eabi/lib/cortex-m7\libc.a(lib_a-findfp.o)
                0x00406214                __sinit
 .text.__sfp_lock_acquire
                0x00406220        0x4 c:/isystem/winidea9/gcc/arm/bin/../lib/gcc/arm-none-eabi/4.9.3/../../../../arm-none-eabi/lib/cortex-m7\libc.a(lib_a-findfp.o)
                0x00406220                __sfp_lock_acquire
 .text.__sfp_lock_release
                0x00406224        0x4 c:/isystem/winidea9/gcc/arm/bin/../lib/gcc/arm-none-eabi/4.9.3/../../../../arm-none-eabi/lib/cortex-m7\libc.a(lib_a-findfp.o)
                0x00406224                __sfp_lock_release
 .text.__fputwc
                0x00406228       0xb0 c:/isystem/winidea9/gcc/arm/bin/../lib/gcc/arm-none-eabi/4.9.3/../../../../arm-none-eabi/lib/cortex-m7\libc.a(lib_a-fputwc.o)
                0x00406228                __fputwc
 .text._fputwc_r
                0x004062d8       0x24 c:/isystem/winidea9/gcc/arm/bin/../lib/gcc/arm-none-eabi/4.9.3/../../../../arm-none-eabi/lib/cortex-m7\libc.a(lib_a-fputwc.o)
                0x004062d8                _fputwc_r
 .text._malloc_trim_r
                0x004062fc       0x9c c:/isystem/winidea9/gcc/arm/bin/../lib/gcc/arm-none-eabi/4.9.3/../../../../arm-none-eabi/lib/cortex-m7\libc.a(lib_a-freer.o)
                0x004062fc                _malloc_trim_r
 .text._free_r  0x00406398      0x1b0 c:/isystem/winidea9/gcc/arm/bin/../lib/gcc/arm-none-eabi/4.9.3/../../../../arm-none-eabi/lib/cortex-m7\libc.a(lib_a-freer.o)
                0x00406398                _free_r
 .text.__sfvwrite_r
                0x00406548      0x324 c:/isystem/winidea9/gcc/arm/bin/../lib/gcc/arm-none-eabi/4.9.3/../../../../arm-none-eabi/lib/cortex-m7\libc.a(lib_a-fvwrite.o)
                0x00406548                __sfvwrite_r
 .text._fwalk_reent
                0x0040686c       0x50 c:/isystem/winidea9/gcc/arm/bin/../lib/gcc/arm-none-eabi/4.9.3/../../../../arm-none-eabi/lib/cortex-m7\libc.a(lib_a-fwalk.o)
                0x0040686c                _fwalk_reent
 .text.__locale_charset
                0x004068bc        0x8 c:/isystem/winidea9/gcc/arm/bin/../lib/gcc/arm-none-eabi/4.9.3/../../../../arm-none-eabi/lib/cortex-m7\libc.a(lib_a-locale.o)
                0x004068bc                __locale_charset
 .text.__locale_mb_cur_max
                0x004068c4        0xc c:/isystem/winidea9/gcc/arm/bin/../lib/gcc/arm-none-eabi/4.9.3/../../../../arm-none-eabi/lib/cortex-m7\libc.a(lib_a-locale.o)
                0x004068c4                __locale_mb_cur_max
 .text._localeconv_r
                0x004068d0        0x8 c:/isystem/winidea9/gcc/arm/bin/../lib/gcc/arm-none-eabi/4.9.3/../../../../arm-none-eabi/lib/cortex-m7\libc.a(lib_a-locale.o)
                0x004068d0                _localeconv_r
 .text.__smakebuf_r
                0x004068d8       0xe4 c:/isystem/winidea9/gcc/arm/bin/../lib/gcc/arm-none-eabi/4.9.3/../../../../arm-none-eabi/lib/cortex-m7\libc.a(lib_a-makebuf.o)
                0x004068d8                __smakebuf_r
 .text.malloc   0x004069bc       0x10 c:/isystem/winidea9/gcc/arm/bin/../lib/gcc/arm-none-eabi/4.9.3/../../../../arm-none-eabi/lib/cortex-m7\libc.a(lib_a-malloc.o)
                0x004069bc                malloc
 .text._malloc_r
                0x004069cc      0x558 c:/isystem/winidea9/gcc/arm/bin/../lib/gcc/arm-none-eabi/4.9.3/../../../../arm-none-eabi/lib/cortex-m7\libc.a(lib_a-mallocr.o)
                0x004069cc                _malloc_r
 .text.memchr   0x00406f24       0x90 c:/isystem/winidea9/gcc/arm/bin/../lib/gcc/arm-none-eabi/4.9.3/../../../../arm-none-eabi/lib/cortex-m7\libc.a(lib_a-memchr.o)
                0x00406f24                memchr
 .text          0x00406fb4      0x134 c:/isystem/winidea9/gcc/arm/bin/../lib/gcc/arm-none-eabi/4.9.3/../../../../arm-none-eabi/lib/cortex-m7\libc.a(lib_a-memcpy.o)
                0x00406fb4                memcpy
 .text.memmove  0x004070e8       0xc4 c:/isystem/winidea9/gcc/arm/bin/../lib/gcc/arm-none-eabi/4.9.3/../../../../arm-none-eabi/lib/cortex-m7\libc.a(lib_a-memmove.o)
                0x004070e8                memmove
 .text.memset   0x004071ac       0xa0 c:/isystem/winidea9/gcc/arm/bin/../lib/gcc/arm-none-eabi/4.9.3/../../../../arm-none-eabi/lib/cortex-m7\libc.a(lib_a-memset.o)
                0x004071ac                memset
 .text.__malloc_lock
                0x0040724c        0x4 c:/isystem/winidea9/gcc/arm/bin/../lib/gcc/arm-none-eabi/4.9.3/../../../../arm-none-eabi/lib/cortex-m7\libc.a(lib_a-mlock.o)
                0x0040724c                __malloc_lock
 .text.__malloc_unlock
                0x00407250        0x4 c:/isystem/winidea9/gcc/arm/bin/../lib/gcc/arm-none-eabi/4.9.3/../../../../arm-none-eabi/lib/cortex-m7\libc.a(lib_a-mlock.o)
                0x00407250                __malloc_unlock
 .text._Balloc  0x00407254       0x50 c:/isystem/winidea9/gcc/arm/bin/../lib/gcc/arm-none-eabi/4.9.3/../../../../arm-none-eabi/lib/cortex-m7\libc.a(lib_a-mprec.o)
                0x00407254                _Balloc
 .text._Bfree   0x004072a4       0x14 c:/isystem/winidea9/gcc/arm/bin/../lib/gcc/arm-none-eabi/4.9.3/../../../../arm-none-eabi/lib/cortex-m7\libc.a(lib_a-mprec.o)
                0x004072a4                _Bfree
 .text.__multadd
                0x004072b8       0x84 c:/isystem/winidea9/gcc/arm/bin/../lib/gcc/arm-none-eabi/4.9.3/../../../../arm-none-eabi/lib/cortex-m7\libc.a(lib_a-mprec.o)
                0x004072b8                __multadd
 .text.__hi0bits
                0x0040733c       0x44 c:/isystem/winidea9/gcc/arm/bin/../lib/gcc/arm-none-eabi/4.9.3/../../../../arm-none-eabi/lib/cortex-m7\libc.a(lib_a-mprec.o)
                0x0040733c                __hi0bits
 .text.__lo0bits
                0x00407380       0x64 c:/isystem/winidea9/gcc/arm/bin/../lib/gcc/arm-none-eabi/4.9.3/../../../../arm-none-eabi/lib/cortex-m7\libc.a(lib_a-mprec.o)
                0x00407380                __lo0bits
 .text.__i2b    0x004073e4       0x14 c:/isystem/winidea9/gcc/arm/bin/../lib/gcc/arm-none-eabi/4.9.3/../../../../arm-none-eabi/lib/cortex-m7\libc.a(lib_a-mprec.o)
                0x004073e4                __i2b
 .text.__multiply
                0x004073f8      0x144 c:/isystem/winidea9/gcc/arm/bin/../lib/gcc/arm-none-eabi/4.9.3/../../../../arm-none-eabi/lib/cortex-m7\libc.a(lib_a-mprec.o)
                0x004073f8                __multiply
 .text.__pow5mult
                0x0040753c       0xa0 c:/isystem/winidea9/gcc/arm/bin/../lib/gcc/arm-none-eabi/4.9.3/../../../../arm-none-eabi/lib/cortex-m7\libc.a(lib_a-mprec.o)
                0x0040753c                __pow5mult
 .text.__lshift
                0x004075dc       0xb4 c:/isystem/winidea9/gcc/arm/bin/../lib/gcc/arm-none-eabi/4.9.3/../../../../arm-none-eabi/lib/cortex-m7\libc.a(lib_a-mprec.o)
                0x004075dc                __lshift
 .text.__mcmp   0x00407690       0x48 c:/isystem/winidea9/gcc/arm/bin/../lib/gcc/arm-none-eabi/4.9.3/../../../../arm-none-eabi/lib/cortex-m7\libc.a(lib_a-mprec.o)
                0x00407690                __mcmp
 .text.__mdiff  0x004076d8       0xe4 c:/isystem/winidea9/gcc/arm/bin/../lib/gcc/arm-none-eabi/4.9.3/../../../../arm-none-eabi/lib/cortex-m7\libc.a(lib_a-mprec.o)
                0x004076d8                __mdiff
 .text.__d2b    0x004077bc       0xb0 c:/isystem/winidea9/gcc/arm/bin/../lib/gcc/arm-none-eabi/4.9.3/../../../../arm-none-eabi/lib/cortex-m7\libc.a(lib_a-mprec.o)
                0x004077bc                __d2b
 .text._putc_r  0x0040786c       0x58 c:/isystem/winidea9/gcc/arm/bin/../lib/gcc/arm-none-eabi/4.9.3/../../../../arm-none-eabi/lib/cortex-m7\libc.a(lib_a-putc.o)
                0x0040786c                _putc_r
 .text._realloc_r
                0x004078c4      0x3f0 c:/isystem/winidea9/gcc/arm/bin/../lib/gcc/arm-none-eabi/4.9.3/../../../../arm-none-eabi/lib/cortex-m7\libc.a(lib_a-reallocr.o)
                0x004078c4                _realloc_r
 .text.__fpclassifyd
                0x00407cb4       0x44 c:/isystem/winidea9/gcc/arm/bin/../lib/gcc/arm-none-eabi/4.9.3/../../../../arm-none-eabi/lib/cortex-m7\libc.a(lib_a-s_fpclassify.o)
                0x00407cb4                __fpclassifyd
 .text._sbrk_r  0x00407cf8       0x24 c:/isystem/winidea9/gcc/arm/bin/../lib/gcc/arm-none-eabi/4.9.3/../../../../arm-none-eabi/lib/cortex-m7\libc.a(lib_a-sbrkr.o)
                0x00407cf8                _sbrk_r
 .text._raise_r
                0x00407d1c       0x58 c:/isystem/winidea9/gcc/arm/bin/../lib/gcc/arm-none-eabi/4.9.3/../../../../arm-none-eabi/lib/cortex-m7\libc.a(lib_a-signal.o)
                0x00407d1c                _raise_r
 .text.raise    0x00407d74       0x10 c:/isystem/winidea9/gcc/arm/bin/../lib/gcc/arm-none-eabi/4.9.3/../../../../arm-none-eabi/lib/cortex-m7\libc.a(lib_a-signal.o)
                0x00407d74                raise
 .text._kill_r  0x00407d84       0x28 c:/isystem/winidea9/gcc/arm/bin/../lib/gcc/arm-none-eabi/4.9.3/../../../../arm-none-eabi/lib/cortex-m7\libc.a(lib_a-signalr.o)
                0x00407d84                _kill_r
 .text._getpid_r
                0x00407dac        0x4 c:/isystem/winidea9/gcc/arm/bin/../lib/gcc/arm-none-eabi/4.9.3/../../../../arm-none-eabi/lib/cortex-m7\libc.a(lib_a-signalr.o)
                0x00407dac                _getpid_r
 .text.__sread  0x00407db0       0x24 c:/isystem/winidea9/gcc/arm/bin/../lib/gcc/arm-none-eabi/4.9.3/../../../../arm-none-eabi/lib/cortex-m7\libc.a(lib_a-stdio.o)
                0x00407db0                __sread
 .text.__swrite
                0x00407dd4       0x38 c:/isystem/winidea9/gcc/arm/bin/../lib/gcc/arm-none-eabi/4.9.3/../../../../arm-none-eabi/lib/cortex-m7\libc.a(lib_a-stdio.o)
                0x00407dd4                __swrite
 .text.__sseek  0x00407e0c       0x24 c:/isystem/winidea9/gcc/arm/bin/../lib/gcc/arm-none-eabi/4.9.3/../../../../arm-none-eabi/lib/cortex-m7\libc.a(lib_a-stdio.o)
                0x00407e0c                __sseek
 .text.__sclose
                0x00407e30        0x8 c:/isystem/winidea9/gcc/arm/bin/../lib/gcc/arm-none-eabi/4.9.3/../../../../arm-none-eabi/lib/cortex-m7\libc.a(lib_a-stdio.o)
                0x00407e30                __sclose
 .text.strlen   0x00407e38       0x5c c:/isystem/winidea9/gcc/arm/bin/../lib/gcc/arm-none-eabi/4.9.3/../../../../arm-none-eabi/lib/cortex-m7\libc.a(lib_a-strlen.o)
                0x00407e38                strlen
 .text.__swbuf_r
                0x00407e94       0xa8 c:/isystem/winidea9/gcc/arm/bin/../lib/gcc/arm-none-eabi/4.9.3/../../../../arm-none-eabi/lib/cortex-m7\libc.a(lib_a-wbuf.o)
                0x00407e94                __swbuf_r
 .text._wcrtomb_r
                0x00407f3c       0x54 c:/isystem/winidea9/gcc/arm/bin/../lib/gcc/arm-none-eabi/4.9.3/../../../../arm-none-eabi/lib/cortex-m7\libc.a(lib_a-wcrtomb.o)
                0x00407f3c                _wcrtomb_r
 .text.__ascii_wctomb
                0x00407f90       0x18 c:/isystem/winidea9/gcc/arm/bin/../lib/gcc/arm-none-eabi/4.9.3/../../../../arm-none-eabi/lib/cortex-m7\libc.a(lib_a-wctomb_r.o)
                0x00407f90                __ascii_wctomb
 .text._write_r
                0x00407fa8       0x28 c:/isystem/winidea9/gcc/arm/bin/../lib/gcc/arm-none-eabi/4.9.3/../../../../arm-none-eabi/lib/cortex-m7\libc.a(lib_a-writer.o)
                0x00407fa8                _write_r
 .text._calloc_r
                0x00407fd0       0x60 c:/isystem/winidea9/gcc/arm/bin/../lib/gcc/arm-none-eabi/4.9.3/../../../../arm-none-eabi/lib/cortex-m7\libc.a(lib_a-callocr.o)
                0x00407fd0                _calloc_r
 .text._close_r
                0x00408030       0x24 c:/isystem/winidea9/gcc/arm/bin/../lib/gcc/arm-none-eabi/4.9.3/../../../../arm-none-eabi/lib/cortex-m7\libc.a(lib_a-closer.o)
                0x00408030                _close_r
 .text._fclose_r
                0x00408054       0x84 c:/isystem/winidea9/gcc/arm/bin/../lib/gcc/arm-none-eabi/4.9.3/../../../../arm-none-eabi/lib/cortex-m7\libc.a(lib_a-fclose.o)
                0x00408054                _fclose_r
 .text._fstat_r
                0x004080d8       0x28 c:/isystem/winidea9/gcc/arm/bin/../lib/gcc/arm-none-eabi/4.9.3/../../../../arm-none-eabi/lib/cortex-m7\libc.a(lib_a-fstatr.o)
                0x004080d8                _fstat_r
 .text._isatty_r
                0x00408100       0x24 c:/isystem/winidea9/gcc/arm/bin/../lib/gcc/arm-none-eabi/4.9.3/../../../../arm-none-eabi/lib/cortex-m7\libc.a(lib_a-isattyr.o)
                0x00408100                _isatty_r
 .text._lseek_r
                0x00408124       0x28 c:/isystem/winidea9/gcc/arm/bin/../lib/gcc/arm-none-eabi/4.9.3/../../../../arm-none-eabi/lib/cortex-m7\libc.a(lib_a-lseekr.o)
                0x00408124                _lseek_r
 .text._read_r  0x0040814c       0x28 c:/isystem/winidea9/gcc/arm/bin/../lib/gcc/arm-none-eabi/4.9.3/../../../../arm-none-eabi/lib/cortex-m7\libc.a(lib_a-readr.o)
                0x0040814c                _read_r
 .text          0x00408174      0x370 c:/isystem/winidea9/gcc/arm/bin/../lib/gcc/arm-none-eabi/4.9.3/cortex-m7\libgcc.a(_arm_addsubdf3.o)
                0x00408174                __aeabi_drsub
                0x0040817c                __aeabi_dsub
                0x0040817c                __subdf3
                0x00408180                __aeabi_dadd
                0x00408180                __adddf3
                0x004083f8                __floatunsidf
                0x004083f8                __aeabi_ui2d
                0x00408418                __floatsidf
                0x00408418                __aeabi_i2d
                0x0040843c                __aeabi_f2d
                0x0040843c                __extendsfdf2
                0x00408478                __floatundidf
                0x00408478                __aeabi_ul2d
                0x00408488                __floatdidf
                0x00408488                __aeabi_l2d
 .text          0x004084e4      0x424 c:/isystem/winidea9/gcc/arm/bin/../lib/gcc/arm-none-eabi/4.9.3/cortex-m7\libgcc.a(_arm_muldivdf3.o)
                0x004084e4                __aeabi_dmul
                0x004084e4                __muldf3
                0x00408738                __divdf3
                0x00408738                __aeabi_ddiv
 .text          0x00408908      0x110 c:/isystem/winidea9/gcc/arm/bin/../lib/gcc/arm-none-eabi/4.9.3/cortex-m7\libgcc.a(_arm_cmpdf2.o)
                0x00408908                __gtdf2
                0x00408908                __gedf2
                0x00408910                __ltdf2
                0x00408910                __ledf2
                0x00408918                __nedf2
                0x00408918                __eqdf2
                0x00408918                __cmpdf2
                0x00408994                __aeabi_cdrcmple
                0x004089a4                __aeabi_cdcmpeq
                0x004089a4                __aeabi_cdcmple
                0x004089b4                __aeabi_dcmpeq
                0x004089c8                __aeabi_dcmplt
                0x004089dc                __aeabi_dcmple
                0x004089f0                __aeabi_dcmpge
                0x00408a04                __aeabi_dcmpgt
 .text          0x00408a18       0x50 c:/isystem/winidea9/gcc/arm/bin/../lib/gcc/arm-none-eabi/4.9.3/cortex-m7\libgcc.a(_arm_fixdfsi.o)
                0x00408a18                __aeabi_d2iz
                0x00408a18                __fixdfsi
 .text          0x00408a68       0x30 c:/isystem/winidea9/gcc/arm/bin/../lib/gcc/arm-none-eabi/4.9.3/cortex-m7\libgcc.a(_aeabi_uldivmod.o)
                0x00408a68                __aeabi_uldivmod
 .text          0x00408a98       0x60 c:/isystem/winidea9/gcc/arm/bin/../lib/gcc/arm-none-eabi/4.9.3/cortex-m7\libgcc.a(bpabi.o)
                0x00408a98                __gnu_ldivmod_helper
                0x00408ac8                __gnu_uldivmod_helper
 .text          0x00408af8        0x4 c:/isystem/winidea9/gcc/arm/bin/../lib/gcc/arm-none-eabi/4.9.3/cortex-m7\libgcc.a(_dvmd_tls.o)
                0x00408af8                __aeabi_idiv0
                0x00408af8                __aeabi_ldiv0
 .text          0x00408afc      0x284 c:/isystem/winidea9/gcc/arm/bin/../lib/gcc/arm-none-eabi/4.9.3/cortex-m7\libgcc.a(_divdi3.o)
                0x00408afc                __divdi3
 .text          0x00408d80      0x248 c:/isystem/winidea9/gcc/arm/bin/../lib/gcc/arm-none-eabi/4.9.3/cortex-m7\libgcc.a(_udivdi3.o)
                0x00408d80                __udivdi3
 *(.glue_7t)
 .glue_7t       0x00000000        0x0 linker stubs
 *(.glue_7)
 .glue_7        0x00000000        0x0 linker stubs
 *(.rodata .rodata* .gnu.linkonce.r.*)
 .rodata        0x00408fc8       0x19 C:\SAMV71x\app\01_scheduler_\SAMV71_Xplained_Ultra\Debug\syscalls.o
 *fill*         0x00408fe1        0x3 
 .rodata        0x00408fe4       0x18 C:\SAMV71x\app\01_scheduler_\SAMV71_Xplained_Ultra\Debug\event_driven.o
                0x00408fe4                pinPB1
                0x00408ff0                MeasurementGPIO
 .rodata        0x00408ffc       0xea C:\SAMV71x\app\01_scheduler_\SAMV71_Xplained_Ultra\Debug\pio_it.o
 *fill*         0x004090e6        0x2 
 .rodata        0x004090e8       0xf7 C:\SAMV71x\app\01_scheduler_\SAMV71_Xplained_Ultra\Debug\dbg_console.o
 *fill*         0x004091df        0x1 
 .rodata        0x004091e0       0x1c C:\SAMV71x\app\01_scheduler_\SAMV71_Xplained_Ultra\Debug\led.o
 .rodata        0x004091fc       0x94 C:\SAMV71x\app\01_scheduler_\SAMV71_Xplained_Ultra\Debug\pmc.o
 .rodata.str1.4
                0x00409290       0x3f c:/isystem/winidea9/gcc/arm/bin/../lib/gcc/arm-none-eabi/4.9.3/../../../../arm-none-eabi/lib/cortex-m7\libc.a(lib_a-assert.o)
                                 0x43 (size before relaxing)
 *fill*         0x004092cf        0x1 
 .rodata.str1.4
                0x004092d0        0x2 c:/isystem/winidea9/gcc/arm/bin/../lib/gcc/arm-none-eabi/4.9.3/../../../../arm-none-eabi/lib/cortex-m7\libc.a(lib_a-impure.o)
 *fill*         0x004092d2        0x2 
 .rodata.zeroes.6869
                0x004092d4       0x10 c:/isystem/winidea9/gcc/arm/bin/../lib/gcc/arm-none-eabi/4.9.3/../../../../arm-none-eabi/lib/cortex-m7\libc.a(lib_a-vfiprintf.o)
 .rodata.str1.4
                0x004092e4       0x2f c:/isystem/winidea9/gcc/arm/bin/../lib/gcc/arm-none-eabi/4.9.3/../../../../arm-none-eabi/lib/cortex-m7\libc.a(lib_a-vfiprintf.o)
 *fill*         0x00409313        0x1 
 .rodata.blanks.6868
                0x00409314       0x10 c:/isystem/winidea9/gcc/arm/bin/../lib/gcc/arm-none-eabi/4.9.3/../../../../arm-none-eabi/lib/cortex-m7\libc.a(lib_a-vfiprintf.o)
 .rodata.zeroes.6926
                0x00409324       0x10 c:/isystem/winidea9/gcc/arm/bin/../lib/gcc/arm-none-eabi/4.9.3/../../../../arm-none-eabi/lib/cortex-m7\libc.a(lib_a-vfprintf.o)
 .rodata.str1.4
                0x00409334       0x12 c:/isystem/winidea9/gcc/arm/bin/../lib/gcc/arm-none-eabi/4.9.3/../../../../arm-none-eabi/lib/cortex-m7\libc.a(lib_a-vfprintf.o)
                                 0x42 (size before relaxing)
 *fill*         0x00409346        0x2 
 .rodata.blanks.6925
                0x00409348       0x10 c:/isystem/winidea9/gcc/arm/bin/../lib/gcc/arm-none-eabi/4.9.3/../../../../arm-none-eabi/lib/cortex-m7\libc.a(lib_a-vfprintf.o)
 .rodata.str1.4
                0x00409358       0x10 c:/isystem/winidea9/gcc/arm/bin/../lib/gcc/arm-none-eabi/4.9.3/../../../../arm-none-eabi/lib/cortex-m7\libc.a(lib_a-dtoa.o)
                                 0x12 (size before relaxing)
 .rodata.str1.4
                0x00409368        0xc c:/isystem/winidea9/gcc/arm/bin/../lib/gcc/arm-none-eabi/4.9.3/../../../../arm-none-eabi/lib/cortex-m7\libc.a(lib_a-locale.o)
                                 0x12 (size before relaxing)
 *fill*         0x00409374        0x4 
 .rodata.__mprec_tens
                0x00409378       0xc8 c:/isystem/winidea9/gcc/arm/bin/../lib/gcc/arm-none-eabi/4.9.3/../../../../arm-none-eabi/lib/cortex-m7\libc.a(lib_a-mprec.o)
                0x00409378                __mprec_tens
 .rodata.p05.5302
                0x00409440        0xc c:/isystem/winidea9/gcc/arm/bin/../lib/gcc/arm-none-eabi/4.9.3/../../../../arm-none-eabi/lib/cortex-m7\libc.a(lib_a-mprec.o)
 *fill*         0x0040944c        0x4 
 .rodata.__mprec_bigtens
                0x00409450       0x28 c:/isystem/winidea9/gcc/arm/bin/../lib/gcc/arm-none-eabi/4.9.3/../../../../arm-none-eabi/lib/cortex-m7\libc.a(lib_a-mprec.o)
                0x00409450                __mprec_bigtens
 *(.ARM.extab* .gnu.linkonce.armextab.*)
                0x00409478                . = ALIGN (0x4)
 *(.init)
                0x00409478                . = ALIGN (0x4)
                0x00409478                __preinit_array_start = .
 *(.preinit_array)
                0x00409478                __preinit_array_end = .
                0x00409478                . = ALIGN (0x4)
                0x00409478                __init_array_start = .
 *(SORT(.init_array.*))
 *(.init_array)
                0x00409478                __init_array_end = .
                0x00409478                . = ALIGN (0x4)
 *crtbegin.o(.ctors)
 *(EXCLUDE_FILE(*crtend.o) .ctors)
 *(SORT(.ctors.*))
 *crtend.o(.ctors)
                0x00409478                . = ALIGN (0x4)
 *(.fini)
                0x00409478                . = ALIGN (0x4)
                0x00409478                __fini_array_start = .
 *(.fini_array)
 *(SORT(.fini_array.*))
                0x00409478                __fini_array_end = .
 *crtbegin.o(.dtors)
 *(EXCLUDE_FILE(*crtend.o) .dtors)
 *(SORT(.dtors.*))
 *crtend.o(.dtors)
                0x00409478                . = ALIGN (0x4)
                0x00409478                _efixed = .
                0x00409478                PROVIDE (__exidx_start, .)

.vfp11_veneer   0x00409478        0x0
 .vfp11_veneer  0x00000000        0x0 linker stubs

.v4_bx          0x00409478        0x0
 .v4_bx         0x00000000        0x0 linker stubs

.iplt           0x00409478        0x0
 .iplt          0x00000000        0x0 C:\SAMV71x\app\01_scheduler_\SAMV71_Xplained_Ultra\Debug\main.o

.igot.plt       0x00409478        0x0
 .igot.plt      0x00000000        0x0 C:\SAMV71x\app\01_scheduler_\SAMV71_Xplained_Ultra\Debug\main.o

.ARM.exidx      0x00409478        0x8
 *(.ARM.exidx* .gnu.linkonce.armexidx.*)
 .ARM.exidx     0x00409478        0x8 c:/isystem/winidea9/gcc/arm/bin/../lib/gcc/arm-none-eabi/4.9.3/cortex-m7\libgcc.a(_divdi3.o)
 .ARM.exidx     0x00409480        0x0 c:/isystem/winidea9/gcc/arm/bin/../lib/gcc/arm-none-eabi/4.9.3/cortex-m7\libgcc.a(_udivdi3.o)
                                  0x8 (size before relaxing)
                0x00409480                PROVIDE (__exidx_end, .)

.rel.dyn        0x00409480        0x0
 .rel.iplt      0x00000000        0x0 C:\SAMV71x\app\01_scheduler_\SAMV71_Xplained_Ultra\Debug\main.o
                0x00409480                . = ALIGN (0x4)
                0x00409480                _etext = .

.relocate       0x20400000      0x8ec load address 0x00409480
                0x20400000                . = ALIGN (0x4)
                0x20400000                _srelocate = .
 *(.ramfunc .ramfunc.*)
 *(.data .data.*)
 .data          0x20400000        0x4 C:\SAMV71x\app\01_scheduler_\SAMV71_Xplained_Ultra\Debug\system_sam.o
                0x20400000                SystemCoreClock
 .data          0x20400004       0x48 C:\SAMV71x\app\01_scheduler_\SAMV71_Xplained_Ultra\Debug\app_scheduler.o
                0x20400004                TimeTriggeredTasks
 *fill*         0x2040004c        0x4 
 .data.impure_data
                0x20400050      0x428 c:/isystem/winidea9/gcc/arm/bin/../lib/gcc/arm-none-eabi/4.9.3/../../../../arm-none-eabi/lib/cortex-m7\libc.a(lib_a-impure.o)
 .data._impure_ptr
                0x20400478        0x4 c:/isystem/winidea9/gcc/arm/bin/../lib/gcc/arm-none-eabi/4.9.3/../../../../arm-none-eabi/lib/cortex-m7\libc.a(lib_a-impure.o)
                0x20400478                _impure_ptr
 .data.lconv    0x2040047c       0x38 c:/isystem/winidea9/gcc/arm/bin/../lib/gcc/arm-none-eabi/4.9.3/../../../../arm-none-eabi/lib/cortex-m7\libc.a(lib_a-locale.o)
 .data.lc_ctype_charset
                0x204004b4       0x20 c:/isystem/winidea9/gcc/arm/bin/../lib/gcc/arm-none-eabi/4.9.3/../../../../arm-none-eabi/lib/cortex-m7\libc.a(lib_a-locale.o)
 .data.__mb_cur_max
                0x204004d4        0x4 c:/isystem/winidea9/gcc/arm/bin/../lib/gcc/arm-none-eabi/4.9.3/../../../../arm-none-eabi/lib/cortex-m7\libc.a(lib_a-locale.o)
                0x204004d4                __mb_cur_max
 .data.__malloc_av_
                0x204004d8      0x408 c:/isystem/winidea9/gcc/arm/bin/../lib/gcc/arm-none-eabi/4.9.3/../../../../arm-none-eabi/lib/cortex-m7\libc.a(lib_a-mallocr.o)
                0x204004d8                __malloc_av_
 .data.__malloc_trim_threshold
                0x204008e0        0x4 c:/isystem/winidea9/gcc/arm/bin/../lib/gcc/arm-none-eabi/4.9.3/../../../../arm-none-eabi/lib/cortex-m7\libc.a(lib_a-mallocr.o)
                0x204008e0                __malloc_trim_threshold
 .data.__malloc_sbrk_base
                0x204008e4        0x4 c:/isystem/winidea9/gcc/arm/bin/../lib/gcc/arm-none-eabi/4.9.3/../../../../arm-none-eabi/lib/cortex-m7\libc.a(lib_a-mallocr.o)
                0x204008e4                __malloc_sbrk_base
 .data.__wctomb
                0x204008e8        0x4 c:/isystem/winidea9/gcc/arm/bin/../lib/gcc/arm-none-eabi/4.9.3/../../../../arm-none-eabi/lib/cortex-m7\libc.a(lib_a-wctomb_r.o)
                0x204008e8                __wctomb
                0x204008ec                . = ALIGN (0x4)
                0x204008ec                _erelocate = .

.bss            0x204008ec       0xc8 load address 0x00409d6c
                0x204008ec                . = ALIGN (0x4)
                0x204008ec                _sbss = .
                0x204008ec                _szero = .
 *(.bss .bss.*)
 .bss           0x204008ec        0xc C:\SAMV71x\app\01_scheduler_\SAMV71_Xplained_Ultra\Debug\syscalls.o
 .bss           0x204008f8       0x44 C:\SAMV71x\app\01_scheduler_\SAMV71_Xplained_Ultra\Debug\pio_it.o
 .bss           0x2040093c       0x1c C:\SAMV71x\app\01_scheduler_\SAMV71_Xplained_Ultra\Debug\app_tasks.o
                0x20400944                ptrTask_1ms
                0x20400948                ptrTask_2ms
                0x2040094c                ptrTask_10ms
                0x20400950                ptrTask_50ms
                0x20400954                ptrTask_100ms
 .bss           0x20400958        0x6 C:\SAMV71x\app\01_scheduler_\SAMV71_Xplained_Ultra\Debug\dbg_console.o
 *fill*         0x2040095e        0x2 
 .bss           0x20400960        0xc C:\SAMV71x\app\01_scheduler_\SAMV71_Xplained_Ultra\Debug\systick.o
                0x20400968                pfctnSysTick
 .bss           0x2040096c        0x6 C:\SAMV71x\app\01_scheduler_\SAMV71_Xplained_Ultra\Debug\led_ctrl.o
 *fill*         0x20400972        0x2 
 .bss.__malloc_max_total_mem
                0x20400974        0x4 c:/isystem/winidea9/gcc/arm/bin/../lib/gcc/arm-none-eabi/4.9.3/../../../../arm-none-eabi/lib/cortex-m7\libc.a(lib_a-mallocr.o)
                0x20400974                __malloc_max_total_mem
 .bss.__malloc_max_sbrked_mem
                0x20400978        0x4 c:/isystem/winidea9/gcc/arm/bin/../lib/gcc/arm-none-eabi/4.9.3/../../../../arm-none-eabi/lib/cortex-m7\libc.a(lib_a-mallocr.o)
                0x20400978                __malloc_max_sbrked_mem
 .bss.__malloc_top_pad
                0x2040097c        0x4 c:/isystem/winidea9/gcc/arm/bin/../lib/gcc/arm-none-eabi/4.9.3/../../../../arm-none-eabi/lib/cortex-m7\libc.a(lib_a-mallocr.o)
                0x2040097c                __malloc_top_pad
 .bss.__malloc_current_mallinfo
                0x20400980       0x28 c:/isystem/winidea9/gcc/arm/bin/../lib/gcc/arm-none-eabi/4.9.3/../../../../arm-none-eabi/lib/cortex-m7\libc.a(lib_a-mallocr.o)
                0x20400980                __malloc_current_mallinfo
 *(COMMON)
 COMMON         0x204009a8        0x8 C:\SAMV71x\app\01_scheduler_\SAMV71_Xplained_Ultra\Debug\app_scheduler.o
                0x204009a8                u8_50ms_Counter
                0x204009a9                gu8Scheduler_Status
                0x204009aa                TaskScheduler_Task_ID_Running
                0x204009ab                u8_10ms_Counter
                0x204009ac                u8_100ms_Counter
                0x204009ad                gu8Scheduler_Counter
                0x204009ae                TaskScheduler_Task_ID_Activated
                0x204009af                TasksScheduler_Task_ID_Backup
 COMMON         0x204009b0        0x4 c:/isystem/winidea9/gcc/arm/bin/../lib/gcc/arm-none-eabi/4.9.3/../../../../arm-none-eabi/lib/cortex-m7\libc.a(lib_a-reent.o)
                0x204009b0                errno
                0x204009b4                . = ALIGN (0x4)
                0x204009b4                _ebss = .
                0x204009b4                _ezero = .

.stack          0x204009b4     0x2004 load address 0x00409e34
                0x204009b8                . = ALIGN (0x8)
 *fill*         0x204009b4        0x4 
                0x204009b8                _sstack = .
                0x204029b8                . = (. + STACK_SIZE)
 *fill*         0x204009b8     0x2000 
                0x204029b8                . = ALIGN (0x8)
                0x204029b8                _estack = .

.heap           0x204029b8     0x1000 load address 0x0040be38
                0x204029b8                . = ALIGN (0x8)
                0x204029b8                _sheap = .
                0x204039b8                . = (. + HEAP_SIZE)
 *fill*         0x204029b8     0x1000 
                0x204039b8                . = ALIGN (0x8)
                0x204039b8                _eheap = .

.noinit_var8    0x204039b8        0x0
                0x204039b8                . = ALIGN (0x1)
                0x204039b8                _snoinit_var8 = .
 *(.noinit_var8)
                0x204039b8                . = ALIGN (0x1)
                0x204039b8                _enoinit_var8 = .

.noinit_var16   0x204039b8        0x0
                0x204039b8                . = ALIGN (0x2)
                0x204039b8                _snoinit_var16 = .
 *(.noinit_var16)
                0x204039b8                . = ALIGN (0x2)
                0x204039b8                _enoinit_var16 = .

.noinit_var32   0x204039b8        0x0
                0x204039b8                . = ALIGN (0x4)
                0x204039b8                _snoinit_var32 = .
 *(.noinit_var32)
                0x204039b8                . = ALIGN (0x4)
                0x204039b8                _enoinit_var32 = .
                0x204039b8                . = ALIGN (0x4)
                0x204039b8                _end = .
                0x2045ffff                _ram_end_ = ((ORIGIN (ram) + 0x60000) - 0x1)
                0x204039b8                _sdram_lma = .

sdram_region
 *(sdram_region)
LOAD c:/isystem/winidea9/gcc/arm/bin/../lib/gcc/arm-none-eabi/4.9.3/../../../../arm-none-eabi/lib/cortex-m7\libc.a
LOAD c:/isystem/winidea9/gcc/arm/bin/../lib/gcc/arm-none-eabi/4.9.3/cortex-m7\libgcc.a
LOAD c:/isystem/winidea9/gcc/arm/bin/../lib/gcc/arm-none-eabi/4.9.3/../../../../arm-none-eabi/lib/cortex-m7\libm.a
OUTPUT(tau.elf elf32-littlearm)

.debug_info     0x00000000     0x8382
 .debug_info    0x00000000      0x51d C:\SAMV71x\app\01_scheduler_\SAMV71_Xplained_Ultra\Debug\main.o
 .debug_info    0x0000051d      0x515 C:\SAMV71x\app\01_scheduler_\SAMV71_Xplained_Ultra\Debug\system_sam.o
 .debug_info    0x00000a32      0x4cc C:\SAMV71x\app\01_scheduler_\SAMV71_Xplained_Ultra\Debug\syscalls.o
 .debug_info    0x00000efe      0xa10 C:\SAMV71x\app\01_scheduler_\SAMV71_Xplained_Ultra\Debug\event_driven.o
 .debug_info    0x0000190e      0x1fd C:\SAMV71x\app\01_scheduler_\SAMV71_Xplained_Ultra\Debug\wdt.o
 .debug_info    0x00001b0b      0xf6c C:\SAMV71x\app\01_scheduler_\SAMV71_Xplained_Ultra\Debug\pio_it.o
 .debug_info    0x00002a77      0x309 C:\SAMV71x\app\01_scheduler_\SAMV71_Xplained_Ultra\Debug\app_scheduler.o
 .debug_info    0x00002d80      0x6ff C:\SAMV71x\app\01_scheduler_\SAMV71_Xplained_Ultra\Debug\app_tasks.o
 .debug_info    0x0000347f      0xa0a C:\SAMV71x\app\01_scheduler_\SAMV71_Xplained_Ultra\Debug\startup_sam.o
 .debug_info    0x00003e89      0x4f5 C:\SAMV71x\app\01_scheduler_\SAMV71_Xplained_Ultra\Debug\board_lowlevel.o
 .debug_info    0x0000437e     0x14dc C:\SAMV71x\app\01_scheduler_\SAMV71_Xplained_Ultra\Debug\dbg_console.o
 .debug_info    0x0000585a      0x6f3 C:\SAMV71x\app\01_scheduler_\SAMV71_Xplained_Ultra\Debug\led.o
 .debug_info    0x00005f4d      0x78b C:\SAMV71x\app\01_scheduler_\SAMV71_Xplained_Ultra\Debug\pmc.o
 .debug_info    0x000066d8      0xa00 C:\SAMV71x\app\01_scheduler_\SAMV71_Xplained_Ultra\Debug\pio.o
 .debug_info    0x000070d8      0x327 C:\SAMV71x\app\01_scheduler_\SAMV71_Xplained_Ultra\Debug\mpu.o
 .debug_info    0x000073ff      0x59c C:\SAMV71x\app\01_scheduler_\SAMV71_Xplained_Ultra\Debug\exceptions.o
 .debug_info    0x0000799b      0x88b C:\SAMV71x\app\01_scheduler_\SAMV71_Xplained_Ultra\Debug\systick.o
 .debug_info    0x00008226      0x15c C:\SAMV71x\app\01_scheduler_\SAMV71_Xplained_Ultra\Debug\led_ctrl.o

.debug_abbrev   0x00000000     0x19da
 .debug_abbrev  0x00000000      0x13a C:\SAMV71x\app\01_scheduler_\SAMV71_Xplained_Ultra\Debug\main.o
 .debug_abbrev  0x0000013a      0x127 C:\SAMV71x\app\01_scheduler_\SAMV71_Xplained_Ultra\Debug\system_sam.o
 .debug_abbrev  0x00000261      0x15e C:\SAMV71x\app\01_scheduler_\SAMV71_Xplained_Ultra\Debug\syscalls.o
 .debug_abbrev  0x000003bf      0x1e8 C:\SAMV71x\app\01_scheduler_\SAMV71_Xplained_Ultra\Debug\event_driven.o
 .debug_abbrev  0x000005a7       0xdf C:\SAMV71x\app\01_scheduler_\SAMV71_Xplained_Ultra\Debug\wdt.o
 .debug_abbrev  0x00000686      0x22b C:\SAMV71x\app\01_scheduler_\SAMV71_Xplained_Ultra\Debug\pio_it.o
 .debug_abbrev  0x000008b1      0x14f C:\SAMV71x\app\01_scheduler_\SAMV71_Xplained_Ultra\Debug\app_scheduler.o
 .debug_abbrev  0x00000a00      0x137 C:\SAMV71x\app\01_scheduler_\SAMV71_Xplained_Ultra\Debug\app_tasks.o
 .debug_abbrev  0x00000b37      0x1a0 C:\SAMV71x\app\01_scheduler_\SAMV71_Xplained_Ultra\Debug\startup_sam.o
 .debug_abbrev  0x00000cd7      0x12f C:\SAMV71x\app\01_scheduler_\SAMV71_Xplained_Ultra\Debug\board_lowlevel.o
 .debug_abbrev  0x00000e06      0x26e C:\SAMV71x\app\01_scheduler_\SAMV71_Xplained_Ultra\Debug\dbg_console.o
 .debug_abbrev  0x00001074      0x113 C:\SAMV71x\app\01_scheduler_\SAMV71_Xplained_Ultra\Debug\led.o
 .debug_abbrev  0x00001187      0x1ce C:\SAMV71x\app\01_scheduler_\SAMV71_Xplained_Ultra\Debug\pmc.o
 .debug_abbrev  0x00001355      0x19d C:\SAMV71x\app\01_scheduler_\SAMV71_Xplained_Ultra\Debug\pio.o
 .debug_abbrev  0x000014f2      0x144 C:\SAMV71x\app\01_scheduler_\SAMV71_Xplained_Ultra\Debug\mpu.o
 .debug_abbrev  0x00001636      0x152 C:\SAMV71x\app\01_scheduler_\SAMV71_Xplained_Ultra\Debug\exceptions.o
 .debug_abbrev  0x00001788      0x1b2 C:\SAMV71x\app\01_scheduler_\SAMV71_Xplained_Ultra\Debug\systick.o
 .debug_abbrev  0x0000193a       0xa0 C:\SAMV71x\app\01_scheduler_\SAMV71_Xplained_Ultra\Debug\led_ctrl.o

.debug_aranges  0x00000000      0x240
 .debug_aranges
                0x00000000       0x20 C:\SAMV71x\app\01_scheduler_\SAMV71_Xplained_Ultra\Debug\main.o
 .debug_aranges
                0x00000020       0x20 C:\SAMV71x\app\01_scheduler_\SAMV71_Xplained_Ultra\Debug\system_sam.o
 .debug_aranges
                0x00000040       0x20 C:\SAMV71x\app\01_scheduler_\SAMV71_Xplained_Ultra\Debug\syscalls.o
 .debug_aranges
                0x00000060       0x20 C:\SAMV71x\app\01_scheduler_\SAMV71_Xplained_Ultra\Debug\event_driven.o
 .debug_aranges
                0x00000080       0x20 C:\SAMV71x\app\01_scheduler_\SAMV71_Xplained_Ultra\Debug\wdt.o
 .debug_aranges
                0x000000a0       0x20 C:\SAMV71x\app\01_scheduler_\SAMV71_Xplained_Ultra\Debug\pio_it.o
 .debug_aranges
                0x000000c0       0x20 C:\SAMV71x\app\01_scheduler_\SAMV71_Xplained_Ultra\Debug\app_scheduler.o
 .debug_aranges
                0x000000e0       0x20 C:\SAMV71x\app\01_scheduler_\SAMV71_Xplained_Ultra\Debug\app_tasks.o
 .debug_aranges
                0x00000100       0x20 C:\SAMV71x\app\01_scheduler_\SAMV71_Xplained_Ultra\Debug\startup_sam.o
 .debug_aranges
                0x00000120       0x20 C:\SAMV71x\app\01_scheduler_\SAMV71_Xplained_Ultra\Debug\board_lowlevel.o
 .debug_aranges
                0x00000140       0x20 C:\SAMV71x\app\01_scheduler_\SAMV71_Xplained_Ultra\Debug\dbg_console.o
 .debug_aranges
                0x00000160       0x20 C:\SAMV71x\app\01_scheduler_\SAMV71_Xplained_Ultra\Debug\led.o
 .debug_aranges
                0x00000180       0x20 C:\SAMV71x\app\01_scheduler_\SAMV71_Xplained_Ultra\Debug\pmc.o
 .debug_aranges
                0x000001a0       0x20 C:\SAMV71x\app\01_scheduler_\SAMV71_Xplained_Ultra\Debug\pio.o
 .debug_aranges
                0x000001c0       0x20 C:\SAMV71x\app\01_scheduler_\SAMV71_Xplained_Ultra\Debug\mpu.o
 .debug_aranges
                0x000001e0       0x20 C:\SAMV71x\app\01_scheduler_\SAMV71_Xplained_Ultra\Debug\exceptions.o
 .debug_aranges
                0x00000200       0x20 C:\SAMV71x\app\01_scheduler_\SAMV71_Xplained_Ultra\Debug\systick.o
 .debug_aranges
                0x00000220       0x20 C:\SAMV71x\app\01_scheduler_\SAMV71_Xplained_Ultra\Debug\led_ctrl.o

.debug_macro    0x00000000    0x29ede
 .debug_macro   0x00000000     0x1301 C:\SAMV71x\app\01_scheduler_\SAMV71_Xplained_Ultra\Debug\main.o
 .debug_macro   0x00001301       0x22 C:\SAMV71x\app\01_scheduler_\SAMV71_Xplained_Ultra\Debug\main.o
 .debug_macro   0x00001323       0x44 C:\SAMV71x\app\01_scheduler_\SAMV71_Xplained_Ultra\Debug\main.o
 .debug_macro   0x00001367       0xe3 C:\SAMV71x\app\01_scheduler_\SAMV71_Xplained_Ultra\Debug\main.o
 .debug_macro   0x0000144a       0x22 C:\SAMV71x\app\01_scheduler_\SAMV71_Xplained_Ultra\Debug\main.o
 .debug_macro   0x0000146c      0x1df C:\SAMV71x\app\01_scheduler_\SAMV71_Xplained_Ultra\Debug\main.o
 .debug_macro   0x0000164b       0x4a C:\SAMV71x\app\01_scheduler_\SAMV71_Xplained_Ultra\Debug\main.o
 .debug_macro   0x00001695       0x3b C:\SAMV71x\app\01_scheduler_\SAMV71_Xplained_Ultra\Debug\main.o
 .debug_macro   0x000016d0       0x18 C:\SAMV71x\app\01_scheduler_\SAMV71_Xplained_Ultra\Debug\main.o
 .debug_macro   0x000016e8       0x26 C:\SAMV71x\app\01_scheduler_\SAMV71_Xplained_Ultra\Debug\main.o
 .debug_macro   0x0000170e      0xf9a C:\SAMV71x\app\01_scheduler_\SAMV71_Xplained_Ultra\Debug\main.o
 .debug_macro   0x000026a8      0x16c C:\SAMV71x\app\01_scheduler_\SAMV71_Xplained_Ultra\Debug\main.o
 .debug_macro   0x00002814      0x24a C:\SAMV71x\app\01_scheduler_\SAMV71_Xplained_Ultra\Debug\main.o
 .debug_macro   0x00002a5e      0xa00 C:\SAMV71x\app\01_scheduler_\SAMV71_Xplained_Ultra\Debug\main.o
 .debug_macro   0x0000345e      0x1b4 C:\SAMV71x\app\01_scheduler_\SAMV71_Xplained_Ultra\Debug\main.o
 .debug_macro   0x00003612      0x328 C:\SAMV71x\app\01_scheduler_\SAMV71_Xplained_Ultra\Debug\main.o
 .debug_macro   0x0000393a      0x15a C:\SAMV71x\app\01_scheduler_\SAMV71_Xplained_Ultra\Debug\main.o
 .debug_macro   0x00003a94      0xe71 C:\SAMV71x\app\01_scheduler_\SAMV71_Xplained_Ultra\Debug\main.o
 .debug_macro   0x00004905       0x1c C:\SAMV71x\app\01_scheduler_\SAMV71_Xplained_Ultra\Debug\main.o
 .debug_macro   0x00004921      0x67f C:\SAMV71x\app\01_scheduler_\SAMV71_Xplained_Ultra\Debug\main.o
 .debug_macro   0x00004fa0      0x310 C:\SAMV71x\app\01_scheduler_\SAMV71_Xplained_Ultra\Debug\main.o
 .debug_macro   0x000052b0      0x4c7 C:\SAMV71x\app\01_scheduler_\SAMV71_Xplained_Ultra\Debug\main.o
 .debug_macro   0x00005777      0x26e C:\SAMV71x\app\01_scheduler_\SAMV71_Xplained_Ultra\Debug\main.o
 .debug_macro   0x000059e5     0x1324 C:\SAMV71x\app\01_scheduler_\SAMV71_Xplained_Ultra\Debug\main.o
 .debug_macro   0x00006d09      0x280 C:\SAMV71x\app\01_scheduler_\SAMV71_Xplained_Ultra\Debug\main.o
 .debug_macro   0x00006f89     0x2ba3 C:\SAMV71x\app\01_scheduler_\SAMV71_Xplained_Ultra\Debug\main.o
 .debug_macro   0x00009b2c     0x101d C:\SAMV71x\app\01_scheduler_\SAMV71_Xplained_Ultra\Debug\main.o
 .debug_macro   0x0000ab49      0xe01 C:\SAMV71x\app\01_scheduler_\SAMV71_Xplained_Ultra\Debug\main.o
 .debug_macro   0x0000b94a      0x3a4 C:\SAMV71x\app\01_scheduler_\SAMV71_Xplained_Ultra\Debug\main.o
 .debug_macro   0x0000bcee       0xa0 C:\SAMV71x\app\01_scheduler_\SAMV71_Xplained_Ultra\Debug\main.o
 .debug_macro   0x0000bd8e       0x76 C:\SAMV71x\app\01_scheduler_\SAMV71_Xplained_Ultra\Debug\main.o
 .debug_macro   0x0000be04      0x3fb C:\SAMV71x\app\01_scheduler_\SAMV71_Xplained_Ultra\Debug\main.o
 .debug_macro   0x0000c1ff       0x64 C:\SAMV71x\app\01_scheduler_\SAMV71_Xplained_Ultra\Debug\main.o
 .debug_macro   0x0000c263      0x276 C:\SAMV71x\app\01_scheduler_\SAMV71_Xplained_Ultra\Debug\main.o
 .debug_macro   0x0000c4d9      0x1c4 C:\SAMV71x\app\01_scheduler_\SAMV71_Xplained_Ultra\Debug\main.o
 .debug_macro   0x0000c69d      0x23b C:\SAMV71x\app\01_scheduler_\SAMV71_Xplained_Ultra\Debug\main.o
 .debug_macro   0x0000c8d8      0x516 C:\SAMV71x\app\01_scheduler_\SAMV71_Xplained_Ultra\Debug\main.o
 .debug_macro   0x0000cdee      0x62d C:\SAMV71x\app\01_scheduler_\SAMV71_Xplained_Ultra\Debug\main.o
 .debug_macro   0x0000d41b      0x6a9 C:\SAMV71x\app\01_scheduler_\SAMV71_Xplained_Ultra\Debug\main.o
 .debug_macro   0x0000dac4       0x4c C:\SAMV71x\app\01_scheduler_\SAMV71_Xplained_Ultra\Debug\main.o
 .debug_macro   0x0000db10      0x45a C:\SAMV71x\app\01_scheduler_\SAMV71_Xplained_Ultra\Debug\main.o
 .debug_macro   0x0000df6a      0x1fb C:\SAMV71x\app\01_scheduler_\SAMV71_Xplained_Ultra\Debug\main.o
 .debug_macro   0x0000e165      0x87d C:\SAMV71x\app\01_scheduler_\SAMV71_Xplained_Ultra\Debug\main.o
 .debug_macro   0x0000e9e2     0x1547 C:\SAMV71x\app\01_scheduler_\SAMV71_Xplained_Ultra\Debug\main.o
 .debug_macro   0x0000ff29       0x40 C:\SAMV71x\app\01_scheduler_\SAMV71_Xplained_Ultra\Debug\main.o
 .debug_macro   0x0000ff69       0x76 C:\SAMV71x\app\01_scheduler_\SAMV71_Xplained_Ultra\Debug\main.o
 .debug_macro   0x0000ffdf      0xda0 C:\SAMV71x\app\01_scheduler_\SAMV71_Xplained_Ultra\Debug\main.o
 .debug_macro   0x00010d7f       0x82 C:\SAMV71x\app\01_scheduler_\SAMV71_Xplained_Ultra\Debug\main.o
 .debug_macro   0x00010e01       0x76 C:\SAMV71x\app\01_scheduler_\SAMV71_Xplained_Ultra\Debug\main.o
 .debug_macro   0x00010e77       0x4c C:\SAMV71x\app\01_scheduler_\SAMV71_Xplained_Ultra\Debug\main.o
 .debug_macro   0x00010ec3      0x126 C:\SAMV71x\app\01_scheduler_\SAMV71_Xplained_Ultra\Debug\main.o
 .debug_macro   0x00010fe9      0x126 C:\SAMV71x\app\01_scheduler_\SAMV71_Xplained_Ultra\Debug\main.o
 .debug_macro   0x0001110f      0x126 C:\SAMV71x\app\01_scheduler_\SAMV71_Xplained_Ultra\Debug\main.o
 .debug_macro   0x00011235       0x6a C:\SAMV71x\app\01_scheduler_\SAMV71_Xplained_Ultra\Debug\main.o
 .debug_macro   0x0001129f       0x6a C:\SAMV71x\app\01_scheduler_\SAMV71_Xplained_Ultra\Debug\main.o
 .debug_macro   0x00011309      0x313 C:\SAMV71x\app\01_scheduler_\SAMV71_Xplained_Ultra\Debug\main.o
 .debug_macro   0x0001161c       0xb2 C:\SAMV71x\app\01_scheduler_\SAMV71_Xplained_Ultra\Debug\main.o
 .debug_macro   0x000116ce       0xb2 C:\SAMV71x\app\01_scheduler_\SAMV71_Xplained_Ultra\Debug\main.o
 .debug_macro   0x00011780       0xb2 C:\SAMV71x\app\01_scheduler_\SAMV71_Xplained_Ultra\Debug\main.o
 .debug_macro   0x00011832      0x112 C:\SAMV71x\app\01_scheduler_\SAMV71_Xplained_Ultra\Debug\main.o
 .debug_macro   0x00011944      0x112 C:\SAMV71x\app\01_scheduler_\SAMV71_Xplained_Ultra\Debug\main.o
 .debug_macro   0x00011a56      0x2cd C:\SAMV71x\app\01_scheduler_\SAMV71_Xplained_Ultra\Debug\main.o
 .debug_macro   0x00011d23       0xb8 C:\SAMV71x\app\01_scheduler_\SAMV71_Xplained_Ultra\Debug\main.o
 .debug_macro   0x00011ddb       0x5e C:\SAMV71x\app\01_scheduler_\SAMV71_Xplained_Ultra\Debug\main.o
 .debug_macro   0x00011e39       0x40 C:\SAMV71x\app\01_scheduler_\SAMV71_Xplained_Ultra\Debug\main.o
 .debug_macro   0x00011e79       0x4c C:\SAMV71x\app\01_scheduler_\SAMV71_Xplained_Ultra\Debug\main.o
 .debug_macro   0x00011ec5       0xa0 C:\SAMV71x\app\01_scheduler_\SAMV71_Xplained_Ultra\Debug\main.o
 .debug_macro   0x00011f65      0x494 C:\SAMV71x\app\01_scheduler_\SAMV71_Xplained_Ultra\Debug\main.o
 .debug_macro   0x000123f9      0x126 C:\SAMV71x\app\01_scheduler_\SAMV71_Xplained_Ultra\Debug\main.o
 .debug_macro   0x0001251f       0x4c C:\SAMV71x\app\01_scheduler_\SAMV71_Xplained_Ultra\Debug\main.o
 .debug_macro   0x0001256b      0x313 C:\SAMV71x\app\01_scheduler_\SAMV71_Xplained_Ultra\Debug\main.o
 .debug_macro   0x0001287e       0x6a C:\SAMV71x\app\01_scheduler_\SAMV71_Xplained_Ultra\Debug\main.o
 .debug_macro   0x000128e8       0xb8 C:\SAMV71x\app\01_scheduler_\SAMV71_Xplained_Ultra\Debug\main.o
 .debug_macro   0x000129a0       0x76 C:\SAMV71x\app\01_scheduler_\SAMV71_Xplained_Ultra\Debug\main.o
 .debug_macro   0x00012a16       0x6a C:\SAMV71x\app\01_scheduler_\SAMV71_Xplained_Ultra\Debug\main.o
 .debug_macro   0x00012a80       0x2e C:\SAMV71x\app\01_scheduler_\SAMV71_Xplained_Ultra\Debug\main.o
 .debug_macro   0x00012aae      0x9b1 C:\SAMV71x\app\01_scheduler_\SAMV71_Xplained_Ultra\Debug\main.o
 .debug_macro   0x0001345f       0x6a C:\SAMV71x\app\01_scheduler_\SAMV71_Xplained_Ultra\Debug\main.o
 .debug_macro   0x000134c9       0x88 C:\SAMV71x\app\01_scheduler_\SAMV71_Xplained_Ultra\Debug\main.o
 .debug_macro   0x00013551       0x58 C:\SAMV71x\app\01_scheduler_\SAMV71_Xplained_Ultra\Debug\main.o
 .debug_macro   0x000135a9       0xa6 C:\SAMV71x\app\01_scheduler_\SAMV71_Xplained_Ultra\Debug\main.o
 .debug_macro   0x0001364f       0x16 C:\SAMV71x\app\01_scheduler_\SAMV71_Xplained_Ultra\Debug\main.o
 .debug_macro   0x00013665       0xe2 C:\SAMV71x\app\01_scheduler_\SAMV71_Xplained_Ultra\Debug\main.o
 .debug_macro   0x00013747       0x4c C:\SAMV71x\app\01_scheduler_\SAMV71_Xplained_Ultra\Debug\main.o
 .debug_macro   0x00013793       0x16 C:\SAMV71x\app\01_scheduler_\SAMV71_Xplained_Ultra\Debug\main.o
 .debug_macro   0x000137a9       0x4c C:\SAMV71x\app\01_scheduler_\SAMV71_Xplained_Ultra\Debug\main.o
 .debug_macro   0x000137f5       0x2e C:\SAMV71x\app\01_scheduler_\SAMV71_Xplained_Ultra\Debug\main.o
 .debug_macro   0x00013823      0x19e C:\SAMV71x\app\01_scheduler_\SAMV71_Xplained_Ultra\Debug\main.o
 .debug_macro   0x000139c1      0x19e C:\SAMV71x\app\01_scheduler_\SAMV71_Xplained_Ultra\Debug\main.o
 .debug_macro   0x00013b5f      0x19e C:\SAMV71x\app\01_scheduler_\SAMV71_Xplained_Ultra\Debug\main.o
 .debug_macro   0x00013cfd      0x19e C:\SAMV71x\app\01_scheduler_\SAMV71_Xplained_Ultra\Debug\main.o
 .debug_macro   0x00013e9b      0x19e C:\SAMV71x\app\01_scheduler_\SAMV71_Xplained_Ultra\Debug\main.o
 .debug_macro   0x00014039       0x1c C:\SAMV71x\app\01_scheduler_\SAMV71_Xplained_Ultra\Debug\main.o
 .debug_macro   0x00014055       0x2e C:\SAMV71x\app\01_scheduler_\SAMV71_Xplained_Ultra\Debug\main.o
 .debug_macro   0x00014083       0x22 C:\SAMV71x\app\01_scheduler_\SAMV71_Xplained_Ultra\Debug\main.o
 .debug_macro   0x000140a5       0x1c C:\SAMV71x\app\01_scheduler_\SAMV71_Xplained_Ultra\Debug\main.o
 .debug_macro   0x000140c1       0x52 C:\SAMV71x\app\01_scheduler_\SAMV71_Xplained_Ultra\Debug\main.o
 .debug_macro   0x00014113       0x10 C:\SAMV71x\app\01_scheduler_\SAMV71_Xplained_Ultra\Debug\main.o
 .debug_macro   0x00014123       0x1c C:\SAMV71x\app\01_scheduler_\SAMV71_Xplained_Ultra\Debug\main.o
 .debug_macro   0x0001413f       0x4c C:\SAMV71x\app\01_scheduler_\SAMV71_Xplained_Ultra\Debug\main.o
 .debug_macro   0x0001418b       0x4c C:\SAMV71x\app\01_scheduler_\SAMV71_Xplained_Ultra\Debug\main.o
 .debug_macro   0x000141d7       0x4c C:\SAMV71x\app\01_scheduler_\SAMV71_Xplained_Ultra\Debug\main.o
 .debug_macro   0x00014223      0x329 C:\SAMV71x\app\01_scheduler_\SAMV71_Xplained_Ultra\Debug\main.o
 .debug_macro   0x0001454c     0x1028 C:\SAMV71x\app\01_scheduler_\SAMV71_Xplained_Ultra\Debug\main.o
 .debug_macro   0x00015574      0x107 C:\SAMV71x\app\01_scheduler_\SAMV71_Xplained_Ultra\Debug\main.o
 .debug_macro   0x0001567b      0x166 C:\SAMV71x\app\01_scheduler_\SAMV71_Xplained_Ultra\Debug\main.o
 .debug_macro   0x000157e1       0x58 C:\SAMV71x\app\01_scheduler_\SAMV71_Xplained_Ultra\Debug\main.o
 .debug_macro   0x00015839       0x35 C:\SAMV71x\app\01_scheduler_\SAMV71_Xplained_Ultra\Debug\main.o
 .debug_macro   0x0001586e       0x9c C:\SAMV71x\app\01_scheduler_\SAMV71_Xplained_Ultra\Debug\main.o
 .debug_macro   0x0001590a       0x16 C:\SAMV71x\app\01_scheduler_\SAMV71_Xplained_Ultra\Debug\main.o
 .debug_macro   0x00015920       0x35 C:\SAMV71x\app\01_scheduler_\SAMV71_Xplained_Ultra\Debug\main.o
 .debug_macro   0x00015955       0x52 C:\SAMV71x\app\01_scheduler_\SAMV71_Xplained_Ultra\Debug\main.o
 .debug_macro   0x000159a7       0x16 C:\SAMV71x\app\01_scheduler_\SAMV71_Xplained_Ultra\Debug\main.o
 .debug_macro   0x000159bd       0x43 C:\SAMV71x\app\01_scheduler_\SAMV71_Xplained_Ultra\Debug\main.o
 .debug_macro   0x00015a00      0x180 C:\SAMV71x\app\01_scheduler_\SAMV71_Xplained_Ultra\Debug\main.o
 .debug_macro   0x00015b80      0x29d C:\SAMV71x\app\01_scheduler_\SAMV71_Xplained_Ultra\Debug\main.o
 .debug_macro   0x00015e1d       0x16 C:\SAMV71x\app\01_scheduler_\SAMV71_Xplained_Ultra\Debug\main.o
 .debug_macro   0x00015e33       0x29 C:\SAMV71x\app\01_scheduler_\SAMV71_Xplained_Ultra\Debug\main.o
 .debug_macro   0x00015e5c       0x22 C:\SAMV71x\app\01_scheduler_\SAMV71_Xplained_Ultra\Debug\main.o
 .debug_macro   0x00015e7e      0x159 C:\SAMV71x\app\01_scheduler_\SAMV71_Xplained_Ultra\Debug\main.o
 .debug_macro   0x00015fd7       0x5e C:\SAMV71x\app\01_scheduler_\SAMV71_Xplained_Ultra\Debug\main.o
 .debug_macro   0x00016035       0x16 C:\SAMV71x\app\01_scheduler_\SAMV71_Xplained_Ultra\Debug\main.o
 .debug_macro   0x0001604b       0xc6 C:\SAMV71x\app\01_scheduler_\SAMV71_Xplained_Ultra\Debug\main.o
 .debug_macro   0x00016111       0x16 C:\SAMV71x\app\01_scheduler_\SAMV71_Xplained_Ultra\Debug\main.o
 .debug_macro   0x00016127       0x10 C:\SAMV71x\app\01_scheduler_\SAMV71_Xplained_Ultra\Debug\main.o
 .debug_macro   0x00016137       0xe6 C:\SAMV71x\app\01_scheduler_\SAMV71_Xplained_Ultra\Debug\main.o
 .debug_macro   0x0001621d       0x94 C:\SAMV71x\app\01_scheduler_\SAMV71_Xplained_Ultra\Debug\main.o
 .debug_macro   0x000162b1       0x97 C:\SAMV71x\app\01_scheduler_\SAMV71_Xplained_Ultra\Debug\main.o
 .debug_macro   0x00016348      0x19e C:\SAMV71x\app\01_scheduler_\SAMV71_Xplained_Ultra\Debug\main.o
 .debug_macro   0x000164e6       0x98 C:\SAMV71x\app\01_scheduler_\SAMV71_Xplained_Ultra\Debug\main.o
 .debug_macro   0x0001657e       0x34 C:\SAMV71x\app\01_scheduler_\SAMV71_Xplained_Ultra\Debug\main.o
 .debug_macro   0x000165b2       0x16 C:\SAMV71x\app\01_scheduler_\SAMV71_Xplained_Ultra\Debug\main.o
 .debug_macro   0x000165c8       0x76 C:\SAMV71x\app\01_scheduler_\SAMV71_Xplained_Ultra\Debug\main.o
 .debug_macro   0x0001663e       0x1c C:\SAMV71x\app\01_scheduler_\SAMV71_Xplained_Ultra\Debug\main.o
 .debug_macro   0x0001665a       0x3a C:\SAMV71x\app\01_scheduler_\SAMV71_Xplained_Ultra\Debug\main.o
 .debug_macro   0x00016694       0x1c C:\SAMV71x\app\01_scheduler_\SAMV71_Xplained_Ultra\Debug\main.o
 .debug_macro   0x000166b0       0x2e C:\SAMV71x\app\01_scheduler_\SAMV71_Xplained_Ultra\Debug\main.o
 .debug_macro   0x000166de       0x3a C:\SAMV71x\app\01_scheduler_\SAMV71_Xplained_Ultra\Debug\main.o
 .debug_macro   0x00016718       0x52 C:\SAMV71x\app\01_scheduler_\SAMV71_Xplained_Ultra\Debug\main.o
 .debug_macro   0x0001676a       0x22 C:\SAMV71x\app\01_scheduler_\SAMV71_Xplained_Ultra\Debug\main.o
 .debug_macro   0x0001678c       0x1c C:\SAMV71x\app\01_scheduler_\SAMV71_Xplained_Ultra\Debug\main.o
 .debug_macro   0x000167a8       0x1c C:\SAMV71x\app\01_scheduler_\SAMV71_Xplained_Ultra\Debug\main.o
 .debug_macro   0x000167c4       0x10 C:\SAMV71x\app\01_scheduler_\SAMV71_Xplained_Ultra\Debug\main.o
 .debug_macro   0x000167d4       0x10 C:\SAMV71x\app\01_scheduler_\SAMV71_Xplained_Ultra\Debug\main.o
 .debug_macro   0x000167e4       0x22 C:\SAMV71x\app\01_scheduler_\SAMV71_Xplained_Ultra\Debug\main.o
 .debug_macro   0x00016806       0xbe C:\SAMV71x\app\01_scheduler_\SAMV71_Xplained_Ultra\Debug\main.o
 .debug_macro   0x000168c4       0x16 C:\SAMV71x\app\01_scheduler_\SAMV71_Xplained_Ultra\Debug\main.o
 .debug_macro   0x000168da      0x197 C:\SAMV71x\app\01_scheduler_\SAMV71_Xplained_Ultra\Debug\main.o
 .debug_macro   0x00016a71       0x93 C:\SAMV71x\app\01_scheduler_\SAMV71_Xplained_Ultra\Debug\main.o
 .debug_macro   0x00016b04       0x2e C:\SAMV71x\app\01_scheduler_\SAMV71_Xplained_Ultra\Debug\main.o
 .debug_macro   0x00016b32       0x2e C:\SAMV71x\app\01_scheduler_\SAMV71_Xplained_Ultra\Debug\main.o
 .debug_macro   0x00016b60       0x76 C:\SAMV71x\app\01_scheduler_\SAMV71_Xplained_Ultra\Debug\main.o
 .debug_macro   0x00016bd6       0x28 C:\SAMV71x\app\01_scheduler_\SAMV71_Xplained_Ultra\Debug\main.o
 .debug_macro   0x00016bfe       0x16 C:\SAMV71x\app\01_scheduler_\SAMV71_Xplained_Ultra\Debug\main.o
 .debug_macro   0x00016c14       0x28 C:\SAMV71x\app\01_scheduler_\SAMV71_Xplained_Ultra\Debug\main.o
 .debug_macro   0x00016c3c       0x1c C:\SAMV71x\app\01_scheduler_\SAMV71_Xplained_Ultra\Debug\main.o
 .debug_macro   0x00016c58       0x16 C:\SAMV71x\app\01_scheduler_\SAMV71_Xplained_Ultra\Debug\main.o
 .debug_macro   0x00016c6e       0x16 C:\SAMV71x\app\01_scheduler_\SAMV71_Xplained_Ultra\Debug\main.o
 .debug_macro   0x00016c84       0x1c C:\SAMV71x\app\01_scheduler_\SAMV71_Xplained_Ultra\Debug\main.o
 .debug_macro   0x00016ca0       0x6f C:\SAMV71x\app\01_scheduler_\SAMV71_Xplained_Ultra\Debug\main.o
 .debug_macro   0x00016d0f       0xa0 C:\SAMV71x\app\01_scheduler_\SAMV71_Xplained_Ultra\Debug\main.o
 .debug_macro   0x00016daf       0x10 C:\SAMV71x\app\01_scheduler_\SAMV71_Xplained_Ultra\Debug\main.o
 .debug_macro   0x00016dbf      0x148 C:\SAMV71x\app\01_scheduler_\SAMV71_Xplained_Ultra\Debug\main.o
 .debug_macro   0x00016f07       0x16 C:\SAMV71x\app\01_scheduler_\SAMV71_Xplained_Ultra\Debug\main.o
 .debug_macro   0x00016f1d       0x52 C:\SAMV71x\app\01_scheduler_\SAMV71_Xplained_Ultra\Debug\main.o
 .debug_macro   0x00016f6f      0x240 C:\SAMV71x\app\01_scheduler_\SAMV71_Xplained_Ultra\Debug\main.o
 .debug_macro   0x000171af       0x34 C:\SAMV71x\app\01_scheduler_\SAMV71_Xplained_Ultra\Debug\main.o
 .debug_macro   0x000171e3      0x13c C:\SAMV71x\app\01_scheduler_\SAMV71_Xplained_Ultra\Debug\main.o
 .debug_macro   0x0001731f       0x10 C:\SAMV71x\app\01_scheduler_\SAMV71_Xplained_Ultra\Debug\main.o
 .debug_macro   0x0001732f      0x102 C:\SAMV71x\app\01_scheduler_\SAMV71_Xplained_Ultra\Debug\main.o
 .debug_macro   0x00017431       0x52 C:\SAMV71x\app\01_scheduler_\SAMV71_Xplained_Ultra\Debug\main.o
 .debug_macro   0x00017483      0x1f3 C:\SAMV71x\app\01_scheduler_\SAMV71_Xplained_Ultra\Debug\main.o
 .debug_macro   0x00017676       0x2e C:\SAMV71x\app\01_scheduler_\SAMV71_Xplained_Ultra\Debug\main.o
 .debug_macro   0x000176a4       0x16 C:\SAMV71x\app\01_scheduler_\SAMV71_Xplained_Ultra\Debug\main.o
 .debug_macro   0x000176ba       0x52 C:\SAMV71x\app\01_scheduler_\SAMV71_Xplained_Ultra\Debug\main.o
 .debug_macro   0x0001770c       0x16 C:\SAMV71x\app\01_scheduler_\SAMV71_Xplained_Ultra\Debug\main.o
 .debug_macro   0x00017722       0x10 C:\SAMV71x\app\01_scheduler_\SAMV71_Xplained_Ultra\Debug\main.o
 .debug_macro   0x00017732       0x10 C:\SAMV71x\app\01_scheduler_\SAMV71_Xplained_Ultra\Debug\main.o
 .debug_macro   0x00017742       0x10 C:\SAMV71x\app\01_scheduler_\SAMV71_Xplained_Ultra\Debug\main.o
 .debug_macro   0x00017752       0x35 C:\SAMV71x\app\01_scheduler_\SAMV71_Xplained_Ultra\Debug\main.o
 .debug_macro   0x00017787      0x122 C:\SAMV71x\app\01_scheduler_\SAMV71_Xplained_Ultra\Debug\main.o
 .debug_macro   0x000178a9      0x456 C:\SAMV71x\app\01_scheduler_\SAMV71_Xplained_Ultra\Debug\main.o
 .debug_macro   0x00017cff       0x52 C:\SAMV71x\app\01_scheduler_\SAMV71_Xplained_Ultra\Debug\main.o
 .debug_macro   0x00017d51       0x52 C:\SAMV71x\app\01_scheduler_\SAMV71_Xplained_Ultra\Debug\main.o
 .debug_macro   0x00017da3      0xdab C:\SAMV71x\app\01_scheduler_\SAMV71_Xplained_Ultra\Debug\system_sam.o
 .debug_macro   0x00018b4e     0x12db C:\SAMV71x\app\01_scheduler_\SAMV71_Xplained_Ultra\Debug\syscalls.o
 .debug_macro   0x00019e29       0x10 C:\SAMV71x\app\01_scheduler_\SAMV71_Xplained_Ultra\Debug\syscalls.o
 .debug_macro   0x00019e39      0x241 C:\SAMV71x\app\01_scheduler_\SAMV71_Xplained_Ultra\Debug\syscalls.o
 .debug_macro   0x0001a07a     0x1309 C:\SAMV71x\app\01_scheduler_\SAMV71_Xplained_Ultra\Debug\event_driven.o
 .debug_macro   0x0001b383     0x110a C:\SAMV71x\app\01_scheduler_\SAMV71_Xplained_Ultra\Debug\wdt.o
 .debug_macro   0x0001c48d     0x1118 C:\SAMV71x\app\01_scheduler_\SAMV71_Xplained_Ultra\Debug\pio_it.o
 .debug_macro   0x0001d5a5      0xeb1 C:\SAMV71x\app\01_scheduler_\SAMV71_Xplained_Ultra\Debug\app_scheduler.o
 .debug_macro   0x0001e456       0x50 C:\SAMV71x\app\01_scheduler_\SAMV71_Xplained_Ultra\Debug\app_scheduler.o
 .debug_macro   0x0001e4a6     0x12f3 C:\SAMV71x\app\01_scheduler_\SAMV71_Xplained_Ultra\Debug\app_tasks.o
 .debug_macro   0x0001f799      0xd93 C:\SAMV71x\app\01_scheduler_\SAMV71_Xplained_Ultra\Debug\startup_sam.o
 .debug_macro   0x0002052c     0x12bd C:\SAMV71x\app\01_scheduler_\SAMV71_Xplained_Ultra\Debug\board_lowlevel.o
 .debug_macro   0x000217e9     0x12f2 C:\SAMV71x\app\01_scheduler_\SAMV71_Xplained_Ultra\Debug\dbg_console.o
 .debug_macro   0x00022adb     0x12bc C:\SAMV71x\app\01_scheduler_\SAMV71_Xplained_Ultra\Debug\led.o
 .debug_macro   0x00023d97     0x111f C:\SAMV71x\app\01_scheduler_\SAMV71_Xplained_Ultra\Debug\pmc.o
 .debug_macro   0x00024eb6     0x1109 C:\SAMV71x\app\01_scheduler_\SAMV71_Xplained_Ultra\Debug\pio.o
 .debug_macro   0x00025fbf     0x110a C:\SAMV71x\app\01_scheduler_\SAMV71_Xplained_Ultra\Debug\mpu.o
 .debug_macro   0x000270c9     0x110a C:\SAMV71x\app\01_scheduler_\SAMV71_Xplained_Ultra\Debug\exceptions.o
 .debug_macro   0x000281d3      0xe89 C:\SAMV71x\app\01_scheduler_\SAMV71_Xplained_Ultra\Debug\systick.o
 .debug_macro   0x0002905c      0xe82 C:\SAMV71x\app\01_scheduler_\SAMV71_Xplained_Ultra\Debug\led_ctrl.o

.debug_line     0x00000000    0x10098
 .debug_line    0x00000000     0x10d2 C:\SAMV71x\app\01_scheduler_\SAMV71_Xplained_Ultra\Debug\main.o
 .debug_line    0x000010d2      0xac8 C:\SAMV71x\app\01_scheduler_\SAMV71_Xplained_Ultra\Debug\system_sam.o
 .debug_line    0x00001b9a     0x100e C:\SAMV71x\app\01_scheduler_\SAMV71_Xplained_Ultra\Debug\syscalls.o
 .debug_line    0x00002ba8     0x10ab C:\SAMV71x\app\01_scheduler_\SAMV71_Xplained_Ultra\Debug\event_driven.o
 .debug_line    0x00003c53      0xd7d C:\SAMV71x\app\01_scheduler_\SAMV71_Xplained_Ultra\Debug\wdt.o
 .debug_line    0x000049d0      0xed6 C:\SAMV71x\app\01_scheduler_\SAMV71_Xplained_Ultra\Debug\pio_it.o
 .debug_line    0x000058a6      0xc5c C:\SAMV71x\app\01_scheduler_\SAMV71_Xplained_Ultra\Debug\app_scheduler.o
 .debug_line    0x00006502     0x1089 C:\SAMV71x\app\01_scheduler_\SAMV71_Xplained_Ultra\Debug\app_tasks.o
 .debug_line    0x0000758b      0xa48 C:\SAMV71x\app\01_scheduler_\SAMV71_Xplained_Ultra\Debug\startup_sam.o
 .debug_line    0x00007fd3     0x101b C:\SAMV71x\app\01_scheduler_\SAMV71_Xplained_Ultra\Debug\board_lowlevel.o
 .debug_line    0x00008fee     0x115d C:\SAMV71x\app\01_scheduler_\SAMV71_Xplained_Ultra\Debug\dbg_console.o
 .debug_line    0x0000a14b      0xfd7 C:\SAMV71x\app\01_scheduler_\SAMV71_Xplained_Ultra\Debug\led.o
 .debug_line    0x0000b122      0xf24 C:\SAMV71x\app\01_scheduler_\SAMV71_Xplained_Ultra\Debug\pmc.o
 .debug_line    0x0000c046      0xe23 C:\SAMV71x\app\01_scheduler_\SAMV71_Xplained_Ultra\Debug\pio.o
 .debug_line    0x0000ce69      0xdaa C:\SAMV71x\app\01_scheduler_\SAMV71_Xplained_Ultra\Debug\mpu.o
 .debug_line    0x0000dc13      0xdd8 C:\SAMV71x\app\01_scheduler_\SAMV71_Xplained_Ultra\Debug\exceptions.o
 .debug_line    0x0000e9eb      0xb57 C:\SAMV71x\app\01_scheduler_\SAMV71_Xplained_Ultra\Debug\systick.o
 .debug_line    0x0000f542      0xb56 C:\SAMV71x\app\01_scheduler_\SAMV71_Xplained_Ultra\Debug\led_ctrl.o

.debug_str      0x00000000    0x7e07e
 .debug_str     0x00000000    0x7b462 C:\SAMV71x\app\01_scheduler_\SAMV71_Xplained_Ultra\Debug\main.o
                              0x7ba05 (size before relaxing)
 .debug_str     0x0007b462      0x3eb C:\SAMV71x\app\01_scheduler_\SAMV71_Xplained_Ultra\Debug\system_sam.o
                              0x6e200 (size before relaxing)
 .debug_str     0x0007b84d      0x600 C:\SAMV71x\app\01_scheduler_\SAMV71_Xplained_Ultra\Debug\syscalls.o
                              0x7ba5d (size before relaxing)
 .debug_str     0x0007be4d      0x741 C:\SAMV71x\app\01_scheduler_\SAMV71_Xplained_Ultra\Debug\event_driven.o
                              0x7bea1 (size before relaxing)
 .debug_str     0x0007c58e       0xa2 C:\SAMV71x\app\01_scheduler_\SAMV71_Xplained_Ultra\Debug\wdt.o
                              0x75d11 (size before relaxing)
 .debug_str     0x0007c630      0x17a C:\SAMV71x\app\01_scheduler_\SAMV71_Xplained_Ultra\Debug\pio_it.o
                              0x7660f (size before relaxing)
 .debug_str     0x0007c7aa      0x26b C:\SAMV71x\app\01_scheduler_\SAMV71_Xplained_Ultra\Debug\app_scheduler.o
                              0x71357 (size before relaxing)
 .debug_str     0x0007ca15       0xbd C:\SAMV71x\app\01_scheduler_\SAMV71_Xplained_Ultra\Debug\app_tasks.o
                              0x7bb02 (size before relaxing)
 .debug_str     0x0007cad2      0x630 C:\SAMV71x\app\01_scheduler_\SAMV71_Xplained_Ultra\Debug\startup_sam.o
                              0x6e61d (size before relaxing)
 .debug_str     0x0007d102       0x7d C:\SAMV71x\app\01_scheduler_\SAMV71_Xplained_Ultra\Debug\board_lowlevel.o
                              0x7b63a (size before relaxing)
 .debug_str     0x0007d17f      0x7a9 C:\SAMV71x\app\01_scheduler_\SAMV71_Xplained_Ultra\Debug\dbg_console.o
                              0x7bf70 (size before relaxing)
 .debug_str     0x0007d928       0x70 C:\SAMV71x\app\01_scheduler_\SAMV71_Xplained_Ultra\Debug\led.o
                              0x7b7da (size before relaxing)
 .debug_str     0x0007d998      0x287 C:\SAMV71x\app\01_scheduler_\SAMV71_Xplained_Ultra\Debug\pmc.o
                              0x760e4 (size before relaxing)
 .debug_str     0x0007dc1f      0x188 C:\SAMV71x\app\01_scheduler_\SAMV71_Xplained_Ultra\Debug\pio.o
                              0x7612e (size before relaxing)
 .debug_str     0x0007dda7      0x13c C:\SAMV71x\app\01_scheduler_\SAMV71_Xplained_Ultra\Debug\mpu.o
                              0x75de8 (size before relaxing)
 .debug_str     0x0007dee3       0x4c C:\SAMV71x\app\01_scheduler_\SAMV71_Xplained_Ultra\Debug\exceptions.o
                              0x75e8f (size before relaxing)
 .debug_str     0x0007df2f       0xa2 C:\SAMV71x\app\01_scheduler_\SAMV71_Xplained_Ultra\Debug\systick.o
                              0x714dc (size before relaxing)
 .debug_str     0x0007dfd1       0xad C:\SAMV71x\app\01_scheduler_\SAMV71_Xplained_Ultra\Debug\led_ctrl.o
                              0x70d9c (size before relaxing)

.comment        0x00000000       0x70
 .comment       0x00000000       0x70 C:\SAMV71x\app\01_scheduler_\SAMV71_Xplained_Ultra\Debug\main.o
                                 0x71 (size before relaxing)
 .comment       0x00000000       0x71 C:\SAMV71x\app\01_scheduler_\SAMV71_Xplained_Ultra\Debug\system_sam.o
 .comment       0x00000000       0x71 C:\SAMV71x\app\01_scheduler_\SAMV71_Xplained_Ultra\Debug\syscalls.o
 .comment       0x00000000       0x71 C:\SAMV71x\app\01_scheduler_\SAMV71_Xplained_Ultra\Debug\event_driven.o
 .comment       0x00000000       0x71 C:\SAMV71x\app\01_scheduler_\SAMV71_Xplained_Ultra\Debug\wdt.o
 .comment       0x00000000       0x71 C:\SAMV71x\app\01_scheduler_\SAMV71_Xplained_Ultra\Debug\pio_it.o
 .comment       0x00000000       0x71 C:\SAMV71x\app\01_scheduler_\SAMV71_Xplained_Ultra\Debug\app_scheduler.o
 .comment       0x00000000       0x71 C:\SAMV71x\app\01_scheduler_\SAMV71_Xplained_Ultra\Debug\app_tasks.o
 .comment       0x00000000       0x71 C:\SAMV71x\app\01_scheduler_\SAMV71_Xplained_Ultra\Debug\startup_sam.o
 .comment       0x00000000       0x71 C:\SAMV71x\app\01_scheduler_\SAMV71_Xplained_Ultra\Debug\board_lowlevel.o
 .comment       0x00000000       0x71 C:\SAMV71x\app\01_scheduler_\SAMV71_Xplained_Ultra\Debug\dbg_console.o
 .comment       0x00000000       0x71 C:\SAMV71x\app\01_scheduler_\SAMV71_Xplained_Ultra\Debug\led.o
 .comment       0x00000000       0x71 C:\SAMV71x\app\01_scheduler_\SAMV71_Xplained_Ultra\Debug\pmc.o
 .comment       0x00000000       0x71 C:\SAMV71x\app\01_scheduler_\SAMV71_Xplained_Ultra\Debug\pio.o
 .comment       0x00000000       0x71 C:\SAMV71x\app\01_scheduler_\SAMV71_Xplained_Ultra\Debug\mpu.o
 .comment       0x00000000       0x71 C:\SAMV71x\app\01_scheduler_\SAMV71_Xplained_Ultra\Debug\exceptions.o
 .comment       0x00000000       0x71 C:\SAMV71x\app\01_scheduler_\SAMV71_Xplained_Ultra\Debug\systick.o
 .comment       0x00000000       0x71 C:\SAMV71x\app\01_scheduler_\SAMV71_Xplained_Ultra\Debug\led_ctrl.o

.ARM.attributes
                0x00000000       0x35
 .ARM.attributes
                0x00000000       0x37 C:\SAMV71x\app\01_scheduler_\SAMV71_Xplained_Ultra\Debug\main.o
 .ARM.attributes
                0x00000037       0x37 C:\SAMV71x\app\01_scheduler_\SAMV71_Xplained_Ultra\Debug\system_sam.o
 .ARM.attributes
                0x0000006e       0x37 C:\SAMV71x\app\01_scheduler_\SAMV71_Xplained_Ultra\Debug\syscalls.o
 .ARM.attributes
                0x000000a5       0x37 C:\SAMV71x\app\01_scheduler_\SAMV71_Xplained_Ultra\Debug\event_driven.o
 .ARM.attributes
                0x000000dc       0x37 C:\SAMV71x\app\01_scheduler_\SAMV71_Xplained_Ultra\Debug\wdt.o
 .ARM.attributes
                0x00000113       0x37 C:\SAMV71x\app\01_scheduler_\SAMV71_Xplained_Ultra\Debug\pio_it.o
 .ARM.attributes
                0x0000014a       0x37 C:\SAMV71x\app\01_scheduler_\SAMV71_Xplained_Ultra\Debug\app_scheduler.o
 .ARM.attributes
                0x00000181       0x37 C:\SAMV71x\app\01_scheduler_\SAMV71_Xplained_Ultra\Debug\app_tasks.o
 .ARM.attributes
                0x000001b8       0x37 C:\SAMV71x\app\01_scheduler_\SAMV71_Xplained_Ultra\Debug\startup_sam.o
 .ARM.attributes
                0x000001ef       0x37 C:\SAMV71x\app\01_scheduler_\SAMV71_Xplained_Ultra\Debug\board_lowlevel.o
 .ARM.attributes
                0x00000226       0x37 C:\SAMV71x\app\01_scheduler_\SAMV71_Xplained_Ultra\Debug\dbg_console.o
 .ARM.attributes
                0x0000025d       0x37 C:\SAMV71x\app\01_scheduler_\SAMV71_Xplained_Ultra\Debug\led.o
 .ARM.attributes
                0x00000294       0x37 C:\SAMV71x\app\01_scheduler_\SAMV71_Xplained_Ultra\Debug\pmc.o
 .ARM.attributes
                0x000002cb       0x37 C:\SAMV71x\app\01_scheduler_\SAMV71_Xplained_Ultra\Debug\pio.o
 .ARM.attributes
                0x00000302       0x37 C:\SAMV71x\app\01_scheduler_\SAMV71_Xplained_Ultra\Debug\mpu.o
 .ARM.attributes
                0x00000339       0x37 C:\SAMV71x\app\01_scheduler_\SAMV71_Xplained_Ultra\Debug\exceptions.o
 .ARM.attributes
                0x00000370       0x37 C:\SAMV71x\app\01_scheduler_\SAMV71_Xplained_Ultra\Debug\systick.o
 .ARM.attributes
                0x000003a7       0x37 C:\SAMV71x\app\01_scheduler_\SAMV71_Xplained_Ultra\Debug\led_ctrl.o
 .ARM.attributes
                0x000003de       0x33 c:/isystem/winidea9/gcc/arm/bin/../lib/gcc/arm-none-eabi/4.9.3/../../../../arm-none-eabi/lib/cortex-m7\libc.a(lib_a-assert.o)
 .ARM.attributes
                0x00000411       0x33 c:/isystem/winidea9/gcc/arm/bin/../lib/gcc/arm-none-eabi/4.9.3/../../../../arm-none-eabi/lib/cortex-m7\libc.a(lib_a-fiprintf.o)
 .ARM.attributes
                0x00000444       0x33 c:/isystem/winidea9/gcc/arm/bin/../lib/gcc/arm-none-eabi/4.9.3/../../../../arm-none-eabi/lib/cortex-m7\libc.a(lib_a-impure.o)
 .ARM.attributes
                0x00000477       0x33 c:/isystem/winidea9/gcc/arm/bin/../lib/gcc/arm-none-eabi/4.9.3/../../../../arm-none-eabi/lib/cortex-m7\libc.a(lib_a-printf.o)
 .ARM.attributes
                0x000004aa       0x33 c:/isystem/winidea9/gcc/arm/bin/../lib/gcc/arm-none-eabi/4.9.3/../../../../arm-none-eabi/lib/cortex-m7\libc.a(lib_a-putchar.o)
 .ARM.attributes
                0x000004dd       0x33 c:/isystem/winidea9/gcc/arm/bin/../lib/gcc/arm-none-eabi/4.9.3/../../../../arm-none-eabi/lib/cortex-m7\libc.a(lib_a-setvbuf.o)
 .ARM.attributes
                0x00000510       0x33 c:/isystem/winidea9/gcc/arm/bin/../lib/gcc/arm-none-eabi/4.9.3/../../../../arm-none-eabi/lib/cortex-m7\libc.a(lib_a-vfiprintf.o)
 .ARM.attributes
                0x00000543       0x33 c:/isystem/winidea9/gcc/arm/bin/../lib/gcc/arm-none-eabi/4.9.3/../../../../arm-none-eabi/lib/cortex-m7\libc.a(lib_a-vfprintf.o)
 .ARM.attributes
                0x00000576       0x33 c:/isystem/winidea9/gcc/arm/bin/../lib/gcc/arm-none-eabi/4.9.3/../../../../arm-none-eabi/lib/cortex-m7\libc.a(lib_a-wsetup.o)
 .ARM.attributes
                0x000005a9       0x33 c:/isystem/winidea9/gcc/arm/bin/../lib/gcc/arm-none-eabi/4.9.3/../../../../arm-none-eabi/lib/cortex-m7\libc.a(lib_a-abort.o)
 .ARM.attributes
                0x000005dc       0x33 c:/isystem/winidea9/gcc/arm/bin/../lib/gcc/arm-none-eabi/4.9.3/../../../../arm-none-eabi/lib/cortex-m7\libc.a(lib_a-dtoa.o)
 .ARM.attributes
                0x0000060f       0x33 c:/isystem/winidea9/gcc/arm/bin/../lib/gcc/arm-none-eabi/4.9.3/../../../../arm-none-eabi/lib/cortex-m7\libc.a(lib_a-fflush.o)
 .ARM.attributes
                0x00000642       0x33 c:/isystem/winidea9/gcc/arm/bin/../lib/gcc/arm-none-eabi/4.9.3/../../../../arm-none-eabi/lib/cortex-m7\libc.a(lib_a-findfp.o)
 .ARM.attributes
                0x00000675       0x33 c:/isystem/winidea9/gcc/arm/bin/../lib/gcc/arm-none-eabi/4.9.3/../../../../arm-none-eabi/lib/cortex-m7\libc.a(lib_a-fputwc.o)
 .ARM.attributes
                0x000006a8       0x33 c:/isystem/winidea9/gcc/arm/bin/../lib/gcc/arm-none-eabi/4.9.3/../../../../arm-none-eabi/lib/cortex-m7\libc.a(lib_a-freer.o)
 .ARM.attributes
                0x000006db       0x33 c:/isystem/winidea9/gcc/arm/bin/../lib/gcc/arm-none-eabi/4.9.3/../../../../arm-none-eabi/lib/cortex-m7\libc.a(lib_a-fvwrite.o)
 .ARM.attributes
                0x0000070e       0x33 c:/isystem/winidea9/gcc/arm/bin/../lib/gcc/arm-none-eabi/4.9.3/../../../../arm-none-eabi/lib/cortex-m7\libc.a(lib_a-fwalk.o)
 .ARM.attributes
                0x00000741       0x33 c:/isystem/winidea9/gcc/arm/bin/../lib/gcc/arm-none-eabi/4.9.3/../../../../arm-none-eabi/lib/cortex-m7\libc.a(lib_a-locale.o)
 .ARM.attributes
                0x00000774       0x33 c:/isystem/winidea9/gcc/arm/bin/../lib/gcc/arm-none-eabi/4.9.3/../../../../arm-none-eabi/lib/cortex-m7\libc.a(lib_a-makebuf.o)
 .ARM.attributes
                0x000007a7       0x33 c:/isystem/winidea9/gcc/arm/bin/../lib/gcc/arm-none-eabi/4.9.3/../../../../arm-none-eabi/lib/cortex-m7\libc.a(lib_a-malloc.o)
 .ARM.attributes
                0x000007da       0x33 c:/isystem/winidea9/gcc/arm/bin/../lib/gcc/arm-none-eabi/4.9.3/../../../../arm-none-eabi/lib/cortex-m7\libc.a(lib_a-mallocr.o)
 .ARM.attributes
                0x0000080d       0x33 c:/isystem/winidea9/gcc/arm/bin/../lib/gcc/arm-none-eabi/4.9.3/../../../../arm-none-eabi/lib/cortex-m7\libc.a(lib_a-memchr.o)
 .ARM.attributes
                0x00000840       0x21 c:/isystem/winidea9/gcc/arm/bin/../lib/gcc/arm-none-eabi/4.9.3/../../../../arm-none-eabi/lib/cortex-m7\libc.a(lib_a-memcpy.o)
 .ARM.attributes
                0x00000861       0x33 c:/isystem/winidea9/gcc/arm/bin/../lib/gcc/arm-none-eabi/4.9.3/../../../../arm-none-eabi/lib/cortex-m7\libc.a(lib_a-memmove.o)
 .ARM.attributes
                0x00000894       0x33 c:/isystem/winidea9/gcc/arm/bin/../lib/gcc/arm-none-eabi/4.9.3/../../../../arm-none-eabi/lib/cortex-m7\libc.a(lib_a-memset.o)
 .ARM.attributes
                0x000008c7       0x33 c:/isystem/winidea9/gcc/arm/bin/../lib/gcc/arm-none-eabi/4.9.3/../../../../arm-none-eabi/lib/cortex-m7\libc.a(lib_a-mlock.o)
 .ARM.attributes
                0x000008fa       0x33 c:/isystem/winidea9/gcc/arm/bin/../lib/gcc/arm-none-eabi/4.9.3/../../../../arm-none-eabi/lib/cortex-m7\libc.a(lib_a-mprec.o)
 .ARM.attributes
                0x0000092d       0x33 c:/isystem/winidea9/gcc/arm/bin/../lib/gcc/arm-none-eabi/4.9.3/../../../../arm-none-eabi/lib/cortex-m7\libc.a(lib_a-putc.o)
 .ARM.attributes
                0x00000960       0x33 c:/isystem/winidea9/gcc/arm/bin/../lib/gcc/arm-none-eabi/4.9.3/../../../../arm-none-eabi/lib/cortex-m7\libc.a(lib_a-reallocr.o)
 .ARM.attributes
                0x00000993       0x33 c:/isystem/winidea9/gcc/arm/bin/../lib/gcc/arm-none-eabi/4.9.3/../../../../arm-none-eabi/lib/cortex-m7\libc.a(lib_a-s_fpclassify.o)
 .ARM.attributes
                0x000009c6       0x33 c:/isystem/winidea9/gcc/arm/bin/../lib/gcc/arm-none-eabi/4.9.3/../../../../arm-none-eabi/lib/cortex-m7\libc.a(lib_a-sbrkr.o)
 .ARM.attributes
                0x000009f9       0x33 c:/isystem/winidea9/gcc/arm/bin/../lib/gcc/arm-none-eabi/4.9.3/../../../../arm-none-eabi/lib/cortex-m7\libc.a(lib_a-signal.o)
 .ARM.attributes
                0x00000a2c       0x33 c:/isystem/winidea9/gcc/arm/bin/../lib/gcc/arm-none-eabi/4.9.3/../../../../arm-none-eabi/lib/cortex-m7\libc.a(lib_a-signalr.o)
 .ARM.attributes
                0x00000a5f       0x33 c:/isystem/winidea9/gcc/arm/bin/../lib/gcc/arm-none-eabi/4.9.3/../../../../arm-none-eabi/lib/cortex-m7\libc.a(lib_a-stdio.o)
 .ARM.attributes
                0x00000a92       0x33 c:/isystem/winidea9/gcc/arm/bin/../lib/gcc/arm-none-eabi/4.9.3/../../../../arm-none-eabi/lib/cortex-m7\libc.a(lib_a-strlen.o)
 .ARM.attributes
                0x00000ac5       0x33 c:/isystem/winidea9/gcc/arm/bin/../lib/gcc/arm-none-eabi/4.9.3/../../../../arm-none-eabi/lib/cortex-m7\libc.a(lib_a-wbuf.o)
 .ARM.attributes
                0x00000af8       0x33 c:/isystem/winidea9/gcc/arm/bin/../lib/gcc/arm-none-eabi/4.9.3/../../../../arm-none-eabi/lib/cortex-m7\libc.a(lib_a-wcrtomb.o)
 .ARM.attributes
                0x00000b2b       0x33 c:/isystem/winidea9/gcc/arm/bin/../lib/gcc/arm-none-eabi/4.9.3/../../../../arm-none-eabi/lib/cortex-m7\libc.a(lib_a-wctomb_r.o)
 .ARM.attributes
                0x00000b5e       0x33 c:/isystem/winidea9/gcc/arm/bin/../lib/gcc/arm-none-eabi/4.9.3/../../../../arm-none-eabi/lib/cortex-m7\libc.a(lib_a-writer.o)
 .ARM.attributes
                0x00000b91       0x33 c:/isystem/winidea9/gcc/arm/bin/../lib/gcc/arm-none-eabi/4.9.3/../../../../arm-none-eabi/lib/cortex-m7\libc.a(lib_a-callocr.o)
 .ARM.attributes
                0x00000bc4       0x33 c:/isystem/winidea9/gcc/arm/bin/../lib/gcc/arm-none-eabi/4.9.3/../../../../arm-none-eabi/lib/cortex-m7\libc.a(lib_a-closer.o)
 .ARM.attributes
                0x00000bf7       0x33 c:/isystem/winidea9/gcc/arm/bin/../lib/gcc/arm-none-eabi/4.9.3/../../../../arm-none-eabi/lib/cortex-m7\libc.a(lib_a-fclose.o)
 .ARM.attributes
                0x00000c2a       0x33 c:/isystem/winidea9/gcc/arm/bin/../lib/gcc/arm-none-eabi/4.9.3/../../../../arm-none-eabi/lib/cortex-m7\libc.a(lib_a-fstatr.o)
 .ARM.attributes
                0x00000c5d       0x33 c:/isystem/winidea9/gcc/arm/bin/../lib/gcc/arm-none-eabi/4.9.3/../../../../arm-none-eabi/lib/cortex-m7\libc.a(lib_a-isattyr.o)
 .ARM.attributes
                0x00000c90       0x33 c:/isystem/winidea9/gcc/arm/bin/../lib/gcc/arm-none-eabi/4.9.3/../../../../arm-none-eabi/lib/cortex-m7\libc.a(lib_a-lseekr.o)
 .ARM.attributes
                0x00000cc3       0x33 c:/isystem/winidea9/gcc/arm/bin/../lib/gcc/arm-none-eabi/4.9.3/../../../../arm-none-eabi/lib/cortex-m7\libc.a(lib_a-readr.o)
 .ARM.attributes
                0x00000cf6       0x33 c:/isystem/winidea9/gcc/arm/bin/../lib/gcc/arm-none-eabi/4.9.3/../../../../arm-none-eabi/lib/cortex-m7\libc.a(lib_a-reent.o)
 .ARM.attributes
                0x00000d29       0x23 c:/isystem/winidea9/gcc/arm/bin/../lib/gcc/arm-none-eabi/4.9.3/cortex-m7\libgcc.a(_arm_addsubdf3.o)
 .ARM.attributes
                0x00000d4c       0x23 c:/isystem/winidea9/gcc/arm/bin/../lib/gcc/arm-none-eabi/4.9.3/cortex-m7\libgcc.a(_arm_muldivdf3.o)
 .ARM.attributes
                0x00000d6f       0x23 c:/isystem/winidea9/gcc/arm/bin/../lib/gcc/arm-none-eabi/4.9.3/cortex-m7\libgcc.a(_arm_cmpdf2.o)
 .ARM.attributes